Microchip MPLAB XC8 Compiler V1.35 ()

Linker command line:

--edf=C:\Program Files (x86)\Microchip\xc8\v1.35\dat\en_msgs.txt -cs \
  -h+dist/default/production\PYR_S_1_NEW.X.production.sym \
  --cmf=dist/default/production\PYR_S_1_NEW.X.production.cmf -z -Q18F44K22 \
  -oC:\Users\Lucas\AppData\Local\Temp\s9os.2 \
  -Mdist/default/production/PYR_S_1_NEW.X.production.map -E1 -ver=XC8 \
  -ASTACK=060h-02ffh -pstack=STACK -ACODE=00h-03FFFh -ACONST=00h-03FFFh \
  -ASMALLCONST=0300h-03FFhx61 -AMEDIUMCONST=0300h-03FFFh -ACOMRAM=01h-05Fh \
  -AABS1=00h-02FFh -ABIGRAM=01h-02FFh -ARAM=060h-0FFh,0100h-01FFhx2 \
  -ABANK0=060h-0FFh -ABANK1=0100h-01FFh -ABANK2=0200h-02FFh \
  -ASFR=0F38h-0F5Fh,0F60h-0FFFh \
  -preset_vec=00h,intcode=08h,intcodelo,powerup,init,end_init \
  -pramtop=0300h -psmallconst=SMALLCONST -pmediumconst=MEDIUMCONST \
  -pconst=CONST -AFARRAM=00h-00h -ACONFIG=0300000h-030000Dh -pconfig=CONFIG \
  -AIDLOC=0200000h-0200007h -pidloc=IDLOC -AEEDATA=0F00000h-0F000FFh \
  -peeprom_data=EEDATA \
  -prdata=COMRAM,nvrram=COMRAM,nvbit=COMRAM,rbss=COMRAM,rbit=COMRAM \
  -pfarbss=FARRAM,fardata=FARRAM,nvFARRAM=FARRAM \
  -pintsave_regs=BIGRAM,bigbss=BIGRAM,bigdata=BIGRAM -pbss=RAM \
  -pidata=CODE,irdata=CODE,ibigdata=CODE,ifardata=CODE -prparam=COMRAM \
  C:\Users\Lucas\AppData\Local\Temp\s9os.obj \
  dist/default/production\PYR_S_1_NEW.X.production.obj 

Object code version is 3.11

Machine type is 18F44K22

Call graph: (short form)




                Name                               Link     Load   Length Selector   Space Scale
C:\Users\Lucas\AppData\Local\Temp\s9os.obj
                end_init                             DE       DE        4        4       0
                reset_vec                             0        0        4        0       0
                idloc                            200000   200000        8   200000       0
                config                           300000   300000        E   300000       0
dist/default/production\PYR_S_1_NEW.X.production.obj
                intcode                               8        8       D6        4       0
                temp                                 27       27        1        1       1
                text17                              508      508       16        4       0
                text16                              3CE      3CE       46        4       0
                text15                               E2       E2      222        4       0
                text14                              4C0      4C0       1C        4       0
                text13                              52E      52E        E        4       0
                text11                              304      304       7C        4       0
                text10                              380      380       4E        4       0
                text9                               54C      54C        2        4       0
                text8                               466      466       20        4       0
                text7                               53C      53C        A        4       0
                text6                               442      442       24        4       0
                text5                               546      546        6        4       0
                text4                               4F2      4F2       16        4       0
                text3                               4A4      4A4       1C        4       0
                text2                               4DC      4DC       16        4       0
                text1                               486      486       1E        4       0
                text0                               51E      51E       10        4       0
                cstackCOMRAM                          1        1       15        1       1
                dataCOMRAM                           26       26        1        1       1
                bssCOMRAM                            16       16        F        1       1
                bitbssCOMRAM                        128       25        2        1       1     8
                cinit                               414      414       2E        4       0
                idataCOMRAM                         54E      54E        1        4       0

TOTAL           Name                               Link     Load   Length     Space
        CLASS   STACK          

        CLASS   CODE           
                end_init                             DE       DE        4         0
                intcode                               8        8       D6         0
                reset_vec                             0        0        4         0
                text17                              508      508       16         0
                text16                              3CE      3CE       46         0
                text15                               E2       E2      222         0
                text14                              4C0      4C0       1C         0
                text13                              52E      52E        E         0
                text11                              304      304       7C         0
                text10                              380      380       4E         0
                text9                               54C      54C        2         0
                text8                               466      466       20         0
                text7                               53C      53C        A         0
                text6                               442      442       24         0
                text5                               546      546        6         0
                text4                               4F2      4F2       16         0
                text3                               4A4      4A4       1C         0
                text2                               4DC      4DC       16         0
                text1                               486      486       1E         0
                text0                               51E      51E       10         0
                cinit                               414      414       2E         0
                idataCOMRAM                         54E      54E        1         0

        CLASS   CONST          

        CLASS   SMALLCONST     

        CLASS   MEDIUMCONST    

        CLASS   COMRAM         
                temp                                 27       27        1         1
                cstackCOMRAM                          1        1       15         1
                dataCOMRAM                           26       26        1         1
                bssCOMRAM                            16       16        F         1
                bitbssCOMRAM                        128       25        2         1

        CLASS   ABS1           

        CLASS   BIGRAM         

        CLASS   RAM            

        CLASS   BANK0          

        CLASS   BANK1          

        CLASS   BANK2          

        CLASS   SFR            

        CLASS   FARRAM         

        CLASS   CONFIG         
                config                           300000   300000        E         0

        CLASS   IDLOC          
                idloc                            200000   200000        8         0

        CLASS   EEDATA         



SEGMENTS        Name                           Load    Length   Top    Selector   Space  Class

                reset_vec                      000000  000004  000004         0       0  CODE    
                cstackCOMRAM                   000001  000027  000028         1       1  COMRAM  
                intcode                        000008  000547  00054F         4       0  CODE    
                idloc                          200000  000008  200008    200000       0  IDLOC   
                config                         300000  00000E  30000E    300000       0  CONFIG  


UNUSED ADDRESS RANGES

        Name                Unused          Largest block    Delta
        BANK0            000060-0000FF               A0
        BANK1            000100-0001FF              100
        BANK2            000200-0002FF              100
        BIGRAM           000028-0002FF              2D8
        CODE             000004-000007                4
                         00054F-003FFF             3AB1
        COMRAM           000028-00005F               38
        CONST            000004-000007                4
                         00054F-003FFF             3AB1
        EEDATA           F00000-F000FF              100
        MEDIUMCONST      00054F-003FFF             3AB1
        RAM              000060-0002FF              100
        SFR              000F38-000FFF               28
        SMALLCONST       00054F-003FFF              100
        STACK            000060-0002FF              2A0

                                  Symbol Table

Check_Ignition@c             cstackCOMRAM 000015
Ignite_Port@ignite_number    cstackCOMRAM 000013
InitMiscellaneos@c           cstackCOMRAM 000013
Transmit@con_status          cstackCOMRAM 000003
Transmit@operation           cstackCOMRAM 000001
Transmit@port                cstackCOMRAM 000002
Transmit@receiver            cstackCOMRAM 000004
_ADCON0                      (abs)        000FC2
_ADCON1                      (abs)        000FC1
_ADCON2                      (abs)        000FC0
_ANSELA                      (abs)        000F38
_ANSELB                      (abs)        000F39
_ANSELC                      (abs)        000F3A
_ANSELD                      (abs)        000F3B
_ANSELE                      (abs)        000F3C
_BAUDCON1bits                (abs)        000FB8
_Check_Ignition              text10       000380
_Check_Power                 text9        00054C
_Evaluate_Reception          text14       0004C0
_INTCONbits                  (abs)        000FF2
_Ignite_Port                 text11       000304
_Init                        text1        000486
_InitAnsel                   text8        000466
_InitInterrupt               text7        00053C
_InitMiscellaneos            text6        000442
_InitMiscellaneous           text5        000546
_InitPort                    text4        0004F2
_InitTransmission            text3        0004A4
_InitTris                    text2        0004DC
_Isr                         intcode      000008
_Mark_Ignite                 text17       000508
_Marker                      bssCOMRAM    000016
_OSCCON                      (abs)        000FD3
_PIE1bits                    (abs)        000F9D
_PIR1bits                    (abs)        000F9E
_PORTA                       (abs)        000F80
_PORTAbits                   (abs)        000F80
_PORTB                       (abs)        000F81
_PORTBbits                   (abs)        000F81
_PORTC                       (abs)        000F82
_PORTCbits                   (abs)        000F82
_PORTD                       (abs)        000F83
_PORTDbits                   (abs)        000F83
_PORTE                       (abs)        000F84
_PORTEbits                   (abs)        000F84
_RCREG1                      (abs)        000FAE
_RCSTA1bits                  (abs)        000FAB
_Receive                     text13       00052E
_SPBRG1                      (abs)        000FAF
_TRISA                       (abs)        000F92
_TRISB                       (abs)        000F93
_TRISC                       (abs)        000F94
_TRISCbits                   (abs)        000F94
_TRISD                       (abs)        000F95
_TRISE                       (abs)        000F96
_TXREG1                      (abs)        000FAD
_TXSTA1bits                  (abs)        000FAC
_Test_Port                   text15       0000E2
_Transmit                    text16       0003CE
_VREFCON0bits                (abs)        000F42
__CFG_BOREN$OFF              (abs)        000000
__CFG_BORV$190               (abs)        000000
__CFG_CCP2MX$PORTC1          (abs)        000000
__CFG_CCP3MX$PORTB5          (abs)        000000
__CFG_CP0$OFF                (abs)        000000
__CFG_CP1$OFF                (abs)        000000
__CFG_CPB$OFF                (abs)        000000
__CFG_CPD$OFF                (abs)        000000
__CFG_EBTR0$OFF              (abs)        000000
__CFG_EBTR1$OFF              (abs)        000000
__CFG_EBTRB$OFF              (abs)        000000
__CFG_FCMEN$OFF              (abs)        000000
__CFG_FOSC$INTIO67           (abs)        000000
__CFG_HFOFST$OFF             (abs)        000000
__CFG_IESO$OFF               (abs)        000000
__CFG_LVP$OFF                (abs)        000000
__CFG_MCLRE$EXTMCLR          (abs)        000000
__CFG_P2BMX$PORTD2           (abs)        000000
__CFG_PBADEN$OFF             (abs)        000000
__CFG_PLLCFG$OFF             (abs)        000000
__CFG_PRICLKEN$OFF           (abs)        000000
__CFG_PWRTEN$OFF             (abs)        000000
__CFG_STVREN$OFF             (abs)        000000
__CFG_T3CMX$PORTC0           (abs)        000000
__CFG_WDTEN$OFF              (abs)        000000
__CFG_WDTPS$32768            (abs)        000000
__CFG_WRT0$OFF               (abs)        000000
__CFG_WRT1$OFF               (abs)        000000
__CFG_WRTB$OFF               (abs)        000000
__CFG_WRTC$OFF               (abs)        000000
__CFG_WRTD$OFF               (abs)        000000
__CFG_XINST$OFF              (abs)        000000
__HRAM                       (abs)        000000
__Habs1                      abs1         000000
__Hbank0                     bank0        000000
__Hbank1                     bank1        000000
__Hbank2                     bank2        000000
__Hbigbss                    bigbss       000000
__Hbigdata                   bigdata      000000
__Hbigram                    bigram       000000
__HbitbssCOMRAM              bitbssCOMRAM 000000
__Hbss                       bss          000000
__HbssCOMRAM                 bssCOMRAM    000000
__Hcinit                     cinit        000000
__Hclrtext                   clrtext      000000
__Hcomram                    comram       000000
__Hconfig                    config       30000E
__Hconst                     const        000000
__HcstackCOMRAM              cstackCOMRAM 000000
__Hdata                      data         000000
__HdataCOMRAM                dataCOMRAM   000000
__Heeprom_data               eeprom_data  000000
__Hend_init                  end_init     0000E2
__Hfarbss                    farbss       000000
__Hfardata                   fardata      000000
__Hibigdata                  ibigdata     000000
__Hidata                     idata        000000
__HidataCOMRAM               idataCOMRAM  000000
__Hidloc                     idloc        200008
__Hifardata                  ifardata     000000
__Hinit                      init         0000DE
__Hintcode                   intcode      0000DE
__Hintcode_body              intcode_body 000000
__Hintcodelo                 intcodelo    0000DE
__Hintentry                  intentry     000000
__Hintret                    intret       000000
__Hintsave_regs              intsave_regs 000000
__Hirdata                    irdata       000000
__Hmediumconst               mediumconst  000000
__HnvFARRAM                  nvFARRAM     000000
__Hnvbit                     nvbit        000000
__Hnvrram                    nvrram       000000
__Hparam                     rparam       000000
__Hpowerup                   powerup      0000DE
__Hram                       ram          000000
__Hramtop                    ramtop       000300
__Hrbit                      rbit         000000
__Hrbss                      rbss         000000
__Hrdata                     rdata        000000
__Hreset_vec                 reset_vec    000004
__Hrparam                    rparam       000000
__Hsfr                       sfr          000000
__Hsmallconst                smallconst   000000
__Hspace_0                   (abs)        30000E
__Hspace_1                   (abs)        00012A
__Hspace_2                   (abs)        000000
__Hstack                     stack        000000
__Hstruct                    struct       000000
__Htemp                      temp         000028
__Htext                      text         000000
__Htext0                     text0        000000
__Htext1                     text1        000000
__Htext10                    text10       000000
__Htext11                    text11       000000
__Htext13                    text13       000000
__Htext14                    text14       000000
__Htext15                    text15       000000
__Htext16                    text16       000000
__Htext17                    text17       000000
__Htext2                     text2        000000
__Htext3                     text3        000000
__Htext4                     text4        000000
__Htext5                     text5        000000
__Htext6                     text6        000000
__Htext7                     text7        000000
__Htext8                     text8        000000
__Htext9                     text9        000000
__LRAM                       (abs)        000001
__Labs1                      abs1         000000
__Lbank0                     bank0        000000
__Lbank1                     bank1        000000
__Lbank2                     bank2        000000
__Lbigbss                    bigbss       000000
__Lbigdata                   bigdata      000000
__Lbigram                    bigram       000000
__LbitbssCOMRAM              bitbssCOMRAM 000000
__Lbss                       bss          000000
__LbssCOMRAM                 bssCOMRAM    000000
__Lcinit                     cinit        000000
__Lclrtext                   clrtext      000000
__Lcomram                    comram       000000
__Lconfig                    config       300000
__Lconst                     const        000000
__LcstackCOMRAM              cstackCOMRAM 000000
__Ldata                      data         000000
__LdataCOMRAM                dataCOMRAM   000000
__Leeprom_data               eeprom_data  000000
__Lend_init                  end_init     0000DE
__Lfarbss                    farbss       000000
__Lfardata                   fardata      000000
__Libigdata                  ibigdata     000000
__Lidata                     idata        000000
__LidataCOMRAM               idataCOMRAM  000000
__Lidloc                     idloc        200000
__Lifardata                  ifardata     000000
__Linit                      init         0000DE
__Lintcode                   intcode      000008
__Lintcode_body              intcode_body 000000
__Lintcodelo                 intcodelo    0000DE
__Lintentry                  intentry     000000
__Lintret                    intret       000000
__Lintsave_regs              intsave_regs 000000
__Lirdata                    irdata       000000
__Lmediumconst               mediumconst  000000
__LnvFARRAM                  nvFARRAM     000000
__Lnvbit                     nvbit        000000
__Lnvrram                    nvrram       000000
__Lparam                     rparam       000000
__Lpowerup                   powerup      0000DE
__Lram                       ram          000000
__Lramtop                    ramtop       000300
__Lrbit                      rbit         000000
__Lrbss                      rbss         000000
__Lrdata                     rdata        000000
__Lreset_vec                 reset_vec    000000
__Lrparam                    rparam       000000
__Lsfr                       sfr          000000
__Lsmallconst                smallconst   000000
__Lspace_0                   (abs)        000000
__Lspace_1                   (abs)        000000
__Lspace_2                   (abs)        000000
__Lstack                     stack        000000
__Lstruct                    struct       000000
__Ltemp                      temp         000027
__Ltext                      text         000000
__Ltext0                     text0        000000
__Ltext1                     text1        000000
__Ltext10                    text10       000000
__Ltext11                    text11       000000
__Ltext13                    text13       000000
__Ltext14                    text14       000000
__Ltext15                    text15       000000
__Ltext16                    text16       000000
__Ltext17                    text17       000000
__Ltext2                     text2        000000
__Ltext3                     text3        000000
__Ltext4                     text4        000000
__Ltext5                     text5        000000
__Ltext6                     text6        000000
__Ltext7                     text7        000000
__Ltext8                     text8        000000
__Ltext9                     text9        000000
__S0                         (abs)        30000E
__S1                         (abs)        000028
__S2                         (abs)        000000
___inthi_sp                  stack        000000
___intlo_sp                  stack        000000
___param_bank                (abs)        000010
___rparam_used               (abs)        000001
___sp                        stack        000000
__accesstop                  (abs)        000060
__activetblptr               (abs)        000002
__end_of_Check_Ignition      text10       0003CE
__end_of_Check_Power         text9        00054E
__end_of_Evaluate_Reception  text14       0004DC
__end_of_Ignite_Port         text11       000380
__end_of_Init                text1        0004A4
__end_of_InitAnsel           text8        000486
__end_of_InitInterrupt       text7        000546
__end_of_InitMiscellaneos    text6        000466
__end_of_InitMiscellaneous   text5        00054C
__end_of_InitPort            text4        000508
__end_of_InitTransmission    text3        0004C0
__end_of_InitTris            text2        0004F2
__end_of_Isr                 intcode      0000DE
__end_of_Mark_Ignite         text17       00051E
__end_of_Receive             text13       00053C
__end_of_Test_Port           text15       000304
__end_of_Transmit            text16       000414
__end_of__initialization     cinit        000434
__end_of_main                text0        00052E
__initialization             cinit        000414
__mediumconst                mediumconst  000000
__pbitbssCOMRAM              bitbssCOMRAM 000128
__pbssCOMRAM                 bssCOMRAM    000016
__pcinit                     cinit        000414
__pcstackCOMRAM              cstackCOMRAM 000001
__pdataCOMRAM                dataCOMRAM   000026
__pidataCOMRAM               idataCOMRAM  00054E
__pintcode                   intcode      000008
__ptext0                     text0        00051E
__ptext1                     text1        000486
__ptext10                    text10       000380
__ptext11                    text11       000304
__ptext13                    text13       00052E
__ptext14                    text14       0004C0
__ptext15                    text15       0000E2
__ptext16                    text16       0003CE
__ptext17                    text17       000508
__ptext2                     text2        0004DC
__ptext3                     text3        0004A4
__ptext4                     text4        0004F2
__ptext5                     text5        000546
__ptext6                     text6        000442
__ptext7                     text7        00053C
__ptext8                     text8        000466
__ptext9                     text9        00054C
__ramtop                     ramtop       000300
__size_of_Check_Ignition     (abs)        000000
__size_of_Check_Power        (abs)        000000
__size_of_Evaluate_Reception (abs)        000000
__size_of_Ignite_Port        (abs)        000000
__size_of_Init               (abs)        000000
__size_of_InitAnsel          (abs)        000000
__size_of_InitInterrupt      (abs)        000000
__size_of_InitMiscellaneos   (abs)        000000
__size_of_InitMiscellaneous  (abs)        000000
__size_of_InitPort           (abs)        000000
__size_of_InitTransmission   (abs)        000000
__size_of_InitTris           (abs)        000000
__size_of_Isr                (abs)        000000
__size_of_Mark_Ignite        (abs)        000000
__size_of_Receive            (abs)        000000
__size_of_Test_Port          (abs)        000000
__size_of_Transmit           (abs)        000000
__size_of_main               (abs)        000000
__smallconst                 smallconst   000000
_main                        text0        00051E
_overrun                     bitbssCOMRAM 000128
_p_status                    dataCOMRAM   000026
_receive_counter             bssCOMRAM    000024
_received                    bssCOMRAM    000020
_slave_addressed             bitbssCOMRAM 000129
btemp                        temp         000027
end_of_initialization        cinit        000434
int$flags                    temp         000027
intlevel0                    text         000000
intlevel1                    text         000000
intlevel2                    text         000000
intlevel3                    text         000000
stackhi                      (abs)        0002FF
stacklo                      (abs)        000060
start                        init         0000DE
start_initialization         cinit        000414


FUNCTION INFORMATION:

 *************** function _main *****************
 Defined at:
		line 74 in file "main.c"
 Parameters:    Size  Location     Type
		None
 Auto vars:     Size  Location     Type
		None
 Return value:  Size  Location     Type
		None               void
 Registers used:
		wreg, fsr2l, fsr2h, status,2, status,0, prodl, prodh, cstack
 Tracked objects:
		On entry : 
		On exit  : 
		Unchanged: 
 Data sizes:     COMRAM   BANK0   BANK1   BANK2
      Params:         0       0       0       0
      Locals:         0       0       0       0
      Temps:          0       0       0       0
      Totals:         0       0       0       0
Total ram usage:        0 bytes
 Hardware stack levels required when called:    6
 This function calls:
		_Check_Ignition
		_Check_Power
		_Init
 This function is called by:
		Startup code after reset
 This function uses a non-reentrant model


 *************** function _Init *****************
 Defined at:
		line 3 in file "init.c"
 Parameters:    Size  Location     Type
		None
 Auto vars:     Size  Location     Type
		None
 Return value:  Size  Location     Type
		None               void
 Registers used:
		wreg, fsr2l, fsr2h, status,2, status,0, prodl, prodh, cstack
 Tracked objects:
		On entry : 
		On exit  : 
		Unchanged: 
 Data sizes:     COMRAM   BANK0   BANK1   BANK2
      Params:         0       0       0       0
      Locals:         0       0       0       0
      Temps:          0       0       0       0
      Totals:         0       0       0       0
Total ram usage:        0 bytes
 Hardware stack levels used:    1
 Hardware stack levels required when called:    5
 This function calls:
		_InitAnsel
		_InitInterrupt
		_InitMiscellaneos
		_InitMiscellaneous
		_InitPort
		_InitTransmission
		_InitTris
 This function is called by:
		_main
 This function uses a non-reentrant model


 *************** function _InitTris *****************
 Defined at:
		line 21 in file "init.c"
 Parameters:    Size  Location     Type
		None
 Auto vars:     Size  Location     Type
		None
 Return value:  Size  Location     Type
		None               void
 Registers used:
		wreg, status,2
 Tracked objects:
		On entry : 
		On exit  : 
		Unchanged: 
 Data sizes:     COMRAM   BANK0   BANK1   BANK2
      Params:         0       0       0       0
      Locals:         0       0       0       0
      Temps:          0       0       0       0
      Totals:         0       0       0       0
Total ram usage:        0 bytes
 Hardware stack levels used:    1
 Hardware stack levels required when called:    4
 This function calls:
		Nothing
 This function is called by:
		_Init
 This function uses a non-reentrant model


 *************** function _InitTransmission *****************
 Defined at:
		line 41 in file "init.c"
 Parameters:    Size  Location     Type
		None
 Auto vars:     Size  Location     Type
		None
 Return value:  Size  Location     Type
		None               void
 Registers used:
		wreg, status,2
 Tracked objects:
		On entry : 
		On exit  : 
		Unchanged: 
 Data sizes:     COMRAM   BANK0   BANK1   BANK2
      Params:         0       0       0       0
      Locals:         0       0       0       0
      Temps:          0       0       0       0
      Totals:         0       0       0       0
Total ram usage:        0 bytes
 Hardware stack levels used:    1
 Hardware stack levels required when called:    4
 This function calls:
		Nothing
 This function is called by:
		_Init
 This function uses a non-reentrant model


 *************** function _InitPort *****************
 Defined at:
		line 13 in file "init.c"
 Parameters:    Size  Location     Type
		None
 Auto vars:     Size  Location     Type
		None
 Return value:  Size  Location     Type
		None               void
 Registers used:
		wreg, status,2
 Tracked objects:
		On entry : 
		On exit  : 
		Unchanged: 
 Data sizes:     COMRAM   BANK0   BANK1   BANK2
      Params:         0       0       0       0
      Locals:         0       0       0       0
      Temps:          0       0       0       0
      Totals:         0       0       0       0
Total ram usage:        0 bytes
 Hardware stack levels used:    1
 Hardware stack levels required when called:    4
 This function calls:
		Nothing
 This function is called by:
		_Init
 This function uses a non-reentrant model


 *************** function _InitMiscellaneous *****************
 Defined at:
		line 37 in file "init.c"
 Parameters:    Size  Location     Type
		None
 Auto vars:     Size  Location     Type
		None
 Return value:  Size  Location     Type
		None               void
 Registers used:
		wreg, status,2
 Tracked objects:
		On entry : 
		On exit  : 
		Unchanged: 
 Data sizes:     COMRAM   BANK0   BANK1   BANK2
      Params:         0       0       0       0
      Locals:         0       0       0       0
      Temps:          0       0       0       0
      Totals:         0       0       0       0
Total ram usage:        0 bytes
 Hardware stack levels used:    1
 Hardware stack levels required when called:    4
 This function calls:
		Nothing
 This function is called by:
		_Init
 This function uses a non-reentrant model


 *************** function _InitMiscellaneos *****************
 Defined at:
		line 74 in file "init.c"
 Parameters:    Size  Location     Type
		None
 Auto vars:     Size  Location     Type
  c               1   18[COMRAM] unsigned char 
 Return value:  Size  Location     Type
		None               void
 Registers used:
		wreg, fsr2l, fsr2h, status,2, status,0, prodl, prodh
 Tracked objects:
		On entry : 
		On exit  : 
		Unchanged: 
 Data sizes:     COMRAM   BANK0   BANK1   BANK2
      Params:         0       0       0       0
      Locals:         1       0       0       0
      Temps:          0       0       0       0
      Totals:         1       0       0       0
Total ram usage:        1 bytes
 Hardware stack levels used:    1
 Hardware stack levels required when called:    4
 This function calls:
		Nothing
 This function is called by:
		_Init
 This function uses a non-reentrant model


 *************** function _InitInterrupt *****************
 Defined at:
		line 67 in file "init.c"
 Parameters:    Size  Location     Type
		None
 Auto vars:     Size  Location     Type
		None
 Return value:  Size  Location     Type
		None               void
 Registers used:
		None
 Tracked objects:
		On entry : 
		On exit  : 
		Unchanged: 
 Data sizes:     COMRAM   BANK0   BANK1   BANK2
      Params:         0       0       0       0
      Locals:         0       0       0       0
      Temps:          0       0       0       0
      Totals:         0       0       0       0
Total ram usage:        0 bytes
 Hardware stack levels used:    1
 Hardware stack levels required when called:    4
 This function calls:
		Nothing
 This function is called by:
		_Init
 This function uses a non-reentrant model


 *************** function _InitAnsel *****************
 Defined at:
		line 29 in file "init.c"
 Parameters:    Size  Location     Type
		None
 Auto vars:     Size  Location     Type
		None
 Return value:  Size  Location     Type
		None               void
 Registers used:
		wreg, status,2
 Tracked objects:
		On entry : 
		On exit  : 
		Unchanged: 
 Data sizes:     COMRAM   BANK0   BANK1   BANK2
      Params:         0       0       0       0
      Locals:         0       0       0       0
      Temps:          0       0       0       0
      Totals:         0       0       0       0
Total ram usage:        0 bytes
 Hardware stack levels used:    1
 Hardware stack levels required when called:    4
 This function calls:
		Nothing
 This function is called by:
		_Init
 This function uses a non-reentrant model


 *************** function _Check_Power *****************
 Defined at:
		line 127 in file "ignition.c"
 Parameters:    Size  Location     Type
		None
 Auto vars:     Size  Location     Type
		None
 Return value:  Size  Location     Type
		None               void
 Registers used:
		None
 Tracked objects:
		On entry : 
		On exit  : 
		Unchanged: 
 Data sizes:     COMRAM   BANK0   BANK1   BANK2
      Params:         0       0       0       0
      Locals:         0       0       0       0
      Temps:          0       0       0       0
      Totals:         0       0       0       0
Total ram usage:        0 bytes
 Hardware stack levels used:    1
 Hardware stack levels required when called:    4
 This function calls:
		Nothing
 This function is called by:
		_main
 This function uses a non-reentrant model


 *************** function _Check_Ignition *****************
 Defined at:
		line 113 in file "ignition.c"
 Parameters:    Size  Location     Type
		None
 Auto vars:     Size  Location     Type
  c               1   20[COMRAM] unsigned char 
 Return value:  Size  Location     Type
		None               void
 Registers used:
		wreg, fsr2l, fsr2h, status,2, status,0, prodl, prodh, cstack
 Tracked objects:
		On entry : 
		On exit  : 
		Unchanged: 
 Data sizes:     COMRAM   BANK0   BANK1   BANK2
      Params:         0       0       0       0
      Locals:         1       0       0       0
      Temps:          1       0       0       0
      Totals:         2       0       0       0
Total ram usage:        2 bytes
 Hardware stack levels used:    1
 Hardware stack levels required when called:    5
 This function calls:
		_Ignite_Port
 This function is called by:
		_main
 This function uses a non-reentrant model


 *************** function _Ignite_Port *****************
 Defined at:
		line 78 in file "ignition.c"
 Parameters:    Size  Location     Type
  ignite_numbe    1    wreg     unsigned char 
 Auto vars:     Size  Location     Type
  ignite_numbe    1   18[COMRAM] unsigned char 
 Return value:  Size  Location     Type
		None               void
 Registers used:
		wreg, fsr2l, fsr2h, status,2, status,0, prodl, prodh
 Tracked objects:
		On entry : 
		On exit  : 
		Unchanged: 
 Data sizes:     COMRAM   BANK0   BANK1   BANK2
      Params:         0       0       0       0
      Locals:         1       0       0       0
      Temps:          0       0       0       0
      Totals:         1       0       0       0
Total ram usage:        1 bytes
 Hardware stack levels used:    1
 Hardware stack levels required when called:    4
 This function calls:
		Nothing
 This function is called by:
		_Check_Ignition
 This function uses a non-reentrant model


 *************** function _Isr *****************
 Defined at:
		line 3 in file "interrupt.c"
 Parameters:    Size  Location     Type
		None
 Auto vars:     Size  Location     Type
		None
 Return value:  Size  Location     Type
		None               void
 Registers used:
		wreg, fsr2l, fsr2h, status,2, status,0, prodl, prodh, cstack
 Tracked objects:
		On entry : 
		On exit  : 
		Unchanged: 
 Data sizes:     COMRAM   BANK0   BANK1   BANK2
      Params:         0       0       0       0
      Locals:         0       0       0       0
      Temps:         14       0       0       0
      Totals:        14       0       0       0
Total ram usage:       14 bytes
 Hardware stack levels used:    1
 Hardware stack levels required when called:    3
 This function calls:
		_Evaluate_Reception
		_Receive
 This function is called by:
		Interrupt level 2
 This function uses a non-reentrant model


 *************** function _Receive *****************
 Defined at:
		line 44 in file "communication.c"
 Parameters:    Size  Location     Type
		None
 Auto vars:     Size  Location     Type
		None
 Return value:  Size  Location     Type
                  1    wreg      unsigned char 
 Registers used:
		wreg, status,2
 Tracked objects:
		On entry : 
		On exit  : 
		Unchanged: 
 Data sizes:     COMRAM   BANK0   BANK1   BANK2
      Params:         0       0       0       0
      Locals:         0       0       0       0
      Temps:          0       0       0       0
      Totals:         0       0       0       0
Total ram usage:        0 bytes
 Hardware stack levels used:    1
 This function calls:
		Nothing
 This function is called by:
		_Isr
 This function uses a non-reentrant model


 *************** function _Evaluate_Reception *****************
 Defined at:
		line 131 in file "ignition.c"
 Parameters:    Size  Location     Type
		None
 Auto vars:     Size  Location     Type
		None
 Return value:  Size  Location     Type
		None               void
 Registers used:
		wreg, fsr2l, fsr2h, status,2, status,0, prodl, prodh, cstack
 Tracked objects:
		On entry : 
		On exit  : 
		Unchanged: 
 Data sizes:     COMRAM   BANK0   BANK1   BANK2
      Params:         0       0       0       0
      Locals:         0       0       0       0
      Temps:          0       0       0       0
      Totals:         0       0       0       0
Total ram usage:        0 bytes
 Hardware stack levels used:    1
 Hardware stack levels required when called:    2
 This function calls:
		_Mark_Ignite
		_Test_Port
 This function is called by:
		_Isr
 This function uses a non-reentrant model


 *************** function _Test_Port *****************
 Defined at:
		line 3 in file "ignition.c"
 Parameters:    Size  Location     Type
		None
 Auto vars:     Size  Location     Type
		None
 Return value:  Size  Location     Type
		None               void
 Registers used:
		wreg, status,2, status,0, cstack
 Tracked objects:
		On entry : 
		On exit  : 
		Unchanged: 
 Data sizes:     COMRAM   BANK0   BANK1   BANK2
      Params:         0       0       0       0
      Locals:         0       0       0       0
      Temps:          0       0       0       0
      Totals:         0       0       0       0
Total ram usage:        0 bytes
 Hardware stack levels used:    1
 Hardware stack levels required when called:    1
 This function calls:
		_Transmit
 This function is called by:
		_Evaluate_Reception
 This function uses a non-reentrant model


 *************** function _Transmit *****************
 Defined at:
		line 18 in file "communication.c"
 Parameters:    Size  Location     Type
  receiver        1    wreg     unsigned char 
  operation       1    0[COMRAM] unsigned char 
  port            1    1[COMRAM] unsigned char 
  con_status      1    2[COMRAM] unsigned char 
 Auto vars:     Size  Location     Type
  receiver        1    3[COMRAM] unsigned char 
 Return value:  Size  Location     Type
		None               void
 Registers used:
		wreg, status,2
 Tracked objects:
		On entry : 
		On exit  : 
		Unchanged: 
 Data sizes:     COMRAM   BANK0   BANK1   BANK2
      Params:         3       0       0       0
      Locals:         1       0       0       0
      Temps:          0       0       0       0
      Totals:         4       0       0       0
Total ram usage:        4 bytes
 Hardware stack levels used:    1
 This function calls:
		Nothing
 This function is called by:
		_Test_Port
 This function uses a non-reentrant model


 *************** function _Mark_Ignite *****************
 Defined at:
		line 123 in file "ignition.c"
 Parameters:    Size  Location     Type
		None
 Auto vars:     Size  Location     Type
		None
 Return value:  Size  Location     Type
		None               void
 Registers used:
		wreg, fsr2l, fsr2h, status,2, status,0, prodl, prodh
 Tracked objects:
		On entry : 
		On exit  : 
		Unchanged: 
 Data sizes:     COMRAM   BANK0   BANK1   BANK2
      Params:         0       0       0       0
      Locals:         0       0       0       0
      Temps:          0       0       0       0
      Totals:         0       0       0       0
Total ram usage:        0 bytes
 Hardware stack levels used:    1
 This function calls:
		Nothing
 This function is called by:
		_Evaluate_Reception
 This function uses a non-reentrant model



MODULE INFORMATION

Module		Function		Class		Link	Load	Size
interrupt.c
		_Isr           		CODE           	0008	0000	215

interrupt.c estimated size: 215

shared
		__initialization		CODE           	0414	0000	33

shared estimated size: 33

ignition.c
		_Check_Power   		CODE           	054C	0000	3
		_Test_Port     		CODE           	00E2	0000	547
		_Mark_Ignite   		CODE           	0508	0000	23
		_Check_Ignition		CODE           	0380	0000	79
		_Evaluate_Reception		CODE           	04C0	0000	29
		_Ignite_Port   		CODE           	0304	0000	125

ignition.c estimated size: 806

init.c
		_InitInterrupt 		CODE           	053C	0000	11
		_InitPort      		CODE           	04F2	0000	23
		_InitTransmission		CODE           	04A4	0000	29
		_InitMiscellaneos		CODE           	0442	0000	37
		_InitTris      		CODE           	04DC	0000	23
		_InitMiscellaneous		CODE           	0546	0000	7
		_Init          		CODE           	0486	0000	31
		_InitAnsel     		CODE           	0466	0000	33

init.c estimated size: 194

main.c
		_main          		CODE           	051E	0000	17

main.c estimated size: 17

communication.c
		_Receive       		CODE           	052E	0000	15
		_Transmit      		CODE           	03CE	0000	71

communication.c estimated size: 86

