Microchip MPLAB XC8 Compiler V1.35 ()

Linker command line:

--edf=C:\Program Files (x86)\Microchip\xc8\v1.35\dat\en_msgs.txt -cs \
  -h+dist/default/debug\PYR_M_NEW.X.debug.sym \
  --cmf=dist/default/debug\PYR_M_NEW.X.debug.cmf -z -Q18F23K22 \
  -oC:\Users\Lucas\AppData\Local\Temp\s9bk.2 \
  -Mdist/default/debug/PYR_M_NEW.X.debug.map -E1 -ver=XC8 -ASTACK=082h-0ffh \
  -pstack=STACK -ACODE=00h-01FFFh -ACONST=00h-01FFFh \
  -ASMALLCONST=0200h-02FFhx30 -AMEDIUMCONST=0200h-01FFFh -ACOMRAM=01h-05Fh \
  -AABS1=00h-01FFh -ABIGRAM=01h-01FFh -ARAM=060h-0FFh,0100h-01FFh \
  -ABANK0=060h-0FFh -ABANK1=0100h-01FFh -ASFR=0F38h-0F5Fh,0F60h-0FFFh \
  -preset_vec=00h,intcode=08h,intcodelo,powerup,init,end_init \
  -pramtop=0200h -psmallconst=SMALLCONST -pmediumconst=MEDIUMCONST \
  -pconst=CONST -AFARRAM=00h-00h -ACONFIG=0300000h-030000Dh -pconfig=CONFIG \
  -AIDLOC=0200000h-0200007h -pidloc=IDLOC -AEEDATA=0F00000h-0F000FFh \
  -peeprom_data=EEDATA \
  -prdata=COMRAM,nvrram=COMRAM,nvbit=COMRAM,rbss=COMRAM,rbit=COMRAM \
  -pfarbss=FARRAM,fardata=FARRAM,nvFARRAM=FARRAM \
  -pintsave_regs=BIGRAM,bigbss=BIGRAM,bigdata=BIGRAM -pbss=RAM \
  -pidata=CODE,irdata=CODE,ibigdata=CODE,ifardata=CODE -prparam=COMRAM \
  C:\Users\Lucas\AppData\Local\Temp\s9bk.obj \
  dist/default/debug\PYR_M_NEW.X.debug.obj 

Object code version is 3.11

Machine type is 18F23K22

Call graph: (short form)




                Name                               Link     Load   Length Selector   Space Scale
C:\Users\Lucas\AppData\Local\Temp\s9bk.obj
                end_init                            216      216        4        4       0
                reset_vec                             0        0        4        0       0
                idloc                            200000   200000        8   200000       0
                config                           300000   300000        E   300000       0
dist/default/debug\PYR_M_NEW.X.debug.obj
                intcode                               8        8      20E        4       0
                temp                                 40       40        1        1       1
                smallconst                          21A      21A       56      10D       0
                text35                             1600     1600       36      138       0
                text34                             1152     1152       6C      138       0
                text33                             175A     175A        E      138       0
                text32                             1056     1056       84      138       0
                text31                             15C8     15C8       38      138       0
                text30                              EE8      EE8       BA      138       0
                text29                              A82      A82      26E      138       0
                text28                             1512     1512       42      138       0
                text27                             1222     1222       64      138       0
                text26                             14D0     14D0       42      138       0
                text25                             134A     134A       56      138       0
                text23                             1666     1666       30      138       0
                text22                             13F4     13F4       4E      138       0
                text21                              DFE      DFE       EA      138       0
                text20                              78E      78E      2F4      138       0
                text19                             12E8     12E8       62      138       0
                text18                             10DA     10DA       78      138       0
                text17                             1286     1286       62      138       0
                text16                             11BE     11BE       64      138       0
                text15                              CF0      CF0      10E      138       0
                text14                             13A0     13A0       54      138       0
                text13                             148A     148A       46      138       0
                text12                             1706     1706       1C      138       0
                text11                              270      270      51E      138       0
                text10                             1590     1590       38      138       0
                text9                              1554     1554       3C      138       0
                text8                              1722     1722       14      138       0
                text7                              1768     1768        C      138       0
                text6                              1774     1774        6      138       0
                text5                              1748     1748       12      138       0
                text4                              1636     1636       30      138       0
                text3                              16C4     16C4       24      138       0
                text2                              1736     1736       12      138       0
                text1                              16E8     16E8       1E      138       0
                text0                              1696     1696       2E      138       0
                cstackCOMRAM                          1        1       2C        1       1
                cstackBANK0                          60       60       1D       60       1
                dataBANK1                           100      100       B4      100       1
                bssBANK0                             7D       7D        5       60       1
                bssCOMRAM                            2D       2D       11        1       1
                bitbssCOMRAM                        1F0       3E        4        1       1     8
                cinit                              1442     1442       48      138       0
                nvCOMRAM                             3F       3F        1        1       1
                idataBANK1                          FA2      FA2       B4      138       0

TOTAL           Name                               Link     Load   Length     Space
        CLASS   STACK          

        CLASS   CODE           
                end_init                            216      216        4         0
                intcode                               8        8      20E         0
                reset_vec                             0        0        4         0
                text35                             1600     1600       36         0
                text34                             1152     1152       6C         0
                text33                             175A     175A        E         0
                text32                             1056     1056       84         0
                text31                             15C8     15C8       38         0
                text30                              EE8      EE8       BA         0
                text29                              A82      A82      26E         0
                text28                             1512     1512       42         0
                text27                             1222     1222       64         0
                text26                             14D0     14D0       42         0
                text25                             134A     134A       56         0
                text23                             1666     1666       30         0
                text22                             13F4     13F4       4E         0
                text21                              DFE      DFE       EA         0
                text20                              78E      78E      2F4         0
                text19                             12E8     12E8       62         0
                text18                             10DA     10DA       78         0
                text17                             1286     1286       62         0
                text16                             11BE     11BE       64         0
                text15                              CF0      CF0      10E         0
                text14                             13A0     13A0       54         0
                text13                             148A     148A       46         0
                text12                             1706     1706       1C         0
                text11                              270      270      51E         0
                text10                             1590     1590       38         0
                text9                              1554     1554       3C         0
                text8                              1722     1722       14         0
                text7                              1768     1768        C         0
                text6                              1774     1774        6         0
                text5                              1748     1748       12         0
                text4                              1636     1636       30         0
                text3                              16C4     16C4       24         0
                text2                              1736     1736       12         0
                text1                              16E8     16E8       1E         0
                text0                              1696     1696       2E         0
                cinit                              1442     1442       48         0
                idataBANK1                          FA2      FA2       B4         0

        CLASS   CONST          

        CLASS   SMALLCONST     
                smallconst                          21A      21A       56         0

        CLASS   MEDIUMCONST    

        CLASS   COMRAM         
                temp                                 40       40        1         1
                cstackCOMRAM                          1        1       2C         1
                bssCOMRAM                            2D       2D       11         1
                bitbssCOMRAM                        1F0       3E        4         1
                nvCOMRAM                             3F       3F        1         1

        CLASS   ABS1           

        CLASS   BIGRAM         

        CLASS   RAM            

        CLASS   BANK0          
                cstackBANK0                          60       60       1D         1
                bssBANK0                             7D       7D        5         1

        CLASS   BANK1          
                dataBANK1                           100      100       B4         1

        CLASS   SFR            

        CLASS   FARRAM         

        CLASS   CONFIG         
                config                           300000   300000        E         0

        CLASS   IDLOC          
                idloc                            200000   200000        8         0

        CLASS   EEDATA         



SEGMENTS        Name                           Load    Length   Top    Selector   Space  Class

                reset_vec                      000000  000004  000004         0       0  CODE    
                cstackCOMRAM                   000001  000040  000041         1       1  COMRAM  
                intcode                        000008  000212  00021A         4       0  CODE    
                cstackBANK0                    000060  000022  000082        60       1  BANK0   
                dataBANK1                      000100  0000B4  0001B4       100       1  BANK1   
                smallconst                     00021A  000056  000270       10D       0  SMALLCON
                text11                         000270  00150A  00177A       138       0  CODE    
                idloc                          200000  000008  200008    200000       0  IDLOC   
                config                         300000  00000E  30000E    300000       0  CONFIG  


UNUSED ADDRESS RANGES

        Name                Unused          Largest block    Delta
        BANK0            000082-0000FF               7E
        BANK1            0001B4-0001FF               4C
        BIGRAM           000041-00005F               1F
                         000082-0000FF               7E
                         0001B4-0001FF               4C
        CODE             000004-000007                4
                         00177A-001FFF              886
        COMRAM           000041-00005F               1F
        CONST            000004-000007                4
                         00177A-001FFF              886
        EEDATA           F00000-F000FF              100
        MEDIUMCONST      00177A-001FFF              886
        RAM              000082-0000FF               7E
                         0001B4-0001FF               4C
        SFR              000F38-000FFF               28
        SMALLCONST       00177A-001FFF              100
        STACK            000082-0000FF               7E

                                  Symbol Table

?_Read_Data                       cstackBANK0  000060
?___awdiv                         cstackCOMRAM 000001
?___lwmod                         cstackBANK0  000060
?i2___lwmod                       cstackCOMRAM 000001
Del_Data@counter                  cstackBANK0  00007A
Delay_Routine@delay_counter       cstackBANK0  000062
Delay_Routine@delay_multiplyer    cstackBANK0  000061
Evaluate_Display@evaluate         cstackBANK0  000068
Evaluate_Display@size             cstackBANK0  000070
Evaluate_Signs@evaluation_value   cstackBANK0  000071
Evaluate_Signs@valuecounter       cstackBANK0  000073
Ignite_Detonators@counter         cstackCOMRAM 000006
Isr@pixel_index_array             cstackCOMRAM 00002A
Isr@pixel_index_bit               cstackCOMRAM 00002B
Isr@search_index                  cstackCOMRAM 00002C
Load_Data@counter                 cstackBANK0  000079
Read_Data@data_read               cstackBANK0  000062
Read_Data@read_address            cstackBANK0  000064
Save_Data@store                   cstackBANK0  000060
Save_Data@store_address           cstackBANK0  000062
Set_Bits@Bitoutput                cstackBANK0  000067
Set_Bits@bitcount                 cstackBANK0  000066
Set_Bits@bits                     cstackBANK0  000060
Set_Display@information           cstackBANK0  000074
Set_Display@type                  cstackBANK0  000077
Set_Display@value                 cstackBANK0  000075
Transmit@operation                cstackBANK0  000060
Transmit@port                     cstackBANK0  000061
Transmit@receiver                 cstackBANK0  000062
Write_Display_Byte@counter        cstackBANK0  000066
Write_Display_Byte@write_data     cstackBANK0  000060
_ANSELA                           (abs)        000F38
_ANSELB                           (abs)        000F39
_ANSELC                           (abs)        000F3A
_BAUDCON1bits                     (abs)        000FB8
_CCP1CONbits                      (abs)        000FBD
_CCPR1H                           (abs)        000FBF
_CCPR1L                           (abs)        000FBE
_CCPTMRS0bits                     (abs)        000F49
_Check_Buttons                    text11       000270
_Check_Detonators                 text9        001554
_Del_Data                         text13       00148A
_Delay_Routine                    text23       001666
_EEADR                            (abs)        000FA9
_EECON1bits                       (abs)        000FA6
_EECON2                           (abs)        000FA7
_EEDATA                           (abs)        000FA8
_Evaluate_Display                 text20       00078E
_Evaluate_Signs                   text18       0010DA
_INTCONbits                       (abs)        000FF2
_Ignite_Detonators                text34       001152
_Init                             text1        0016E8
_InitAnsel                        text8        001722
_InitInterrupt                    text7        001768
_InitMiscellaneous                text6        001774
_InitPort                         text5        001748
_InitTimer                        text4        001636
_InitTransmission                 text3        0016C4
_InitTris                         text2        001736
_Isr                              intcode      000008
_Load_Data                        text15       000CF0
_OSCCON                           (abs)        000FD3
_PIE1bits                         (abs)        000F9D
_PIR1bits                         (abs)        000F9E
_PIR2bits                         (abs)        000FA1
_PORTA                            (abs)        000F80
_PORTAbits                        (abs)        000F80
_PORTB                            (abs)        000F81
_PORTBbits                        (abs)        000F81
_PORTC                            (abs)        000F82
_PORTCbits                        (abs)        000F82
_PORTE                            (abs)        000F84
_RCREG1                           (abs)        000FAE
_RCSTA1bits                       (abs)        000FAB
_RCSTAbits                        (abs)        000FAB
_Read_Data                        text22       0013F4
_Receive                          text33       00175A
_SPBRG1                           (abs)        000FAF
_SSP1BUF                          (abs)        000FC9
_SSP1CON1                         (abs)        000FC6
_SSP1IF                           (abs)        007CF3
_SSP1STAT                         (abs)        000FC7
_Save_Data                        text14       0013A0
_Set_Bits                         text21       000DFE
_Set_Display                      text16       0011BE
_Start_Timer                      text12       001706
_T1CONbits                        (abs)        000FCD
_T3CONbits                        (abs)        000FB1
_TMR1H                            (abs)        000FCF
_TMR1L                            (abs)        000FCE
_TMR3H                            (abs)        000FB3
_TMR3L                            (abs)        000FB2
_TRISA                            (abs)        000F92
_TRISB                            (abs)        000F93
_TRISC                            (abs)        000F94
_TRISCbits                        (abs)        000F94
_TRISE                            (abs)        000F96
_TXREG1                           (abs)        000FAD
_TXSTA1bits                       (abs)        000FAC
_Transmit                         text10       001590
_Write_Display_Byte               text17       001286
__CFG_BOREN$OFF                   (abs)        000000
__CFG_BORV$190                    (abs)        000000
__CFG_CCP2MX$PORTC1               (abs)        000000
__CFG_CCP3MX$PORTB5               (abs)        000000
__CFG_CP0$OFF                     (abs)        000000
__CFG_CP1$OFF                     (abs)        000000
__CFG_CPB$OFF                     (abs)        000000
__CFG_CPD$OFF                     (abs)        000000
__CFG_EBTR0$OFF                   (abs)        000000
__CFG_EBTR1$OFF                   (abs)        000000
__CFG_EBTRB$OFF                   (abs)        000000
__CFG_FCMEN$OFF                   (abs)        000000
__CFG_FOSC$INTIO67                (abs)        000000
__CFG_HFOFST$OFF                  (abs)        000000
__CFG_IESO$OFF                    (abs)        000000
__CFG_LVP$OFF                     (abs)        000000
__CFG_MCLRE$EXTMCLR               (abs)        000000
__CFG_P2BMX$PORTB5                (abs)        000000
__CFG_PBADEN$OFF                  (abs)        000000
__CFG_PLLCFG$OFF                  (abs)        000000
__CFG_PRICLKEN$OFF                (abs)        000000
__CFG_PWRTEN$OFF                  (abs)        000000
__CFG_STVREN$OFF                  (abs)        000000
__CFG_T3CMX$PORTC0                (abs)        000000
__CFG_WDTEN$OFF                   (abs)        000000
__CFG_WDTPS$32768                 (abs)        000000
__CFG_WRT0$OFF                    (abs)        000000
__CFG_WRT1$OFF                    (abs)        000000
__CFG_WRTB$OFF                    (abs)        000000
__CFG_WRTC$OFF                    (abs)        000000
__CFG_WRTD$OFF                    (abs)        000000
__CFG_XINST$OFF                   (abs)        000000
__HRAM                            (abs)        000000
__Habs1                           abs1         000000
__Hbank0                          bank0        000000
__Hbank1                          bank1        000000
__Hbigbss                         bigbss       000000
__Hbigdata                        bigdata      000000
__Hbigram                         bigram       000000
__HbitbssCOMRAM                   bitbssCOMRAM 000000
__Hbss                            bss          000000
__HbssBANK0                       bssBANK0     000000
__HbssCOMRAM                      bssCOMRAM    000000
__Hcinit                          cinit        000000
__Hclrtext                        clrtext      000000
__Hcomram                         comram       000000
__Hconfig                         config       30000E
__Hconst                          const        000000
__HcstackBANK0                    cstackBANK0  000000
__HcstackCOMRAM                   cstackCOMRAM 000000
__Hdata                           data         000000
__HdataBANK1                      dataBANK1    000000
__Heeprom_data                    eeprom_data  000000
__Hend_init                       end_init     00021A
__Hfarbss                         farbss       000000
__Hfardata                        fardata      000000
__Hibigdata                       ibigdata     000000
__Hidata                          idata        000000
__HidataBANK1                     idataBANK1   000000
__Hidloc                          idloc        200008
__Hifardata                       ifardata     000000
__Hinit                           init         000216
__Hintcode                        intcode      000216
__Hintcode_body                   intcode_body 000000
__Hintcodelo                      intcodelo    000216
__Hintentry                       intentry     000000
__Hintret                         intret       000000
__Hintsave_regs                   intsave_regs 000000
__Hirdata                         irdata       000000
__Hmediumconst                    mediumconst  000000
__HnvCOMRAM                       nvCOMRAM     000000
__HnvFARRAM                       nvFARRAM     000000
__Hnvbit                          nvbit        000000
__Hnvrram                         nvrram       000000
__Hparam                          rparam       000000
__Hpowerup                        powerup      000216
__Hram                            ram          000000
__Hramtop                         ramtop       000200
__Hrbit                           rbit         000000
__Hrbss                           rbss         000000
__Hrdata                          rdata        000000
__Hreset_vec                      reset_vec    000004
__Hrparam                         rparam       000000
__Hsfr                            sfr          000000
__Hsmallconst                     smallconst   000270
__Hspace_0                        (abs)        30000E
__Hspace_1                        (abs)        0001F4
__Hspace_2                        (abs)        000000
__Hstack                          stack        000000
__Hstruct                         struct       000000
__Htemp                           temp         000041
__Htext                           text         000000
__Htext0                          text0        000000
__Htext1                          text1        000000
__Htext10                         text10       000000
__Htext11                         text11       000000
__Htext12                         text12       000000
__Htext13                         text13       000000
__Htext14                         text14       000000
__Htext15                         text15       000000
__Htext16                         text16       000000
__Htext17                         text17       000000
__Htext18                         text18       000000
__Htext19                         text19       000000
__Htext2                          text2        000000
__Htext20                         text20       000000
__Htext21                         text21       000000
__Htext22                         text22       000000
__Htext23                         text23       000000
__Htext25                         text25       000000
__Htext26                         text26       000000
__Htext27                         text27       000000
__Htext28                         text28       000000
__Htext29                         text29       000000
__Htext3                          text3        000000
__Htext30                         text30       000000
__Htext31                         text31       000000
__Htext32                         text32       000000
__Htext33                         text33       000000
__Htext34                         text34       000000
__Htext35                         text35       000000
__Htext4                          text4        000000
__Htext5                          text5        000000
__Htext6                          text6        000000
__Htext7                          text7        000000
__Htext8                          text8        000000
__Htext9                          text9        000000
__LRAM                            (abs)        000001
__Labs1                           abs1         000000
__Lbank0                          bank0        000000
__Lbank1                          bank1        000000
__Lbigbss                         bigbss       000000
__Lbigdata                        bigdata      000000
__Lbigram                         bigram       000000
__LbitbssCOMRAM                   bitbssCOMRAM 000000
__Lbss                            bss          000000
__LbssBANK0                       bssBANK0     000000
__LbssCOMRAM                      bssCOMRAM    000000
__Lcinit                          cinit        000000
__Lclrtext                        clrtext      000000
__Lcomram                         comram       000000
__Lconfig                         config       300000
__Lconst                          const        000000
__LcstackBANK0                    cstackBANK0  000000
__LcstackCOMRAM                   cstackCOMRAM 000000
__Ldata                           data         000000
__LdataBANK1                      dataBANK1    000000
__Leeprom_data                    eeprom_data  000000
__Lend_init                       end_init     000216
__Lfarbss                         farbss       000000
__Lfardata                        fardata      000000
__Libigdata                       ibigdata     000000
__Lidata                          idata        000000
__LidataBANK1                     idataBANK1   000000
__Lidloc                          idloc        200000
__Lifardata                       ifardata     000000
__Linit                           init         000216
__Lintcode                        intcode      000008
__Lintcode_body                   intcode_body 000000
__Lintcodelo                      intcodelo    000216
__Lintentry                       intentry     000000
__Lintret                         intret       000000
__Lintsave_regs                   intsave_regs 000000
__Lirdata                         irdata       000000
__Lmediumconst                    mediumconst  000000
__LnvCOMRAM                       nvCOMRAM     000000
__LnvFARRAM                       nvFARRAM     000000
__Lnvbit                          nvbit        000000
__Lnvrram                         nvrram       000000
__Lparam                          rparam       000000
__Lpowerup                        powerup      000216
__Lram                            ram          000000
__Lramtop                         ramtop       000200
__Lrbit                           rbit         000000
__Lrbss                           rbss         000000
__Lrdata                          rdata        000000
__Lreset_vec                      reset_vec    000000
__Lrparam                         rparam       000000
__Lsfr                            sfr          000000
__Lsmallconst                     smallconst   00021A
__Lspace_0                        (abs)        000000
__Lspace_1                        (abs)        000000
__Lspace_2                        (abs)        000000
__Lstack                          stack        000000
__Lstruct                         struct       000000
__Ltemp                           temp         000040
__Ltext                           text         000000
__Ltext0                          text0        000000
__Ltext1                          text1        000000
__Ltext10                         text10       000000
__Ltext11                         text11       000000
__Ltext12                         text12       000000
__Ltext13                         text13       000000
__Ltext14                         text14       000000
__Ltext15                         text15       000000
__Ltext16                         text16       000000
__Ltext17                         text17       000000
__Ltext18                         text18       000000
__Ltext19                         text19       000000
__Ltext2                          text2        000000
__Ltext20                         text20       000000
__Ltext21                         text21       000000
__Ltext22                         text22       000000
__Ltext23                         text23       000000
__Ltext25                         text25       000000
__Ltext26                         text26       000000
__Ltext27                         text27       000000
__Ltext28                         text28       000000
__Ltext29                         text29       000000
__Ltext3                          text3        000000
__Ltext30                         text30       000000
__Ltext31                         text31       000000
__Ltext32                         text32       000000
__Ltext33                         text33       000000
__Ltext34                         text34       000000
__Ltext35                         text35       000000
__Ltext4                          text4        000000
__Ltext5                          text5        000000
__Ltext6                          text6        000000
__Ltext7                          text7        000000
__Ltext8                          text8        000000
__Ltext9                          text9        000000
__S0                              (abs)        30000E
__S1                              (abs)        0001B4
__S2                              (abs)        000000
___awdiv                          text32       001056
___awdiv@counter                  cstackCOMRAM 000005
___awdiv@dividend                 cstackCOMRAM 000001
___awdiv@divisor                  cstackCOMRAM 000003
___awdiv@quotient                 cstackCOMRAM 000007
___awdiv@sign                     cstackCOMRAM 000006
___inthi_sp                       stack        000000
___intlo_sp                       stack        000000
___lwmod                          text19       0012E8
___lwmod@counter                  cstackBANK0  000064
___lwmod@dividend                 cstackBANK0  000060
___lwmod@divisor                  cstackBANK0  000062
___param_bank                     (abs)        000010
___rparam_used                    (abs)        000001
___sp                             stack        000000
__accesstop                       (abs)        000060
__activetblptr                    (abs)        000002
__end_of_Check_Buttons            text11       00078E
__end_of_Check_Detonators         text9        001590
__end_of_Del_Data                 text13       0014D0
__end_of_Delay_Routine            text23       001696
__end_of_Evaluate_Display         text20       000A82
__end_of_Evaluate_Signs           text18       001152
__end_of_Ignite_Detonators        text34       0011BE
__end_of_Init                     text1        001706
__end_of_InitAnsel                text8        001736
__end_of_InitInterrupt            text7        001774
__end_of_InitMiscellaneous        text6        00177A
__end_of_InitPort                 text5        00175A
__end_of_InitTimer                text4        001666
__end_of_InitTransmission         text3        0016E8
__end_of_InitTris                 text2        001748
__end_of_Isr                      intcode      000216
__end_of_Load_Data                text15       000DFE
__end_of_Read_Data                text22       001442
__end_of_Receive                  text33       001768
__end_of_Save_Data                text14       0013F4
__end_of_Set_Bits                 text21       000EE8
__end_of_Set_Display              text16       001222
__end_of_Start_Timer              text12       001722
__end_of_Transmit                 text10       0015C8
__end_of_Write_Display_Byte       text17       0012E8
__end_of___awdiv                  text32       0010DA
__end_of___lwmod                  text19       00134A
__end_of__initialization          cinit        00147C
__end_of_main                     text0        0016C4
__end_ofi2_Check_Detonators       text31       001600
__end_ofi2_Evaluate_Display       text29       000CF0
__end_ofi2_Evaluate_Signs         text27       001286
__end_ofi2_Set_Bits               text30       000FA2
__end_ofi2_Set_Display            text25       0013A0
__end_ofi2_Transmit               text35       001636
__end_ofi2_Write_Display_Byte     text26       001512
__end_ofi2___lwmod                text28       001554
__initialization                  cinit        001442
__mediumconst                     mediumconst  000000
__pbitbssCOMRAM                   bitbssCOMRAM 0001F0
__pbssBANK0                       bssBANK0     00007D
__pbssCOMRAM                      bssCOMRAM    00002D
__pcinit                          cinit        001442
__pcstackBANK0                    cstackBANK0  000060
__pcstackCOMRAM                   cstackCOMRAM 000001
__pdataBANK1                      dataBANK1    000100
__pidataBANK1                     idataBANK1   000FA2
__pintcode                        intcode      000008
__pnvCOMRAM                       nvCOMRAM     00003F
__psmallconst                     smallconst   00021A
__ptext0                          text0        001696
__ptext1                          text1        0016E8
__ptext10                         text10       001590
__ptext11                         text11       000270
__ptext12                         text12       001706
__ptext13                         text13       00148A
__ptext14                         text14       0013A0
__ptext15                         text15       000CF0
__ptext16                         text16       0011BE
__ptext17                         text17       001286
__ptext18                         text18       0010DA
__ptext19                         text19       0012E8
__ptext2                          text2        001736
__ptext20                         text20       00078E
__ptext21                         text21       000DFE
__ptext22                         text22       0013F4
__ptext23                         text23       001666
__ptext25                         text25       00134A
__ptext26                         text26       0014D0
__ptext27                         text27       001222
__ptext28                         text28       001512
__ptext29                         text29       000A82
__ptext3                          text3        0016C4
__ptext30                         text30       000EE8
__ptext31                         text31       0015C8
__ptext32                         text32       001056
__ptext33                         text33       00175A
__ptext34                         text34       001152
__ptext35                         text35       001600
__ptext4                          text4        001636
__ptext5                          text5        001748
__ptext6                          text6        001774
__ptext7                          text7        001768
__ptext8                          text8        001722
__ptext9                          text9        001554
__ramtop                          ramtop       000200
__size_of_Check_Buttons           (abs)        000000
__size_of_Check_Detonators        (abs)        000000
__size_of_Del_Data                (abs)        000000
__size_of_Delay_Routine           (abs)        000000
__size_of_Evaluate_Display        (abs)        000000
__size_of_Evaluate_Signs          (abs)        000000
__size_of_Ignite_Detonators       (abs)        000000
__size_of_Init                    (abs)        000000
__size_of_InitAnsel               (abs)        000000
__size_of_InitInterrupt           (abs)        000000
__size_of_InitMiscellaneous       (abs)        000000
__size_of_InitPort                (abs)        000000
__size_of_InitTimer               (abs)        000000
__size_of_InitTransmission        (abs)        000000
__size_of_InitTris                (abs)        000000
__size_of_Isr                     (abs)        000000
__size_of_Load_Data               (abs)        000000
__size_of_Read_Data               (abs)        000000
__size_of_Receive                 (abs)        000000
__size_of_Save_Data               (abs)        000000
__size_of_Set_Bits                (abs)        000000
__size_of_Set_Display             (abs)        000000
__size_of_Start_Timer             (abs)        000000
__size_of_Transmit                (abs)        000000
__size_of_Write_Display_Byte      (abs)        000000
__size_of___awdiv                 (abs)        000000
__size_of___lwmod                 (abs)        000000
__size_of_main                    (abs)        000000
__size_ofi2_Check_Detonators      (abs)        000000
__size_ofi2_Evaluate_Display      (abs)        000000
__size_ofi2_Evaluate_Signs        (abs)        000000
__size_ofi2_Set_Bits              (abs)        000000
__size_ofi2_Set_Display           (abs)        000000
__size_ofi2_Transmit              (abs)        000000
__size_ofi2_Write_Display_Byte    (abs)        000000
__size_ofi2___lwmod               (abs)        000000
__smallconst                      smallconst   00021A
_check_counter                    bssCOMRAM    000035
_current_time                     bssCOMRAM    000033
_display_counter                  nvCOMRAM     00003F
_ignite_ready                     bitbssCOMRAM 0001F0
_main                             text0        001696
_master_addressed                 bitbssCOMRAM 0001F1
_overrun                          bitbssCOMRAM 0001F2
_pin                              dataBANK1    000100
_pin_selected                     bssBANK0     00007D
_pixels                           bssCOMRAM    000037
_receive_counter                  bssCOMRAM    000036
_received                         bssCOMRAM    00002D
_signs                            bssBANK0     00007F
_slave_selected                   bssBANK0     00007E
_testflag                         bitbssCOMRAM 0001F3
btemp                             temp         000040
end_of_initialization             cinit        00147C
i2Evaluate_Display@evaluate       cstackCOMRAM 000009
i2Evaluate_Display@size           cstackCOMRAM 000011
i2Evaluate_Signs@evaluation_value cstackCOMRAM 000012
i2Evaluate_Signs@valuecounter     cstackCOMRAM 000014
i2Set_Bits@Bitoutput              cstackCOMRAM 000008
i2Set_Bits@bitcount               cstackCOMRAM 000007
i2Set_Bits@bits                   cstackCOMRAM 000001
i2Set_Display@information         cstackCOMRAM 000015
i2Set_Display@type                cstackCOMRAM 000018
i2Set_Display@value               cstackCOMRAM 000016
i2Transmit@operation              cstackCOMRAM 000001
i2Transmit@port                   cstackCOMRAM 000002
i2Transmit@receiver               cstackCOMRAM 000003
i2Write_Display_Byte@counter      cstackCOMRAM 000007
i2Write_Display_Byte@write_data   cstackCOMRAM 000001
i2_Check_Detonators               text31       0015C8
i2_Evaluate_Display               text29       000A82
i2_Evaluate_Signs                 text27       001222
i2_Set_Bits                       text30       000EE8
i2_Set_Display                    text25       00134A
i2_Transmit                       text35       001600
i2_Write_Display_Byte             text26       0014D0
i2___lwmod                        text28       001512
i2___lwmod@counter                cstackCOMRAM 000005
i2___lwmod@dividend               cstackCOMRAM 000001
i2___lwmod@divisor                cstackCOMRAM 000003
int$flags                         temp         000040
intlevel0                         text         000000
intlevel1                         text         000000
intlevel2                         text         000000
intlevel3                         text         000000
stackhi                           (abs)        0000FF
stacklo                           (abs)        000082
start                             init         000216
start_initialization              cinit        001442


FUNCTION INFORMATION:

 *************** function _main *****************
 Defined at:
		line 86 in file "main.c"
 Parameters:    Size  Location     Type
		None
 Auto vars:     Size  Location     Type
		None
 Return value:  Size  Location     Type
		None               void
 Registers used:
		wreg, fsr2l, fsr2h, status,2, status,0, tblptrl, tblptrh, tblptru, prodl, prodh, cstack
 Tracked objects:
		On entry : 
		On exit  : 
		Unchanged: 
 Data sizes:     COMRAM   BANK0   BANK1
      Params:         0       0       0
      Locals:         0       0       0
      Temps:          0       0       0
      Totals:         0       0       0
Total ram usage:        0 bytes
 Hardware stack levels required when called:   12
 This function calls:
		_Check_Buttons
		_Check_Detonators
		_Init
		_Load_Data
		_Set_Display
 This function is called by:
		Startup code after reset
 This function uses a non-reentrant model


 *************** function _Init *****************
 Defined at:
		line 3 in file "init.c"
 Parameters:    Size  Location     Type
		None
 Auto vars:     Size  Location     Type
		None
 Return value:  Size  Location     Type
		None               void
 Registers used:
		wreg, status,2, cstack
 Tracked objects:
		On entry : 
		On exit  : 
		Unchanged: 
 Data sizes:     COMRAM   BANK0   BANK1
      Params:         0       0       0
      Locals:         0       0       0
      Temps:          0       0       0
      Totals:         0       0       0
Total ram usage:        0 bytes
 Hardware stack levels used:    1
 Hardware stack levels required when called:    6
 This function calls:
		_InitAnsel
		_InitInterrupt
		_InitMiscellaneous
		_InitPort
		_InitTimer
		_InitTransmission
		_InitTris
 This function is called by:
		_main
 This function uses a non-reentrant model


 *************** function _InitTris *****************
 Defined at:
		line 20 in file "init.c"
 Parameters:    Size  Location     Type
		None
 Auto vars:     Size  Location     Type
		None
 Return value:  Size  Location     Type
		None               void
 Registers used:
		wreg, status,2
 Tracked objects:
		On entry : 
		On exit  : 
		Unchanged: 
 Data sizes:     COMRAM   BANK0   BANK1
      Params:         0       0       0
      Locals:         0       0       0
      Temps:          0       0       0
      Totals:         0       0       0
Total ram usage:        0 bytes
 Hardware stack levels used:    1
 Hardware stack levels required when called:    5
 This function calls:
		Nothing
 This function is called by:
		_Init
 This function uses a non-reentrant model


 *************** function _InitTransmission *****************
 Defined at:
		line 37 in file "init.c"
 Parameters:    Size  Location     Type
		None
 Auto vars:     Size  Location     Type
		None
 Return value:  Size  Location     Type
		None               void
 Registers used:
		wreg, status,2
 Tracked objects:
		On entry : 
		On exit  : 
		Unchanged: 
 Data sizes:     COMRAM   BANK0   BANK1
      Params:         0       0       0
      Locals:         0       0       0
      Temps:          0       0       0
      Totals:         0       0       0
Total ram usage:        0 bytes
 Hardware stack levels used:    1
 Hardware stack levels required when called:    5
 This function calls:
		Nothing
 This function is called by:
		_Init
 This function uses a non-reentrant model


 *************** function _InitTimer *****************
 Defined at:
		line 56 in file "init.c"
 Parameters:    Size  Location     Type
		None
 Auto vars:     Size  Location     Type
		None
 Return value:  Size  Location     Type
		None               void
 Registers used:
		wreg, status,2
 Tracked objects:
		On entry : 
		On exit  : 
		Unchanged: 
 Data sizes:     COMRAM   BANK0   BANK1
      Params:         0       0       0
      Locals:         0       0       0
      Temps:          0       0       0
      Totals:         0       0       0
Total ram usage:        0 bytes
 Hardware stack levels used:    1
 Hardware stack levels required when called:    5
 This function calls:
		Nothing
 This function is called by:
		_Init
 This function uses a non-reentrant model


 *************** function _InitPort *****************
 Defined at:
		line 13 in file "init.c"
 Parameters:    Size  Location     Type
		None
 Auto vars:     Size  Location     Type
		None
 Return value:  Size  Location     Type
		None               void
 Registers used:
		wreg, status,2
 Tracked objects:
		On entry : 
		On exit  : 
		Unchanged: 
 Data sizes:     COMRAM   BANK0   BANK1
      Params:         0       0       0
      Locals:         0       0       0
      Temps:          0       0       0
      Totals:         0       0       0
Total ram usage:        0 bytes
 Hardware stack levels used:    1
 Hardware stack levels required when called:    5
 This function calls:
		Nothing
 This function is called by:
		_Init
 This function uses a non-reentrant model


 *************** function _InitMiscellaneous *****************
 Defined at:
		line 33 in file "init.c"
 Parameters:    Size  Location     Type
		None
 Auto vars:     Size  Location     Type
		None
 Return value:  Size  Location     Type
		None               void
 Registers used:
		wreg, status,2
 Tracked objects:
		On entry : 
		On exit  : 
		Unchanged: 
 Data sizes:     COMRAM   BANK0   BANK1
      Params:         0       0       0
      Locals:         0       0       0
      Temps:          0       0       0
      Totals:         0       0       0
Total ram usage:        0 bytes
 Hardware stack levels used:    1
 Hardware stack levels required when called:    5
 This function calls:
		Nothing
 This function is called by:
		_Init
 This function uses a non-reentrant model


 *************** function _InitInterrupt *****************
 Defined at:
		line 72 in file "init.c"
 Parameters:    Size  Location     Type
		None
 Auto vars:     Size  Location     Type
		None
 Return value:  Size  Location     Type
		None               void
 Registers used:
		None
 Tracked objects:
		On entry : 
		On exit  : 
		Unchanged: 
 Data sizes:     COMRAM   BANK0   BANK1
      Params:         0       0       0
      Locals:         0       0       0
      Temps:          0       0       0
      Totals:         0       0       0
Total ram usage:        0 bytes
 Hardware stack levels used:    1
 Hardware stack levels required when called:    5
 This function calls:
		Nothing
 This function is called by:
		_Init
 This function uses a non-reentrant model


 *************** function _InitAnsel *****************
 Defined at:
		line 27 in file "init.c"
 Parameters:    Size  Location     Type
		None
 Auto vars:     Size  Location     Type
		None
 Return value:  Size  Location     Type
		None               void
 Registers used:
		wreg, status,2
 Tracked objects:
		On entry : 
		On exit  : 
		Unchanged: 
 Data sizes:     COMRAM   BANK0   BANK1
      Params:         0       0       0
      Locals:         0       0       0
      Temps:          0       0       0
      Totals:         0       0       0
Total ram usage:        0 bytes
 Hardware stack levels used:    1
 Hardware stack levels required when called:    5
 This function calls:
		Nothing
 This function is called by:
		_Init
 This function uses a non-reentrant model


 *************** function _Check_Detonators *****************
 Defined at:
		line 25 in file "ignition.c"
 Parameters:    Size  Location     Type
		None
 Auto vars:     Size  Location     Type
		None
 Return value:  Size  Location     Type
		None               void
 Registers used:
		wreg, fsr2l, fsr2h, status,2, status,0, prodl, prodh, cstack
 Tracked objects:
		On entry : 
		On exit  : 
		Unchanged: 
 Data sizes:     COMRAM   BANK0   BANK1
      Params:         0       0       0
      Locals:         0       0       0
      Temps:          0       0       0
      Totals:         0       0       0
Total ram usage:        0 bytes
 Hardware stack levels used:    1
 Hardware stack levels required when called:    6
 This function calls:
		_Transmit
 This function is called by:
		_main
 This function uses a non-reentrant model


 *************** function _Transmit *****************
 Defined at:
		line 15 in file "communication.c"
 Parameters:    Size  Location     Type
  receiver        1    wreg     unsigned char 
  operation       1    0[BANK0 ] unsigned char 
  port            1    1[BANK0 ] unsigned char 
 Auto vars:     Size  Location     Type
  receiver        1    2[BANK0 ] unsigned char 
 Return value:  Size  Location     Type
		None               void
 Registers used:
		wreg, status,2
 Tracked objects:
		On entry : 
		On exit  : 
		Unchanged: 
 Data sizes:     COMRAM   BANK0   BANK1
      Params:         0       2       0
      Locals:         0       1       0
      Temps:          0       0       0
      Totals:         0       3       0
Total ram usage:        3 bytes
 Hardware stack levels used:    1
 Hardware stack levels required when called:    5
 This function calls:
		Nothing
 This function is called by:
		_Check_Detonators
 This function uses a non-reentrant model


 *************** function _Check_Buttons *****************
 Defined at:
		line 26 in file "buttonchanges.c"
 Parameters:    Size  Location     Type
		None
 Auto vars:     Size  Location     Type
		None
 Return value:  Size  Location     Type
		None               void
 Registers used:
		wreg, fsr2l, fsr2h, status,2, status,0, tblptrl, tblptrh, tblptru, prodl, prodh, cstack
 Tracked objects:
		On entry : 
		On exit  : 
		Unchanged: 
 Data sizes:     COMRAM   BANK0   BANK1
      Params:         0       0       0
      Locals:         0       0       0
      Temps:          0       2       0
      Totals:         0       2       0
Total ram usage:        2 bytes
 Hardware stack levels used:    1
 Hardware stack levels required when called:   11
 This function calls:
		_Del_Data
		_Delay_Routine
		_Read_Data
		_Save_Data
		_Set_Display
		_Start_Timer
 This function is called by:
		_main
 This function uses a non-reentrant model


 *************** function _Start_Timer *****************
 Defined at:
		line 12 in file "ignition.c"
 Parameters:    Size  Location     Type
		None
 Auto vars:     Size  Location     Type
		None
 Return value:  Size  Location     Type
		None               void
 Registers used:
		wreg, status,2
 Tracked objects:
		On entry : 
		On exit  : 
		Unchanged: 
 Data sizes:     COMRAM   BANK0   BANK1
      Params:         0       0       0
      Locals:         0       0       0
      Temps:          0       0       0
      Totals:         0       0       0
Total ram usage:        0 bytes
 Hardware stack levels used:    1
 Hardware stack levels required when called:    5
 This function calls:
		Nothing
 This function is called by:
		_Check_Buttons
 This function uses a non-reentrant model


 *************** function _Del_Data *****************
 Defined at:
		line 85 in file "storage.c"
 Parameters:    Size  Location     Type
		None
 Auto vars:     Size  Location     Type
  counter         1   26[BANK0 ] unsigned char 
 Return value:  Size  Location     Type
		None               void
 Registers used:
		wreg, fsr2l, fsr2h, status,2, status,0, tblptrl, tblptrh, tblptru, prodl, prodh, cstack
 Tracked objects:
		On entry : 
		On exit  : 
		Unchanged: 
 Data sizes:     COMRAM   BANK0   BANK1
      Params:         0       0       0
      Locals:         0       1       0
      Temps:          0       0       0
      Totals:         0       1       0
Total ram usage:        1 bytes
 Hardware stack levels used:    1
 Hardware stack levels required when called:   10
 This function calls:
		_Delay_Routine
		_Evaluate_Display
		_Load_Data
		_Save_Data
 This function is called by:
		_Check_Buttons
 This function uses a non-reentrant model


 *************** function _Save_Data *****************
 Defined at:
		line 8 in file "storage.c"
 Parameters:    Size  Location     Type
  store           2    0[BANK0 ] unsigned int 
  store_addres    1    2[BANK0 ] unsigned char 
 Auto vars:     Size  Location     Type
		None
 Return value:  Size  Location     Type
		None               void
 Registers used:
		wreg, status,2, status,0
 Tracked objects:
		On entry : 
		On exit  : 
		Unchanged: 
 Data sizes:     COMRAM   BANK0   BANK1
      Params:         0       3       0
      Locals:         0       0       0
      Temps:          0       0       0
      Totals:         0       3       0
Total ram usage:        3 bytes
 Hardware stack levels used:    1
 Hardware stack levels required when called:    5
 This function calls:
		Nothing
 This function is called by:
		_Check_Buttons
		_Del_Data
 This function uses a non-reentrant model


 *************** function _Load_Data *****************
 Defined at:
		line 65 in file "storage.c"
 Parameters:    Size  Location     Type
		None
 Auto vars:     Size  Location     Type
  counter         1   25[BANK0 ] unsigned char 
 Return value:  Size  Location     Type
		None               void
 Registers used:
		wreg, fsr2l, fsr2h, status,2, status,0, tblptrl, tblptrh, tblptru, prodl, prodh, cstack
 Tracked objects:
		On entry : 
		On exit  : 
		Unchanged: 
 Data sizes:     COMRAM   BANK0   BANK1
      Params:         0       0       0
      Locals:         0       1       0
      Temps:          0       1       0
      Totals:         0       2       0
Total ram usage:        2 bytes
 Hardware stack levels used:    1
 Hardware stack levels required when called:    9
 This function calls:
		_Delay_Routine
		_Evaluate_Display
		_Read_Data
		_Set_Display
 This function is called by:
		_main
		_Del_Data
 This function uses a non-reentrant model


 *************** function _Set_Display *****************
 Defined at:
		line 139 in file "display.c"
 Parameters:    Size  Location     Type
  type            1    wreg     unsigned char 
  information     1   20[BANK0 ] unsigned char 
  value           2   21[BANK0 ] unsigned int 
 Auto vars:     Size  Location     Type
  type            1   23[BANK0 ] unsigned char 
 Return value:  Size  Location     Type
		None               void
 Registers used:
		wreg, fsr2l, fsr2h, status,2, status,0, tblptrl, tblptrh, tblptru, prodl, prodh, cstack
 Tracked objects:
		On entry : 
		On exit  : 
		Unchanged: 
 Data sizes:     COMRAM   BANK0   BANK1
      Params:         0       3       0
      Locals:         0       1       0
      Temps:          0       0       0
      Totals:         0       4       0
Total ram usage:        4 bytes
 Hardware stack levels used:    1
 Hardware stack levels required when called:    8
 This function calls:
		_Evaluate_Display
		_Evaluate_Signs
		_Write_Display_Byte
 This function is called by:
		_main
		_Check_Buttons
		_Load_Data
 This function uses a non-reentrant model


 *************** function _Write_Display_Byte *****************
 Defined at:
		line 46 in file "communication.c"
 Parameters:    Size  Location     Type
  write_data      2    0[BANK0 ] PTR unsigned char 
		 -> pixels(7), 
 Auto vars:     Size  Location     Type
  counter         1    6[BANK0 ] unsigned char 
 Return value:  Size  Location     Type
		None               void
 Registers used:
		wreg, fsr2l, fsr2h, status,2, status,0
 Tracked objects:
		On entry : 
		On exit  : 
		Unchanged: 
 Data sizes:     COMRAM   BANK0   BANK1
      Params:         0       2       0
      Locals:         0       1       0
      Temps:          0       4       0
      Totals:         0       7       0
Total ram usage:        7 bytes
 Hardware stack levels used:    1
 Hardware stack levels required when called:    5
 This function calls:
		Nothing
 This function is called by:
		_Set_Display
 This function uses a non-reentrant model


 *************** function _Evaluate_Signs *****************
 Defined at:
		line 119 in file "display.c"
 Parameters:    Size  Location     Type
  evaluation_v    2   17[BANK0 ] unsigned int 
 Auto vars:     Size  Location     Type
  valuecounter    1   19[BANK0 ] unsigned char 
 Return value:  Size  Location     Type
		None               void
 Registers used:
		wreg, fsr2l, fsr2h, status,2, status,0, tblptrl, tblptrh, tblptru, prodl, prodh, cstack
 Tracked objects:
		On entry : 
		On exit  : 
		Unchanged: 
 Data sizes:     COMRAM   BANK0   BANK1
      Params:         0       2       0
      Locals:         0       1       0
      Temps:          0       0       0
      Totals:         0       3       0
Total ram usage:        3 bytes
 Hardware stack levels used:    1
 Hardware stack levels required when called:    7
 This function calls:
		_Evaluate_Display
		___lwmod
 This function is called by:
		_Set_Display
 This function uses a non-reentrant model


 *************** function ___lwmod *****************
 Defined at:
		line 8 in file "C:\Program Files (x86)\Microchip\xc8\v1.35\sources\common\lwmod.c"
 Parameters:    Size  Location     Type
  dividend        2    0[BANK0 ] unsigned int 
  divisor         2    2[BANK0 ] unsigned int 
 Auto vars:     Size  Location     Type
  counter         1    4[BANK0 ] unsigned char 
 Return value:  Size  Location     Type
                  2    0[BANK0 ] unsigned int 
 Registers used:
		wreg, status,2, status,0
 Tracked objects:
		On entry : 
		On exit  : 
		Unchanged: 
 Data sizes:     COMRAM   BANK0   BANK1
      Params:         0       4       0
      Locals:         0       1       0
      Temps:          0       0       0
      Totals:         0       5       0
Total ram usage:        5 bytes
 Hardware stack levels used:    1
 Hardware stack levels required when called:    5
 This function calls:
		Nothing
 This function is called by:
		_Evaluate_Signs
 This function uses a non-reentrant model


 *************** function _Evaluate_Display *****************
 Defined at:
		line 52 in file "display.c"
 Parameters:    Size  Location     Type
  size            1    wreg     unsigned char 
  evaluate        2    8[BANK0 ] PTR const unsigned char 
		 -> signs(3), STR_2(4), STR_1(4), 
 Auto vars:     Size  Location     Type
  size            1   16[BANK0 ] unsigned char 
 Return value:  Size  Location     Type
		None               void
 Registers used:
		wreg, fsr2l, fsr2h, status,2, status,0, tblptrl, tblptrh, tblptru, prodl, prodh, cstack
 Tracked objects:
		On entry : 
		On exit  : 
		Unchanged: 
 Data sizes:     COMRAM   BANK0   BANK1
      Params:         0       2       0
      Locals:         0       1       0
      Temps:          0       6       0
      Totals:         0       9       0
Total ram usage:        9 bytes
 Hardware stack levels used:    1
 Hardware stack levels required when called:    6
 This function calls:
		_Set_Bits
 This function is called by:
		_Load_Data
		_Del_Data
		_Evaluate_Signs
		_Set_Display
 This function uses a non-reentrant model


 *************** function _Set_Bits *****************
 Defined at:
		line 12 in file "display.c"
 Parameters:    Size  Location     Type
  bits            3    0[BANK0 ] PTR const unsigned char 
		 -> ROM(8191), STR_19(2), STR_18(6), STR_17(7), 
		 -> STR_16(4), STR_15(6), STR_14(7), STR_13(7), 
		 -> STR_12(7), STR_11(8), STR_10(4), STR_9(7), 
		 -> STR_8(6), STR_7(5), STR_6(6), STR_5(6), 
		 -> STR_4(3), STR_3(7), 
 Auto vars:     Size  Location     Type
  bitcount        1    6[BANK0 ] unsigned char 
  Bitoutput       1    7[BANK0 ] unsigned char 
 Return value:  Size  Location     Type
		None               void
 Registers used:
		wreg, fsr2l, fsr2h, status,2, status,0, tblptrl, tblptrh, tblptru, prodl, prodh
 Tracked objects:
		On entry : 
		On exit  : 
		Unchanged: 
 Data sizes:     COMRAM   BANK0   BANK1
      Params:         0       3       0
      Locals:         0       2       0
      Temps:          0       3       0
      Totals:         0       8       0
Total ram usage:        8 bytes
 Hardware stack levels used:    1
 Hardware stack levels required when called:    5
 This function calls:
		Nothing
 This function is called by:
		_Evaluate_Display
 This function uses a non-reentrant model


 *************** function _Read_Data *****************
 Defined at:
		line 44 in file "storage.c"
 Parameters:    Size  Location     Type
  read_address    1    wreg     unsigned char 
 Auto vars:     Size  Location     Type
  read_address    1    4[BANK0 ] unsigned char 
  data_read       2    2[BANK0 ] unsigned int 
 Return value:  Size  Location     Type
                  2    0[BANK0 ] unsigned int 
 Registers used:
		wreg, status,2, status,0
 Tracked objects:
		On entry : 
		On exit  : 
		Unchanged: 
 Data sizes:     COMRAM   BANK0   BANK1
      Params:         0       2       0
      Locals:         0       3       0
      Temps:          0       0       0
      Totals:         0       5       0
Total ram usage:        5 bytes
 Hardware stack levels used:    1
 Hardware stack levels required when called:    5
 This function calls:
		Nothing
 This function is called by:
		_Check_Buttons
		_Load_Data
 This function uses a non-reentrant model


 *************** function _Delay_Routine *****************
 Defined at:
		line 78 in file "main.c"
 Parameters:    Size  Location     Type
  delay_multip    1    wreg     unsigned char 
 Auto vars:     Size  Location     Type
  delay_multip    1    1[BANK0 ] unsigned char 
  delay_counte    1    2[BANK0 ] unsigned char 
 Return value:  Size  Location     Type
		None               void
 Registers used:
		wreg, status,2, status,0, cstack
 Tracked objects:
		On entry : 
		On exit  : 
		Unchanged: 
 Data sizes:     COMRAM   BANK0   BANK1
      Params:         0       0       0
      Locals:         0       2       0
      Temps:          0       1       0
      Totals:         0       3       0
Total ram usage:        3 bytes
 Hardware stack levels used:    1
 Hardware stack levels required when called:    5
 This function calls:
		Nothing
 This function is called by:
		_Check_Buttons
		_Load_Data
		_Del_Data
 This function uses a non-reentrant model


 *************** function _Isr *****************
 Defined at:
		line 4 in file "interrupt.c"
 Parameters:    Size  Location     Type
		None
 Auto vars:     Size  Location     Type
  search_index    1   43[COMRAM] unsigned char 
  pixel_index_    1   42[COMRAM] unsigned char 
  pixel_index_    1   41[COMRAM] unsigned char 
 Return value:  Size  Location     Type
		None               void
 Registers used:
		wreg, fsr2l, fsr2h, status,2, status,0, tblptrl, tblptrh, tblptru, prodl, prodh, cstack
 Tracked objects:
		On entry : 
		On exit  : 
		Unchanged: 
 Data sizes:     COMRAM   BANK0   BANK1
      Params:         0       0       0
      Locals:         3       0       0
      Temps:         17       0       0
      Totals:        20       0       0
Total ram usage:       20 bytes
 Hardware stack levels used:    1
 Hardware stack levels required when called:    4
 This function calls:
		_Ignite_Detonators
		_Receive
		___awdiv
		i2_Check_Detonators
		i2_Set_Display
 This function is called by:
		Interrupt level 2
 This function uses a non-reentrant model


 *************** function i2_Set_Display *****************
 Defined at:
		line 139 in file "display.c"
 Parameters:    Size  Location     Type
  type            1    wreg     unsigned char 
  information     1   20[COMRAM] unsigned char 
  value           2   21[COMRAM] unsigned int 
 Auto vars:     Size  Location     Type
  type            1   23[COMRAM] unsigned char 
 Return value:  Size  Location     Type
		None               void
 Registers used:
		wreg, fsr2l, fsr2h, status,2, status,0, tblptrl, tblptrh, tblptru, prodl, prodh, cstack
 Tracked objects:
		On entry : 
		On exit  : 
		Unchanged: 
 Data sizes:     COMRAM   BANK0   BANK1
      Params:         3       0       0
      Locals:         1       0       0
      Temps:          0       0       0
      Totals:         4       0       0
Total ram usage:        4 bytes
 Hardware stack levels used:    1
 Hardware stack levels required when called:    3
 This function calls:
		i2_Evaluate_Display
		i2_Evaluate_Signs
		i2_Write_Display_Byte
 This function is called by:
		_Isr
 This function uses a non-reentrant model


 *************** function i2_Write_Display_Byte *****************
 Defined at:
		line 46 in file "communication.c"
 Parameters:    Size  Location     Type
  write_data      2    0[COMRAM] PTR unsigned char 
		 -> pixels(7), 
 Auto vars:     Size  Location     Type
  Write_Displa    1    6[COMRAM] unsigned char 
 Return value:  Size  Location     Type
		None               void
 Registers used:
		wreg, fsr2l, fsr2h, status,2, status,0
 Tracked objects:
		On entry : 
		On exit  : 
		Unchanged: 
 Data sizes:     COMRAM   BANK0   BANK1
      Params:         2       0       0
      Locals:         1       0       0
      Temps:          4       0       0
      Totals:         7       0       0
Total ram usage:        7 bytes
 Hardware stack levels used:    1
 This function calls:
		Nothing
 This function is called by:
		i2_Set_Display
 This function uses a non-reentrant model


 *************** function i2_Evaluate_Signs *****************
 Defined at:
		line 119 in file "display.c"
 Parameters:    Size  Location     Type
  evaluation_v    2   17[COMRAM] unsigned int 
 Auto vars:     Size  Location     Type
  Evaluate_Sig    1   19[COMRAM] unsigned char 
 Return value:  Size  Location     Type
		None               void
 Registers used:
		wreg, fsr2l, fsr2h, status,2, status,0, tblptrl, tblptrh, tblptru, prodl, prodh, cstack
 Tracked objects:
		On entry : 
		On exit  : 
		Unchanged: 
 Data sizes:     COMRAM   BANK0   BANK1
      Params:         2       0       0
      Locals:         1       0       0
      Temps:          0       0       0
      Totals:         3       0       0
Total ram usage:        3 bytes
 Hardware stack levels used:    1
 Hardware stack levels required when called:    2
 This function calls:
		i2_Evaluate_Display
		i2___lwmod
 This function is called by:
		i2_Set_Display
 This function uses a non-reentrant model


 *************** function i2___lwmod *****************
 Defined at:
		line 8 in file "C:\Program Files (x86)\Microchip\xc8\v1.35\sources\common\lwmod.c"
 Parameters:    Size  Location     Type
  dividend        2    0[COMRAM] unsigned int 
  divisor         2    2[COMRAM] unsigned int 
 Auto vars:     Size  Location     Type
  __lwmod         1    4[COMRAM] unsigned char 
 Return value:  Size  Location     Type
                  2    0[COMRAM] unsigned int 
 Registers used:
		wreg, status,2, status,0
 Tracked objects:
		On entry : 
		On exit  : 
		Unchanged: 
 Data sizes:     COMRAM   BANK0   BANK1
      Params:         4       0       0
      Locals:         1       0       0
      Temps:          0       0       0
      Totals:         5       0       0
Total ram usage:        5 bytes
 Hardware stack levels used:    1
 This function calls:
		Nothing
 This function is called by:
		i2_Evaluate_Signs
 This function uses a non-reentrant model


 *************** function i2_Evaluate_Display *****************
 Defined at:
		line 52 in file "display.c"
 Parameters:    Size  Location     Type
  size            1    wreg     unsigned char 
  evaluate        2    8[COMRAM] PTR const unsigned char 
		 -> signs(3), STR_2(4), STR_1(4), 
 Auto vars:     Size  Location     Type
  size            1   16[COMRAM] unsigned char 
 Return value:  Size  Location     Type
		None               void
 Registers used:
		wreg, fsr2l, fsr2h, status,2, status,0, tblptrl, tblptrh, tblptru, prodl, prodh, cstack
 Tracked objects:
		On entry : 
		On exit  : 
		Unchanged: 
 Data sizes:     COMRAM   BANK0   BANK1
      Params:         2       0       0
      Locals:         1       0       0
      Temps:          6       0       0
      Totals:         9       0       0
Total ram usage:        9 bytes
 Hardware stack levels used:    1
 Hardware stack levels required when called:    1
 This function calls:
		i2_Set_Bits
 This function is called by:
		i2_Evaluate_Signs
		i2_Set_Display
 This function uses a non-reentrant model


 *************** function i2_Set_Bits *****************
 Defined at:
		line 12 in file "display.c"
 Parameters:    Size  Location     Type
  bits            3    0[COMRAM] PTR const unsigned char 
		 -> ROM(8191), STR_19(2), STR_18(6), STR_17(7), 
		 -> STR_16(4), STR_15(6), STR_14(7), STR_13(7), 
		 -> STR_12(7), STR_11(8), STR_10(4), STR_9(7), 
		 -> STR_8(6), STR_7(5), STR_6(6), STR_5(6), 
		 -> STR_4(3), STR_3(7), 
 Auto vars:     Size  Location     Type
  Set_Bits        1    7[COMRAM] unsigned char 
  Set_Bits        1    6[COMRAM] unsigned char 
 Return value:  Size  Location     Type
		None               void
 Registers used:
		wreg, fsr2l, fsr2h, status,2, status,0, tblptrl, tblptrh, tblptru, prodl, prodh
 Tracked objects:
		On entry : 
		On exit  : 
		Unchanged: 
 Data sizes:     COMRAM   BANK0   BANK1
      Params:         3       0       0
      Locals:         2       0       0
      Temps:          3       0       0
      Totals:         8       0       0
Total ram usage:        8 bytes
 Hardware stack levels used:    1
 This function calls:
		Nothing
 This function is called by:
		i2_Evaluate_Display
 This function uses a non-reentrant model


 *************** function i2_Check_Detonators *****************
 Defined at:
		line 25 in file "ignition.c"
 Parameters:    Size  Location     Type
		None
 Auto vars:     Size  Location     Type
		None
 Return value:  Size  Location     Type
		None               void
 Registers used:
		wreg, fsr2l, fsr2h, status,2, status,0, prodl, prodh, cstack
 Tracked objects:
		On entry : 
		On exit  : 
		Unchanged: 
 Data sizes:     COMRAM   BANK0   BANK1
      Params:         0       0       0
      Locals:         0       0       0
      Temps:          0       0       0
      Totals:         0       0       0
Total ram usage:        0 bytes
 Hardware stack levels used:    1
 Hardware stack levels required when called:    1
 This function calls:
		i2_Transmit
 This function is called by:
		_Isr
 This function uses a non-reentrant model


 *************** function ___awdiv *****************
 Defined at:
		line 8 in file "C:\Program Files (x86)\Microchip\xc8\v1.35\sources\common\awdiv.c"
 Parameters:    Size  Location     Type
  dividend        2    0[COMRAM] int 
  divisor         2    2[COMRAM] int 
 Auto vars:     Size  Location     Type
  quotient        2    6[COMRAM] int 
  sign            1    5[COMRAM] unsigned char 
  counter         1    4[COMRAM] unsigned char 
 Return value:  Size  Location     Type
                  2    0[COMRAM] int 
 Registers used:
		wreg, status,2, status,0
 Tracked objects:
		On entry : 
		On exit  : 
		Unchanged: 
 Data sizes:     COMRAM   BANK0   BANK1
      Params:         4       0       0
      Locals:         4       0       0
      Temps:          0       0       0
      Totals:         8       0       0
Total ram usage:        8 bytes
 Hardware stack levels used:    1
 This function calls:
		Nothing
 This function is called by:
		_Isr
 This function uses a non-reentrant model


 *************** function _Receive *****************
 Defined at:
		line 37 in file "communication.c"
 Parameters:    Size  Location     Type
		None
 Auto vars:     Size  Location     Type
		None
 Return value:  Size  Location     Type
                  1    wreg      unsigned char 
 Registers used:
		wreg, status,2
 Tracked objects:
		On entry : 
		On exit  : 
		Unchanged: 
 Data sizes:     COMRAM   BANK0   BANK1
      Params:         0       0       0
      Locals:         0       0       0
      Temps:          0       0       0
      Totals:         0       0       0
Total ram usage:        0 bytes
 Hardware stack levels used:    1
 This function calls:
		Nothing
 This function is called by:
		_Isr
 This function uses a non-reentrant model


 *************** function _Ignite_Detonators *****************
 Defined at:
		line 29 in file "ignition.c"
 Parameters:    Size  Location     Type
		None
 Auto vars:     Size  Location     Type
  counter         1    5[COMRAM] unsigned char 
 Return value:  Size  Location     Type
		None               void
 Registers used:
		wreg, fsr2l, fsr2h, status,2, status,0, prodl, prodh, cstack
 Tracked objects:
		On entry : 
		On exit  : 
		Unchanged: 
 Data sizes:     COMRAM   BANK0   BANK1
      Params:         0       0       0
      Locals:         1       0       0
      Temps:          2       0       0
      Totals:         3       0       0
Total ram usage:        3 bytes
 Hardware stack levels used:    1
 Hardware stack levels required when called:    1
 This function calls:
		i2_Transmit
 This function is called by:
		_Isr
 This function uses a non-reentrant model


 *************** function i2_Transmit *****************
 Defined at:
		line 15 in file "communication.c"
 Parameters:    Size  Location     Type
  receiver        1    wreg     unsigned char 
  operation       1    0[COMRAM] unsigned char 
  port            1    1[COMRAM] unsigned char 
 Auto vars:     Size  Location     Type
  receiver        1    2[COMRAM] unsigned char 
 Return value:  Size  Location     Type
		None               void
 Registers used:
		wreg, status,2
 Tracked objects:
		On entry : 
		On exit  : 
		Unchanged: 
 Data sizes:     COMRAM   BANK0   BANK1
      Params:         2       0       0
      Locals:         1       0       0
      Temps:          0       0       0
      Totals:         3       0       0
Total ram usage:        3 bytes
 Hardware stack levels used:    1
 This function calls:
		Nothing
 This function is called by:
		_Ignite_Detonators
		i2_Check_Detonators
 This function uses a non-reentrant model



MODULE INFORMATION

Module		Function		Class		Link	Load	Size
C:\Program Files (x86)\Microchip\xc8\v1.35\sources\common\awdiv.c
		___awdiv       		CODE           	1056	0000	133

C:\Program Files (x86)\Microchip\xc8\v1.35\sources\common\awdiv.c estimated size: 133

storage.c
		_Save_Data     		CODE           	13A0	0000	85
		_Read_Data     		CODE           	13F4	0000	79
		_Load_Data     		CODE           	0CF0	0000	271
		_Del_Data      		CODE           	148A	0000	71

storage.c estimated size: 506

C:\Program Files (x86)\Microchip\xc8\v1.35\sources\common\lwmod.c
		___lwmod       		CODE           	12E8	0000	99

C:\Program Files (x86)\Microchip\xc8\v1.35\sources\common\lwmod.c estimated size: 99

interrupt.c
		_Isr           		CODE           	0008	0000	527

interrupt.c estimated size: 527

shared
		i2_Set_Bits    		CODE           	0EE8	0000	187
		i2_Evaluate_Signs		CODE           	1222	0000	101
		i2_Check_Detonators		CODE           	15C8	0000	57
		i2___lwmod     		CODE           	1512	0000	67
		__initialization		CODE           	1442	0000	59
		i2_Set_Display 		CODE           	134A	0000	87
		i2_Transmit    		CODE           	1600	0000	55
		i2_Write_Display_Byte		CODE           	14D0	0000	67
		i2_Evaluate_Display		CODE           	0A82	0000	623

shared estimated size: 1303

ignition.c
		_Ignite_Detonators		CODE           	1152	0000	109
		_Start_Timer   		CODE           	1706	0000	29
		_Check_Detonators		CODE           	1554	0000	61

ignition.c estimated size: 199

display.c
		_Set_Display   		CODE           	11BE	0000	101
		_Evaluate_Display		CODE           	078E	0000	757
		_Evaluate_Signs		CODE           	10DA	0000	121
		_Set_Bits      		CODE           	0DFE	0000	235

display.c estimated size: 1214

buttonchanges.c
		_Check_Buttons 		CODE           	0270	0000	1311

buttonchanges.c estimated size: 1311

init.c
		_InitInterrupt 		CODE           	1768	0000	13
		_InitPort      		CODE           	1748	0000	19
		_InitTimer     		CODE           	1636	0000	49
		_InitTransmission		CODE           	16C4	0000	37
		_InitTris      		CODE           	1736	0000	19
		_InitMiscellaneous		CODE           	1774	0000	7
		_Init          		CODE           	16E8	0000	31
		_InitAnsel     		CODE           	1722	0000	21

init.c estimated size: 196

main.c
		_main          		CODE           	1696	0000	47
		_Delay_Routine 		CODE           	1666	0000	49

main.c estimated size: 96

communication.c
		_Receive       		CODE           	175A	0000	15
		_Write_Display_Byte		CODE           	1286	0000	99
		_Transmit      		CODE           	1590	0000	57

communication.c estimated size: 171

