Microchip MPLAB XC8 Compiler V1.35 ()

Linker command line:

--edf=C:\Program Files (x86)\Microchip\xc8\v1.35\dat\en_msgs.txt -cs \
  -h+dist/default/debug\PYR_M_NEW.X.debug.sym \
  --cmf=dist/default/debug\PYR_M_NEW.X.debug.cmf -z -Q18F23K22 \
  -oC:\Users\Lucas\AppData\Local\Temp\s5m4.2 \
  -Mdist/default/debug/PYR_M_NEW.X.debug.map -E1 -ver=XC8 -ASTACK=067h-0ffh \
  -pstack=STACK -ACODE=00h-01FFFh -ACONST=00h-01FFFh \
  -ASMALLCONST=0200h-02FFhx30 -AMEDIUMCONST=0200h-01FFFh -ACOMRAM=01h-05Fh \
  -AABS1=00h-01FFh -ABIGRAM=01h-01FFh -ARAM=060h-0FFh,0100h-01FFh \
  -ABANK0=060h-0FFh -ABANK1=0100h-01FFh -ASFR=0F38h-0F5Fh,0F60h-0FFCh \
  -preset_vec=00h,intcode=08h,intcodelo,powerup,init,end_init \
  -pramtop=0200h -psmallconst=SMALLCONST -pmediumconst=MEDIUMCONST \
  -pconst=CONST -AFARRAM=00h-00h -ACONFIG=0300000h-030000Dh -pconfig=CONFIG \
  -AIDLOC=0200000h-0200007h -pidloc=IDLOC -AEEDATA=0F00000h-0F000FFh \
  -peeprom_data=EEDATA \
  -prdata=COMRAM,nvrram=COMRAM,nvbit=COMRAM,rbss=COMRAM,rbit=COMRAM \
  -pfarbss=FARRAM,fardata=FARRAM,nvFARRAM=FARRAM \
  -pintsave_regs=BIGRAM,bigbss=BIGRAM,bigdata=BIGRAM -pbss=RAM \
  -pidata=CODE,irdata=CODE,ibigdata=CODE,ifardata=CODE -prparam=COMRAM \
  C:\Users\Lucas\AppData\Local\Temp\s5m4.obj \
  dist/default/debug\PYR_M_NEW.X.debug.obj 

Object code version is 3.11

Machine type is 18F23K22

Call graph: (short form)




                Name                               Link     Load   Length Selector   Space Scale
C:\Users\Lucas\AppData\Local\Temp\s5m4.obj
                end_init                            216      216        4        4       0
                reset_vec                             0        0        6        0       0
                idloc                            200000   200000        8   200000       0
                config                           300000   300000        E   300000       0
dist/default/debug\PYR_M_NEW.X.debug.obj
                intcode                               8        8      20E        4       0
                temp                                 41       41        1        1       1
                smallconst                          21A      21A       56      10D       0
                text20                              940      940       36      138       0
                text19                              908      908       38      138       0
                text18                              6BC      6BC       6C      138       0
                text17                              A32      A32        E      138       0
                text16                              4CA      4CA       BA      138       0
                text15                              270      270      25A      138       0
                text14                              88A      88A       42      138       0
                text13                              78E      78E       64      138       0
                text12                              844      844       46      138       0
                text11                              7F2      7F2       52      138       0
                text10                              638      638       84      138       0
                text8                               9FA      9FA       14      138       0
                text7                               A40      A40        6      138       0
                text6                               A20      A20       12      138       0
                text5                               976      976       30      138       0
                text4                               9A6      9A6       24      138       0
                text3                               A0E      A0E       12      138       0
                text2                               9CA      9CA       1A      138       0
                text1                               728      728       66      138       0
                text0                               9E4      9E4       16      138       0
                cstackCOMRAM                          1        1       28        1       1
                cstackBANK0                          60       60        7       60       1
                dataBANK1                           100      100       B4      100       1
                bssCOMRAM                            29       29       17        1       1
                bitbssCOMRAM                        200       40        4        1       1     8
                cinit                               8CC      8CC       3C      138       0
                idataBANK1                          584      584       B4      138       0

TOTAL           Name                               Link     Load   Length     Space
        CLASS   STACK          

        CLASS   CODE           
                end_init                            216      216        4         0
                intcode                               8        8      20E         0
                reset_vec                             0        0        6         0
                text20                              940      940       36         0
                text19                              908      908       38         0
                text18                              6BC      6BC       6C         0
                text17                              A32      A32        E         0
                text16                              4CA      4CA       BA         0
                text15                              270      270      25A         0
                text14                              88A      88A       42         0
                text13                              78E      78E       64         0
                text12                              844      844       46         0
                text11                              7F2      7F2       52         0
                text10                              638      638       84         0
                text8                               9FA      9FA       14         0
                text7                               A40      A40        6         0
                text6                               A20      A20       12         0
                text5                               976      976       30         0
                text4                               9A6      9A6       24         0
                text3                               A0E      A0E       12         0
                text2                               9CA      9CA       1A         0
                text1                               728      728       66         0
                text0                               9E4      9E4       16         0
                cinit                               8CC      8CC       3C         0
                idataBANK1                          584      584       B4         0

        CLASS   CONST          

        CLASS   SMALLCONST     
                smallconst                          21A      21A       56         0

        CLASS   MEDIUMCONST    

        CLASS   COMRAM         
                temp                                 41       41        1         1
                cstackCOMRAM                          1        1       28         1
                bssCOMRAM                            29       29       17         1
                bitbssCOMRAM                        200       40        4         1

        CLASS   ABS1           

        CLASS   BIGRAM         

        CLASS   RAM            

        CLASS   BANK0          
                cstackBANK0                          60       60        7         1

        CLASS   BANK1          
                dataBANK1                           100      100       B4         1

        CLASS   SFR            

        CLASS   FARRAM         

        CLASS   CONFIG         
                config                           300000   300000        E         0

        CLASS   IDLOC          
                idloc                            200000   200000        8         0

        CLASS   EEDATA         



SEGMENTS        Name                           Load    Length   Top    Selector   Space  Class

                reset_vec                      000000  000006  000006         0       0  CODE    
                cstackCOMRAM                   000001  000041  000042         1       1  COMRAM  
                intcode                        000008  000212  00021A         4       0  CODE    
                cstackBANK0                    000060  000007  000067        60       1  BANK0   
                dataBANK1                      000100  0000B4  0001B4       100       1  BANK1   
                smallconst                     00021A  000056  000270       10D       0  SMALLCON
                text15                         000270  0007D6  000A46       138       0  CODE    
                idloc                          200000  000008  200008    200000       0  IDLOC   
                config                         300000  00000E  30000E    300000       0  CONFIG  


UNUSED ADDRESS RANGES

        Name                Unused          Largest block    Delta
        BANK0            000067-0000FF               99
        BANK1            0001B4-0001FF               4C
        BIGRAM           000042-00005F               1E
                         000067-0000FF               99
                         0001B4-0001FF               4C
        CODE             000006-000007                2
                         000A46-001FFF             15BA
        COMRAM           000042-00005F               1E
        CONST            000006-000007                2
                         000A46-001FFF             15BA
        EEDATA           F00000-F000FF              100
        MEDIUMCONST      000A46-001FFF             15BA
        RAM              000067-0000FF               99
                         0001B4-0001FF               4C
        SFR              000F38-000FFC               28
        SMALLCONST       000A46-001FFF              100
        STACK            000067-0000FF               99

                                  Symbol Table

?___awdiv                       cstackCOMRAM 000001
?___lwmod                       cstackCOMRAM 000001
Evaluate_Display@evaluate       cstackCOMRAM 000009
Evaluate_Display@size           cstackCOMRAM 00000D
Evaluate_Signs@evaluation_value cstackCOMRAM 00000E
Evaluate_Signs@valuecounter     cstackCOMRAM 000010
Ignite_Detonators@counter       cstackCOMRAM 000006
Isr@pixel_index_array           cstackCOMRAM 000026
Isr@pixel_index_bit             cstackCOMRAM 000027
Isr@search_index                cstackCOMRAM 000028
Set_Bits@Bitoutput              cstackCOMRAM 000008
Set_Bits@bitcount               cstackCOMRAM 000007
Set_Bits@bits                   cstackCOMRAM 000001
Set_Display@information         cstackCOMRAM 000011
Set_Display@type                cstackCOMRAM 000014
Set_Display@value               cstackCOMRAM 000012
Transmit@operation              cstackCOMRAM 000001
Transmit@port                   cstackCOMRAM 000002
Transmit@receiver               cstackCOMRAM 000003
Write_Display_Byte@counter      cstackBANK0  000066
Write_Display_Byte@write_data   cstackBANK0  000060
_ANSELA                         (abs)        000F38
_ANSELB                         (abs)        000F39
_ANSELC                         (abs)        000F3A
_BAUDCON1bits                   (abs)        000FB8
_CCP1CONbits                    (abs)        000FBD
_CCPR1H                         (abs)        000FBF
_CCPR1L                         (abs)        000FBE
_CCPTMRS0bits                   (abs)        000F49
_Check_Detonators               text19       000908
_EEADR                          (abs)        000FA9
_EECON1bits                     (abs)        000FA6
_EECON2                         (abs)        000FA7
_EEDATA                         (abs)        000FA8
_Evaluate_Display               text15       000270
_Evaluate_Signs                 text13       00078E
_INTCONbits                     (abs)        000FF2
_Ignite_Detonators              text18       0006BC
_Init                           text2        0009CA
_InitAnsel                      text8        0009FA
_InitMiscellaneous              text7        000A40
_InitPort                       text6        000A20
_InitTimer                      text5        000976
_InitTransmission               text4        0009A6
_InitTris                       text3        000A0E
_Isr                            intcode      000008
_OSCCON                         (abs)        000FD3
_PIE1bits                       (abs)        000F9D
_PIR1bits                       (abs)        000F9E
_PIR2bits                       (abs)        000FA1
_PORTA                          (abs)        000F80
_PORTB                          (abs)        000F81
_PORTBbits                      (abs)        000F81
_PORTC                          (abs)        000F82
_PORTCbits                      (abs)        000F82
_PORTE                          (abs)        000F84
_RCREG1                         (abs)        000FAE
_RCSTA1bits                     (abs)        000FAB
_RCSTAbits                      (abs)        000FAB
_Receive                        text17       000A32
_SPBRG1                         (abs)        000FAF
_SSP1BUF                        (abs)        000FC9
_SSP1CON1                       (abs)        000FC6
_SSP1IF                         (abs)        007CF3
_SSP1STAT                       (abs)        000FC7
_Set_Bits                       text16       0004CA
_Set_Display                    text11       0007F2
_T1CONbits                      (abs)        000FCD
_T3CONbits                      (abs)        000FB1
_TMR1H                          (abs)        000FCF
_TMR1L                          (abs)        000FCE
_TMR3H                          (abs)        000FB3
_TMR3L                          (abs)        000FB2
_TRISA                          (abs)        000F92
_TRISB                          (abs)        000F93
_TRISC                          (abs)        000F94
_TRISCbits                      (abs)        000F94
_TRISE                          (abs)        000F96
_TXREG1                         (abs)        000FAD
_TXSTA1bits                     (abs)        000FAC
_Transmit                       text20       000940
_Write_Display_Byte             text1        000728
__CFG_BOREN$OFF                 (abs)        000000
__CFG_BORV$190                  (abs)        000000
__CFG_CCP2MX$PORTC1             (abs)        000000
__CFG_CCP3MX$PORTB5             (abs)        000000
__CFG_CP0$OFF                   (abs)        000000
__CFG_CP1$OFF                   (abs)        000000
__CFG_CPB$OFF                   (abs)        000000
__CFG_CPD$OFF                   (abs)        000000
__CFG_EBTR0$OFF                 (abs)        000000
__CFG_EBTR1$OFF                 (abs)        000000
__CFG_EBTRB$OFF                 (abs)        000000
__CFG_FCMEN$OFF                 (abs)        000000
__CFG_FOSC$INTIO67              (abs)        000000
__CFG_HFOFST$OFF                (abs)        000000
__CFG_IESO$OFF                  (abs)        000000
__CFG_LVP$OFF                   (abs)        000000
__CFG_MCLRE$EXTMCLR             (abs)        000000
__CFG_P2BMX$PORTB5              (abs)        000000
__CFG_PBADEN$OFF                (abs)        000000
__CFG_PLLCFG$OFF                (abs)        000000
__CFG_PRICLKEN$OFF              (abs)        000000
__CFG_PWRTEN$OFF                (abs)        000000
__CFG_STVREN$OFF                (abs)        000000
__CFG_T3CMX$PORTC0              (abs)        000000
__CFG_WDTEN$OFF                 (abs)        000000
__CFG_WDTPS$32768               (abs)        000000
__CFG_WRT0$OFF                  (abs)        000000
__CFG_WRT1$OFF                  (abs)        000000
__CFG_WRTB$OFF                  (abs)        000000
__CFG_WRTC$OFF                  (abs)        000000
__CFG_WRTD$OFF                  (abs)        000000
__CFG_XINST$OFF                 (abs)        000000
__HRAM                          (abs)        000000
__Habs1                         abs1         000000
__Hbank0                        bank0        000000
__Hbank1                        bank1        000000
__Hbigbss                       bigbss       000000
__Hbigdata                      bigdata      000000
__Hbigram                       bigram       000000
__HbitbssCOMRAM                 bitbssCOMRAM 000000
__Hbss                          bss          000000
__HbssCOMRAM                    bssCOMRAM    000000
__Hcinit                        cinit        000000
__Hclrtext                      clrtext      000000
__Hcomram                       comram       000000
__Hconfig                       config       30000E
__Hconst                        const        000000
__HcstackBANK0                  cstackBANK0  000000
__HcstackCOMRAM                 cstackCOMRAM 000000
__Hdata                         data         000000
__HdataBANK1                    dataBANK1    000000
__Heeprom_data                  eeprom_data  000000
__Hend_init                     end_init     00021A
__Hfarbss                       farbss       000000
__Hfardata                      fardata      000000
__Hibigdata                     ibigdata     000000
__Hidata                        idata        000000
__HidataBANK1                   idataBANK1   000000
__Hidloc                        idloc        200008
__Hifardata                     ifardata     000000
__Hinit                         init         000216
__Hintcode                      intcode      000216
__Hintcode_body                 intcode_body 000000
__Hintcodelo                    intcodelo    000216
__Hintentry                     intentry     000000
__Hintret                       intret       000000
__Hintsave_regs                 intsave_regs 000000
__Hirdata                       irdata       000000
__Hmediumconst                  mediumconst  000000
__HnvFARRAM                     nvFARRAM     000000
__Hnvbit                        nvbit        000000
__Hnvrram                       nvrram       000000
__Hparam                        rparam       000000
__Hpowerup                      powerup      000216
__Hram                          ram          000000
__Hramtop                       ramtop       000200
__Hrbit                         rbit         000000
__Hrbss                         rbss         000000
__Hrdata                        rdata        000000
__Hreset_vec                    reset_vec    000006
__Hrparam                       rparam       000000
__Hsfr                          sfr          000000
__Hsmallconst                   smallconst   000270
__Hspace_0                      (abs)        30000E
__Hspace_1                      (abs)        000204
__Hspace_2                      (abs)        000000
__Hstack                        stack        000000
__Hstruct                       struct       000000
__Htemp                         temp         000042
__Htext                         text         000000
__Htext0                        text0        000000
__Htext1                        text1        000000
__Htext10                       text10       000000
__Htext11                       text11       000000
__Htext12                       text12       000000
__Htext13                       text13       000000
__Htext14                       text14       000000
__Htext15                       text15       000000
__Htext16                       text16       000000
__Htext17                       text17       000000
__Htext18                       text18       000000
__Htext19                       text19       000000
__Htext2                        text2        000000
__Htext20                       text20       000000
__Htext3                        text3        000000
__Htext4                        text4        000000
__Htext5                        text5        000000
__Htext6                        text6        000000
__Htext7                        text7        000000
__Htext8                        text8        000000
__LRAM                          (abs)        000001
__Labs1                         abs1         000000
__Lbank0                        bank0        000000
__Lbank1                        bank1        000000
__Lbigbss                       bigbss       000000
__Lbigdata                      bigdata      000000
__Lbigram                       bigram       000000
__LbitbssCOMRAM                 bitbssCOMRAM 000000
__Lbss                          bss          000000
__LbssCOMRAM                    bssCOMRAM    000000
__Lcinit                        cinit        000000
__Lclrtext                      clrtext      000000
__Lcomram                       comram       000000
__Lconfig                       config       300000
__Lconst                        const        000000
__LcstackBANK0                  cstackBANK0  000000
__LcstackCOMRAM                 cstackCOMRAM 000000
__Ldata                         data         000000
__LdataBANK1                    dataBANK1    000000
__Leeprom_data                  eeprom_data  000000
__Lend_init                     end_init     000216
__Lfarbss                       farbss       000000
__Lfardata                      fardata      000000
__Libigdata                     ibigdata     000000
__Lidata                        idata        000000
__LidataBANK1                   idataBANK1   000000
__Lidloc                        idloc        200000
__Lifardata                     ifardata     000000
__Linit                         init         000216
__Lintcode                      intcode      000008
__Lintcode_body                 intcode_body 000000
__Lintcodelo                    intcodelo    000216
__Lintentry                     intentry     000000
__Lintret                       intret       000000
__Lintsave_regs                 intsave_regs 000000
__Lirdata                       irdata       000000
__Lmediumconst                  mediumconst  000000
__LnvFARRAM                     nvFARRAM     000000
__Lnvbit                        nvbit        000000
__Lnvrram                       nvrram       000000
__Lparam                        rparam       000000
__Lpowerup                      powerup      000216
__Lram                          ram          000000
__Lramtop                       ramtop       000200
__Lrbit                         rbit         000000
__Lrbss                         rbss         000000
__Lrdata                        rdata        000000
__Lreset_vec                    reset_vec    000000
__Lrparam                       rparam       000000
__Lsfr                          sfr          000000
__Lsmallconst                   smallconst   00021A
__Lspace_0                      (abs)        000000
__Lspace_1                      (abs)        000000
__Lspace_2                      (abs)        000000
__Lstack                        stack        000000
__Lstruct                       struct       000000
__Ltemp                         temp         000041
__Ltext                         text         000000
__Ltext0                        text0        000000
__Ltext1                        text1        000000
__Ltext10                       text10       000000
__Ltext11                       text11       000000
__Ltext12                       text12       000000
__Ltext13                       text13       000000
__Ltext14                       text14       000000
__Ltext15                       text15       000000
__Ltext16                       text16       000000
__Ltext17                       text17       000000
__Ltext18                       text18       000000
__Ltext19                       text19       000000
__Ltext2                        text2        000000
__Ltext20                       text20       000000
__Ltext3                        text3        000000
__Ltext4                        text4        000000
__Ltext5                        text5        000000
__Ltext6                        text6        000000
__Ltext7                        text7        000000
__Ltext8                        text8        000000
__S0                            (abs)        30000E
__S1                            (abs)        0001B4
__S2                            (abs)        000000
___awdiv                        text10       000638
___awdiv@counter                cstackCOMRAM 000005
___awdiv@dividend               cstackCOMRAM 000001
___awdiv@divisor                cstackCOMRAM 000003
___awdiv@quotient               cstackCOMRAM 000007
___awdiv@sign                   cstackCOMRAM 000006
___inthi_sp                     stack        000000
___intlo_sp                     stack        000000
___lwmod                        text14       00088A
___lwmod@counter                cstackCOMRAM 000005
___lwmod@dividend               cstackCOMRAM 000001
___lwmod@divisor                cstackCOMRAM 000003
___param_bank                   (abs)        000010
___rparam_used                  (abs)        000001
___sp                           stack        000000
__accesstop                     (abs)        000060
__activetblptr                  (abs)        000002
__end_of_Check_Detonators       text19       000940
__end_of_Evaluate_Display       text15       0004CA
__end_of_Evaluate_Signs         text13       0007F2
__end_of_Ignite_Detonators      text18       000728
__end_of_Init                   text2        0009E4
__end_of_InitAnsel              text8        000A0E
__end_of_InitMiscellaneous      text7        000A46
__end_of_InitPort               text6        000A32
__end_of_InitTimer              text5        0009A6
__end_of_InitTransmission       text4        0009CA
__end_of_InitTris               text3        000A20
__end_of_Isr                    intcode      000216
__end_of_Receive                text17       000A40
__end_of_Set_Bits               text16       000584
__end_of_Set_Display            text11       000844
__end_of_Transmit               text20       000976
__end_of_Write_Display_Byte     text1        00078E
__end_of___awdiv                text10       0006BC
__end_of___lwmod                text14       0008CC
__end_of__initialization        cinit        0008FA
__end_of_main                   text0        0009FA
__end_ofi2_Write_Display_Byte   text12       00088A
__initialization                cinit        0008CC
__mediumconst                   mediumconst  000000
__pbitbssCOMRAM                 bitbssCOMRAM 000200
__pbssCOMRAM                    bssCOMRAM    000029
__pcinit                        cinit        0008CC
__pcstackBANK0                  cstackBANK0  000060
__pcstackCOMRAM                 cstackCOMRAM 000001
__pdataBANK1                    dataBANK1    000100
__pidataBANK1                   idataBANK1   000584
__pintcode                      intcode      000008
__psmallconst                   smallconst   00021A
__ptext0                        text0        0009E4
__ptext1                        text1        000728
__ptext10                       text10       000638
__ptext11                       text11       0007F2
__ptext12                       text12       000844
__ptext13                       text13       00078E
__ptext14                       text14       00088A
__ptext15                       text15       000270
__ptext16                       text16       0004CA
__ptext17                       text17       000A32
__ptext18                       text18       0006BC
__ptext19                       text19       000908
__ptext2                        text2        0009CA
__ptext20                       text20       000940
__ptext3                        text3        000A0E
__ptext4                        text4        0009A6
__ptext5                        text5        000976
__ptext6                        text6        000A20
__ptext7                        text7        000A40
__ptext8                        text8        0009FA
__ramtop                        ramtop       000200
__size_of_Check_Detonators      (abs)        000000
__size_of_Evaluate_Display      (abs)        000000
__size_of_Evaluate_Signs        (abs)        000000
__size_of_Ignite_Detonators     (abs)        000000
__size_of_Init                  (abs)        000000
__size_of_InitAnsel             (abs)        000000
__size_of_InitMiscellaneous     (abs)        000000
__size_of_InitPort              (abs)        000000
__size_of_InitTimer             (abs)        000000
__size_of_InitTransmission      (abs)        000000
__size_of_InitTris              (abs)        000000
__size_of_Isr                   (abs)        000000
__size_of_Receive               (abs)        000000
__size_of_Set_Bits              (abs)        000000
__size_of_Set_Display           (abs)        000000
__size_of_Transmit              (abs)        000000
__size_of_Write_Display_Byte    (abs)        000000
__size_of___awdiv               (abs)        000000
__size_of___lwmod               (abs)        000000
__size_of_main                  (abs)        000000
__size_ofi2_Write_Display_Byte  (abs)        000000
__smallconst                    smallconst   00021A
_check_counter                  bssCOMRAM    000031
_current_time                   bssCOMRAM    00002F
_display_counter                bssCOMRAM    000032
_ignite_ready                   bitbssCOMRAM 000200
_main                           text0        0009E4
_master_addressed               bitbssCOMRAM 000201
_overrun                        bitbssCOMRAM 000202
_pin                            dataBANK1    000100
_pin_selected                   bssCOMRAM    000033
_pixels                         bssCOMRAM    000036
_receive_counter                bssCOMRAM    000034
_received                       bssCOMRAM    000029
_signs                          bssCOMRAM    00003D
_slave_selected                 bssCOMRAM    000035
_testflag                       bitbssCOMRAM 000203
btemp                           temp         000041
end_of_initialization           cinit        0008FA
i2Write_Display_Byte@counter    cstackCOMRAM 000007
i2Write_Display_Byte@write_data cstackCOMRAM 000001
i2_Write_Display_Byte           text12       000844
int$flags                       temp         000041
intlevel0                       text         000000
intlevel1                       text         000000
intlevel2                       text         000000
intlevel3                       text         000000
stackhi                         (abs)        0000FF
stacklo                         (abs)        000067
start                           init         000216
start_initialization            cinit        0008CC


FUNCTION INFORMATION:

 *************** function _main *****************
 Defined at:
		line 86 in file "main.c"
 Parameters:    Size  Location     Type
		None
 Auto vars:     Size  Location     Type
		None
 Return value:  Size  Location     Type
		None               void
 Registers used:
		wreg, fsr2l, fsr2h, status,2, status,0, cstack
 Tracked objects:
		On entry : 
		On exit  : 
		Unchanged: 
 Data sizes:     COMRAM   BANK0   BANK1
      Params:         0       0       0
      Locals:         0       0       0
      Temps:          0       0       0
      Totals:         0       0       0
Total ram usage:        0 bytes
 Hardware stack levels required when called:    7
 This function calls:
		_Init
		_Write_Display_Byte
 This function is called by:
		Startup code after reset
 This function uses a non-reentrant model


 *************** function _Write_Display_Byte *****************
 Defined at:
		line 49 in file "communication.c"
 Parameters:    Size  Location     Type
  write_data      2    0[BANK0 ] PTR unsigned char 
		 -> pixels(7), RAM(511), 
 Auto vars:     Size  Location     Type
  counter         1    6[BANK0 ] unsigned char 
 Return value:  Size  Location     Type
		None               void
 Registers used:
		wreg, fsr2l, fsr2h, status,2, status,0
 Tracked objects:
		On entry : 
		On exit  : 
		Unchanged: 
 Data sizes:     COMRAM   BANK0   BANK1
      Params:         0       2       0
      Locals:         0       1       0
      Temps:          0       4       0
      Totals:         0       7       0
Total ram usage:        7 bytes
 Hardware stack levels used:    1
 Hardware stack levels required when called:    5
 This function calls:
		Nothing
 This function is called by:
		_main
 This function uses a non-reentrant model


 *************** function _Init *****************
 Defined at:
		line 3 in file "init.c"
 Parameters:    Size  Location     Type
		None
 Auto vars:     Size  Location     Type
		None
 Return value:  Size  Location     Type
		None               void
 Registers used:
		wreg, status,2, cstack
 Tracked objects:
		On entry : 
		On exit  : 
		Unchanged: 
 Data sizes:     COMRAM   BANK0   BANK1
      Params:         0       0       0
      Locals:         0       0       0
      Temps:          0       0       0
      Totals:         0       0       0
Total ram usage:        0 bytes
 Hardware stack levels used:    1
 Hardware stack levels required when called:    6
 This function calls:
		_InitAnsel
		_InitMiscellaneous
		_InitPort
		_InitTimer
		_InitTransmission
		_InitTris
 This function is called by:
		_main
 This function uses a non-reentrant model


 *************** function _InitTris *****************
 Defined at:
		line 20 in file "init.c"
 Parameters:    Size  Location     Type
		None
 Auto vars:     Size  Location     Type
		None
 Return value:  Size  Location     Type
		None               void
 Registers used:
		wreg, status,2
 Tracked objects:
		On entry : 
		On exit  : 
		Unchanged: 
 Data sizes:     COMRAM   BANK0   BANK1
      Params:         0       0       0
      Locals:         0       0       0
      Temps:          0       0       0
      Totals:         0       0       0
Total ram usage:        0 bytes
 Hardware stack levels used:    1
 Hardware stack levels required when called:    5
 This function calls:
		Nothing
 This function is called by:
		_Init
 This function uses a non-reentrant model


 *************** function _InitTransmission *****************
 Defined at:
		line 37 in file "init.c"
 Parameters:    Size  Location     Type
		None
 Auto vars:     Size  Location     Type
		None
 Return value:  Size  Location     Type
		None               void
 Registers used:
		wreg, status,2
 Tracked objects:
		On entry : 
		On exit  : 
		Unchanged: 
 Data sizes:     COMRAM   BANK0   BANK1
      Params:         0       0       0
      Locals:         0       0       0
      Temps:          0       0       0
      Totals:         0       0       0
Total ram usage:        0 bytes
 Hardware stack levels used:    1
 Hardware stack levels required when called:    5
 This function calls:
		Nothing
 This function is called by:
		_Init
 This function uses a non-reentrant model


 *************** function _InitTimer *****************
 Defined at:
		line 56 in file "init.c"
 Parameters:    Size  Location     Type
		None
 Auto vars:     Size  Location     Type
		None
 Return value:  Size  Location     Type
		None               void
 Registers used:
		wreg, status,2
 Tracked objects:
		On entry : 
		On exit  : 
		Unchanged: 
 Data sizes:     COMRAM   BANK0   BANK1
      Params:         0       0       0
      Locals:         0       0       0
      Temps:          0       0       0
      Totals:         0       0       0
Total ram usage:        0 bytes
 Hardware stack levels used:    1
 Hardware stack levels required when called:    5
 This function calls:
		Nothing
 This function is called by:
		_Init
 This function uses a non-reentrant model


 *************** function _InitPort *****************
 Defined at:
		line 13 in file "init.c"
 Parameters:    Size  Location     Type
		None
 Auto vars:     Size  Location     Type
		None
 Return value:  Size  Location     Type
		None               void
 Registers used:
		wreg, status,2
 Tracked objects:
		On entry : 
		On exit  : 
		Unchanged: 
 Data sizes:     COMRAM   BANK0   BANK1
      Params:         0       0       0
      Locals:         0       0       0
      Temps:          0       0       0
      Totals:         0       0       0
Total ram usage:        0 bytes
 Hardware stack levels used:    1
 Hardware stack levels required when called:    5
 This function calls:
		Nothing
 This function is called by:
		_Init
 This function uses a non-reentrant model


 *************** function _InitMiscellaneous *****************
 Defined at:
		line 33 in file "init.c"
 Parameters:    Size  Location     Type
		None
 Auto vars:     Size  Location     Type
		None
 Return value:  Size  Location     Type
		None               void
 Registers used:
		wreg, status,2
 Tracked objects:
		On entry : 
		On exit  : 
		Unchanged: 
 Data sizes:     COMRAM   BANK0   BANK1
      Params:         0       0       0
      Locals:         0       0       0
      Temps:          0       0       0
      Totals:         0       0       0
Total ram usage:        0 bytes
 Hardware stack levels used:    1
 Hardware stack levels required when called:    5
 This function calls:
		Nothing
 This function is called by:
		_Init
 This function uses a non-reentrant model


 *************** function _InitAnsel *****************
 Defined at:
		line 27 in file "init.c"
 Parameters:    Size  Location     Type
		None
 Auto vars:     Size  Location     Type
		None
 Return value:  Size  Location     Type
		None               void
 Registers used:
		wreg, status,2
 Tracked objects:
		On entry : 
		On exit  : 
		Unchanged: 
 Data sizes:     COMRAM   BANK0   BANK1
      Params:         0       0       0
      Locals:         0       0       0
      Temps:          0       0       0
      Totals:         0       0       0
Total ram usage:        0 bytes
 Hardware stack levels used:    1
 Hardware stack levels required when called:    5
 This function calls:
		Nothing
 This function is called by:
		_Init
 This function uses a non-reentrant model


 *************** function _Isr *****************
 Defined at:
		line 4 in file "interrupt.c"
 Parameters:    Size  Location     Type
		None
 Auto vars:     Size  Location     Type
  search_index    1   39[COMRAM] unsigned char 
  pixel_index_    1   38[COMRAM] unsigned char 
  pixel_index_    1   37[COMRAM] unsigned char 
 Return value:  Size  Location     Type
		None               void
 Registers used:
		wreg, fsr0l, fsr0h, fsr2l, fsr2h, status,2, status,0, tblptrl, tblptrh, tblptru, prodl, prodh, cstack
 Tracked objects:
		On entry : 
		On exit  : 
		Unchanged: 
 Data sizes:     COMRAM   BANK0   BANK1
      Params:         0       0       0
      Locals:         3       0       0
      Temps:         17       0       0
      Totals:        20       0       0
Total ram usage:       20 bytes
 Hardware stack levels used:    1
 Hardware stack levels required when called:    4
 This function calls:
		_Check_Detonators
		_Ignite_Detonators
		_Receive
		_Set_Display
		___awdiv
 This function is called by:
		Interrupt level 2
 This function uses a non-reentrant model


 *************** function ___awdiv *****************
 Defined at:
		line 8 in file "C:\Program Files (x86)\Microchip\xc8\v1.35\sources\common\awdiv.c"
 Parameters:    Size  Location     Type
  dividend        2    0[COMRAM] int 
  divisor         2    2[COMRAM] int 
 Auto vars:     Size  Location     Type
  quotient        2    6[COMRAM] int 
  sign            1    5[COMRAM] unsigned char 
  counter         1    4[COMRAM] unsigned char 
 Return value:  Size  Location     Type
                  2    0[COMRAM] int 
 Registers used:
		wreg, status,2, status,0
 Tracked objects:
		On entry : 
		On exit  : 
		Unchanged: 
 Data sizes:     COMRAM   BANK0   BANK1
      Params:         4       0       0
      Locals:         4       0       0
      Temps:          0       0       0
      Totals:         8       0       0
Total ram usage:        8 bytes
 Hardware stack levels used:    1
 This function calls:
		Nothing
 This function is called by:
		_Isr
 This function uses a non-reentrant model


 *************** function _Set_Display *****************
 Defined at:
		line 138 in file "display.c"
 Parameters:    Size  Location     Type
  type            1    wreg     unsigned char 
  information     1   16[COMRAM] unsigned char 
  value           2   17[COMRAM] unsigned int 
 Auto vars:     Size  Location     Type
  type            1   19[COMRAM] unsigned char 
 Return value:  Size  Location     Type
		None               void
 Registers used:
		wreg, fsr0l, fsr0h, fsr2l, fsr2h, status,2, status,0, tblptrl, tblptrh, tblptru, prodl, prodh, cstack
 Tracked objects:
		On entry : 
		On exit  : 
		Unchanged: 
 Data sizes:     COMRAM   BANK0   BANK1
      Params:         3       0       0
      Locals:         1       0       0
      Temps:          0       0       0
      Totals:         4       0       0
Total ram usage:        4 bytes
 Hardware stack levels used:    1
 Hardware stack levels required when called:    3
 This function calls:
		_Evaluate_Display
		_Evaluate_Signs
		i2_Write_Display_Byte
 This function is called by:
		_Isr
		_Check_Buttons
		_Load_Data
 This function uses a non-reentrant model


 *************** function i2_Write_Display_Byte *****************
 Defined at:
		line 49 in file "communication.c"
 Parameters:    Size  Location     Type
  write_data      2    0[COMRAM] PTR unsigned char 
		 -> pixels(7), RAM(511), 
 Auto vars:     Size  Location     Type
  Write_Displa    1    6[COMRAM] unsigned char 
 Return value:  Size  Location     Type
		None               void
 Registers used:
		wreg, fsr2l, fsr2h, status,2, status,0
 Tracked objects:
		On entry : 
		On exit  : 
		Unchanged: 
 Data sizes:     COMRAM   BANK0   BANK1
      Params:         2       0       0
      Locals:         1       0       0
      Temps:          4       0       0
      Totals:         7       0       0
Total ram usage:        7 bytes
 Hardware stack levels used:    1
 This function calls:
		Nothing
 This function is called by:
		_Set_Display
 This function uses a non-reentrant model


 *************** function _Evaluate_Signs *****************
 Defined at:
		line 118 in file "display.c"
 Parameters:    Size  Location     Type
  evaluation_v    2   13[COMRAM] unsigned int 
 Auto vars:     Size  Location     Type
  valuecounter    1   15[COMRAM] unsigned char 
 Return value:  Size  Location     Type
		None               void
 Registers used:
		wreg, fsr0l, fsr0h, fsr2l, fsr2h, status,2, status,0, tblptrl, tblptrh, tblptru, prodl, prodh, cstack
 Tracked objects:
		On entry : 
		On exit  : 
		Unchanged: 
 Data sizes:     COMRAM   BANK0   BANK1
      Params:         2       0       0
      Locals:         1       0       0
      Temps:          0       0       0
      Totals:         3       0       0
Total ram usage:        3 bytes
 Hardware stack levels used:    1
 Hardware stack levels required when called:    2
 This function calls:
		_Evaluate_Display
		___lwmod
 This function is called by:
		_Set_Display
 This function uses a non-reentrant model


 *************** function ___lwmod *****************
 Defined at:
		line 8 in file "C:\Program Files (x86)\Microchip\xc8\v1.35\sources\common\lwmod.c"
 Parameters:    Size  Location     Type
  dividend        2    0[COMRAM] unsigned int 
  divisor         2    2[COMRAM] unsigned int 
 Auto vars:     Size  Location     Type
  counter         1    4[COMRAM] unsigned char 
 Return value:  Size  Location     Type
                  2    0[COMRAM] unsigned int 
 Registers used:
		wreg, status,2, status,0
 Tracked objects:
		On entry : 
		On exit  : 
		Unchanged: 
 Data sizes:     COMRAM   BANK0   BANK1
      Params:         4       0       0
      Locals:         1       0       0
      Temps:          0       0       0
      Totals:         5       0       0
Total ram usage:        5 bytes
 Hardware stack levels used:    1
 This function calls:
		Nothing
 This function is called by:
		_Evaluate_Signs
 This function uses a non-reentrant model


 *************** function _Evaluate_Display *****************
 Defined at:
		line 52 in file "display.c"
 Parameters:    Size  Location     Type
  size            1    wreg     unsigned char 
  evaluate        2    8[COMRAM] PTR const unsigned char 
		 -> signs(3), STR_2(4), STR_1(4), 
 Auto vars:     Size  Location     Type
  size            1   12[COMRAM] unsigned char 
 Return value:  Size  Location     Type
		None               void
 Registers used:
		wreg, fsr0l, fsr0h, fsr2l, fsr2h, status,2, status,0, tblptrl, tblptrh, tblptru, prodl, prodh, cstack
 Tracked objects:
		On entry : 
		On exit  : 
		Unchanged: 
 Data sizes:     COMRAM   BANK0   BANK1
      Params:         2       0       0
      Locals:         1       0       0
      Temps:          2       0       0
      Totals:         5       0       0
Total ram usage:        5 bytes
 Hardware stack levels used:    1
 Hardware stack levels required when called:    1
 This function calls:
		_Set_Bits
 This function is called by:
		_Evaluate_Signs
		_Set_Display
		_Load_Data
		_Del_Data
 This function uses a non-reentrant model


 *************** function _Set_Bits *****************
 Defined at:
		line 12 in file "display.c"
 Parameters:    Size  Location     Type
  bits            3    0[COMRAM] PTR const unsigned char 
		 -> ROM(8191), STR_19(2), STR_18(6), STR_17(7), 
		 -> STR_16(4), STR_15(6), STR_14(7), STR_13(7), 
		 -> STR_12(7), STR_11(8), STR_10(4), STR_9(7), 
		 -> STR_8(6), STR_7(5), STR_6(6), STR_5(6), 
		 -> STR_4(3), STR_3(7), 
 Auto vars:     Size  Location     Type
  bitcount        1    6[COMRAM] unsigned char 
  Bitoutput       1    7[COMRAM] unsigned char 
 Return value:  Size  Location     Type
		None               void
 Registers used:
		wreg, fsr2l, fsr2h, status,2, status,0, tblptrl, tblptrh, tblptru, prodl, prodh
 Tracked objects:
		On entry : 
		On exit  : 
		Unchanged: 
 Data sizes:     COMRAM   BANK0   BANK1
      Params:         3       0       0
      Locals:         2       0       0
      Temps:          3       0       0
      Totals:         8       0       0
Total ram usage:        8 bytes
 Hardware stack levels used:    1
 This function calls:
		Nothing
 This function is called by:
		_Evaluate_Display
 This function uses a non-reentrant model


 *************** function _Receive *****************
 Defined at:
		line 37 in file "communication.c"
 Parameters:    Size  Location     Type
		None
 Auto vars:     Size  Location     Type
		None
 Return value:  Size  Location     Type
                  1    wreg      unsigned char 
 Registers used:
		wreg, status,2
 Tracked objects:
		On entry : 
		On exit  : 
		Unchanged: 
 Data sizes:     COMRAM   BANK0   BANK1
      Params:         0       0       0
      Locals:         0       0       0
      Temps:          0       0       0
      Totals:         0       0       0
Total ram usage:        0 bytes
 Hardware stack levels used:    1
 This function calls:
		Nothing
 This function is called by:
		_Isr
 This function uses a non-reentrant model


 *************** function _Ignite_Detonators *****************
 Defined at:
		line 29 in file "ignition.c"
 Parameters:    Size  Location     Type
		None
 Auto vars:     Size  Location     Type
  counter         1    5[COMRAM] unsigned char 
 Return value:  Size  Location     Type
		None               void
 Registers used:
		wreg, fsr2l, fsr2h, status,2, status,0, prodl, prodh, cstack
 Tracked objects:
		On entry : 
		On exit  : 
		Unchanged: 
 Data sizes:     COMRAM   BANK0   BANK1
      Params:         0       0       0
      Locals:         1       0       0
      Temps:          2       0       0
      Totals:         3       0       0
Total ram usage:        3 bytes
 Hardware stack levels used:    1
 Hardware stack levels required when called:    1
 This function calls:
		_Transmit
 This function is called by:
		_Isr
 This function uses a non-reentrant model


 *************** function _Check_Detonators *****************
 Defined at:
		line 25 in file "ignition.c"
 Parameters:    Size  Location     Type
		None
 Auto vars:     Size  Location     Type
		None
 Return value:  Size  Location     Type
		None               void
 Registers used:
		wreg, fsr2l, fsr2h, status,2, status,0, prodl, prodh, cstack
 Tracked objects:
		On entry : 
		On exit  : 
		Unchanged: 
 Data sizes:     COMRAM   BANK0   BANK1
      Params:         0       0       0
      Locals:         0       0       0
      Temps:          0       0       0
      Totals:         0       0       0
Total ram usage:        0 bytes
 Hardware stack levels used:    1
 Hardware stack levels required when called:    1
 This function calls:
		_Transmit
 This function is called by:
		_Isr
 This function uses a non-reentrant model


 *************** function _Transmit *****************
 Defined at:
		line 15 in file "communication.c"
 Parameters:    Size  Location     Type
  receiver        1    wreg     unsigned char 
  operation       1    0[COMRAM] unsigned char 
  port            1    1[COMRAM] unsigned char 
 Auto vars:     Size  Location     Type
  receiver        1    2[COMRAM] unsigned char 
 Return value:  Size  Location     Type
		None               void
 Registers used:
		wreg, status,2
 Tracked objects:
		On entry : 
		On exit  : 
		Unchanged: 
 Data sizes:     COMRAM   BANK0   BANK1
      Params:         2       0       0
      Locals:         1       0       0
      Temps:          0       0       0
      Totals:         3       0       0
Total ram usage:        3 bytes
 Hardware stack levels used:    1
 This function calls:
		Nothing
 This function is called by:
		_Check_Detonators
		_Ignite_Detonators
 This function uses a non-reentrant model



MODULE INFORMATION

Module		Function		Class		Link	Load	Size
C:\Program Files (x86)\Microchip\xc8\v1.35\sources\common\awdiv.c
		___awdiv       		CODE           	0638	0000	133

C:\Program Files (x86)\Microchip\xc8\v1.35\sources\common\awdiv.c estimated size: 133

C:\Program Files (x86)\Microchip\xc8\v1.35\sources\common\lwmod.c
		___lwmod       		CODE           	088A	0000	67

C:\Program Files (x86)\Microchip\xc8\v1.35\sources\common\lwmod.c estimated size: 67

interrupt.c
		_Isr           		CODE           	0008	0000	527

interrupt.c estimated size: 527

shared
		__initialization		CODE           	08CC	0000	47
		i2_Write_Display_Byte		CODE           	0844	0000	71

shared estimated size: 118

ignition.c
		_Ignite_Detonators		CODE           	06BC	0000	109
		_Check_Detonators		CODE           	0908	0000	57

ignition.c estimated size: 166

display.c
		_Set_Display   		CODE           	07F2	0000	83
		_Evaluate_Display		CODE           	0270	0000	603
		_Evaluate_Signs		CODE           	078E	0000	101
		_Set_Bits      		CODE           	04CA	0000	187

display.c estimated size: 974

init.c
		_InitPort      		CODE           	0A20	0000	19
		_InitTimer     		CODE           	0976	0000	49
		_InitTransmission		CODE           	09A6	0000	37
		_InitTris      		CODE           	0A0E	0000	19
		_InitMiscellaneous		CODE           	0A40	0000	7
		_Init          		CODE           	09CA	0000	27
		_InitAnsel     		CODE           	09FA	0000	21

init.c estimated size: 179

main.c
		_main          		CODE           	09E4	0000	23

main.c estimated size: 23

communication.c
		_Receive       		CODE           	0A32	0000	15
		_Write_Display_Byte		CODE           	0728	0000	103
		_Transmit      		CODE           	0940	0000	55

communication.c estimated size: 173

