Microchip MPLAB XC8 Compiler V1.35 ()

Linker command line:

--edf=C:\Program Files (x86)\Microchip\xc8\v1.35\dat\en_msgs.txt -cs \
  -h+dist/default/production\PYR_M_NEW.X.production.sym \
  --cmf=dist/default/production\PYR_M_NEW.X.production.cmf -z -Q18F23K22 \
  -oC:\Users\Lucas\AppData\Local\Temp\s7u8.2 \
  -Mdist/default/production/PYR_M_NEW.X.production.map -E1 -ver=XC8 \
  -ASTACK=06Bh-0ffh -pstack=STACK -ACODE=00h-01FFFh -ACONST=00h-01FFFh \
  -ASMALLCONST=0200h-02FFhx30 -AMEDIUMCONST=0200h-01FFFh -ACOMRAM=01h-05Fh \
  -AABS1=00h-01FFh -ABIGRAM=01h-01FFh -ARAM=060h-0FFh,0100h-01FFh \
  -ABANK0=060h-0FFh -ABANK1=0100h-01FFh -ASFR=0F38h-0F5Fh,0F60h-0FFFh \
  -preset_vec=00h,intcode=08h,intcodelo,powerup,init,end_init \
  -pramtop=0200h -psmallconst=SMALLCONST -pmediumconst=MEDIUMCONST \
  -pconst=CONST -AFARRAM=00h-00h -ACONFIG=0300000h-030000Dh -pconfig=CONFIG \
  -AIDLOC=0200000h-0200007h -pidloc=IDLOC -AEEDATA=0F00000h-0F000FFh \
  -peeprom_data=EEDATA \
  -prdata=COMRAM,nvrram=COMRAM,nvbit=COMRAM,rbss=COMRAM,rbit=COMRAM \
  -pfarbss=FARRAM,fardata=FARRAM,nvFARRAM=FARRAM \
  -pintsave_regs=BIGRAM,bigbss=BIGRAM,bigdata=BIGRAM -pbss=RAM \
  -pidata=CODE,irdata=CODE,ibigdata=CODE,ifardata=CODE -prparam=COMRAM \
  C:\Users\Lucas\AppData\Local\Temp\s7u8.obj \
  dist/default/production\PYR_M_NEW.X.production.obj 

Object code version is 3.11

Machine type is 18F23K22

Call graph: (short form)




                Name                               Link     Load   Length Selector   Space Scale
C:\Users\Lucas\AppData\Local\Temp\s7u8.obj
                end_init                            1F4      1F4        4        4       0
                reset_vec                             0        0        4        0       0
                idloc                            200000   200000        8   200000       0
                config                           300000   300000        E   300000       0
dist/default/production\PYR_M_NEW.X.production.obj
                intcode                               8        8      1EC        4       0
                temp                                 43       43        1        1       1
                smallconst                          200      200       50      100       0
                text29                              FA4      FA4       36      128       0
                text28                              C46      C46       6C      128       0
                text27                             10F0     10F0       10      128       0
                text26                              BC2      BC2       84      128       0
                text25                              F36      F36       38      128       0
                text23                             105A     105A       24      128       0
                text22                              E82      E82       40      128       0
                text21                              A54      A54       BA      128       0
                text20                              71C      71C      23C      128       0
                text19                              DC0      DC0       42      128       0
                text18                              CB2      CB2       66      128       0
                text17                              E42      E42       40      128       0
                text16                              D18      D18       58      128       0
                text15                              958      958       FC      128       0
                text14                              D70      D70       50      128       0
                text13                              E02      E02       40      128       0
                text12                             109C     109C       1C      128       0
                text11                              250      250      4CC      128       0
                text10                              F6E      F6E       36      128       0
                text9                               EFE      EFE       38      128       0
                text8                              10B8     10B8       14      128       0
                text7                              1100     1100        C      128       0
                text6                              110C     110C        6      128       0
                text5                              10DE     10DE       12      128       0
                text4                               FDA      FDA       30      128       0
                text3                              1036     1036       24      128       0
                text2                              10CC     10CC       12      128       0
                text1                              107E     107E       1E      128       0
                text0                              100A     100A       2C      128       0
                cstackCOMRAM                          1        1       2A        1       1
                cstackBANK0                          60       60        B       60       1
                dataBANK1                           100      100       B4      100       1
                bssCOMRAM                            2B       2B       17        1       1
                bitbssCOMRAM                        210       42        3        1       1     8
                cinit                               EC2      EC2       3C      128       0
                idataBANK1                          B0E      B0E       B4      128       0

TOTAL           Name                               Link     Load   Length     Space
        CLASS   STACK          

        CLASS   CODE           
                end_init                            1F4      1F4        4         0
                intcode                               8        8      1EC         0
                reset_vec                             0        0        4         0
                text29                              FA4      FA4       36         0
                text28                              C46      C46       6C         0
                text27                             10F0     10F0       10         0
                text26                              BC2      BC2       84         0
                text25                              F36      F36       38         0
                text23                             105A     105A       24         0
                text22                              E82      E82       40         0
                text21                              A54      A54       BA         0
                text20                              71C      71C      23C         0
                text19                              DC0      DC0       42         0
                text18                              CB2      CB2       66         0
                text17                              E42      E42       40         0
                text16                              D18      D18       58         0
                text15                              958      958       FC         0
                text14                              D70      D70       50         0
                text13                              E02      E02       40         0
                text12                             109C     109C       1C         0
                text11                              250      250      4CC         0
                text10                              F6E      F6E       36         0
                text9                               EFE      EFE       38         0
                text8                              10B8     10B8       14         0
                text7                              1100     1100        C         0
                text6                              110C     110C        6         0
                text5                              10DE     10DE       12         0
                text4                               FDA      FDA       30         0
                text3                              1036     1036       24         0
                text2                              10CC     10CC       12         0
                text1                              107E     107E       1E         0
                text0                              100A     100A       2C         0
                cinit                               EC2      EC2       3C         0
                idataBANK1                          B0E      B0E       B4         0

        CLASS   CONST          

        CLASS   SMALLCONST     
                smallconst                          200      200       50         0

        CLASS   MEDIUMCONST    

        CLASS   COMRAM         
                temp                                 43       43        1         1
                cstackCOMRAM                          1        1       2A         1
                bssCOMRAM                            2B       2B       17         1
                bitbssCOMRAM                        210       42        3         1

        CLASS   ABS1           

        CLASS   BIGRAM         

        CLASS   RAM            

        CLASS   BANK0          
                cstackBANK0                          60       60        B         1

        CLASS   BANK1          
                dataBANK1                           100      100       B4         1

        CLASS   SFR            

        CLASS   FARRAM         

        CLASS   CONFIG         
                config                           300000   300000        E         0

        CLASS   IDLOC          
                idloc                            200000   200000        8         0

        CLASS   EEDATA         



SEGMENTS        Name                           Load    Length   Top    Selector   Space  Class

                reset_vec                      000000  000004  000004         0       0  CODE    
                cstackCOMRAM                   000001  000043  000044         1       1  COMRAM  
                intcode                        000008  0001F0  0001F8         4       0  CODE    
                cstackBANK0                    000060  00000B  00006B        60       1  BANK0   
                dataBANK1                      000100  0000B4  0001B4       100       1  BANK1   
                smallconst                     000200  000050  000250       100       0  SMALLCON
                text11                         000250  000EC2  001112       128       0  CODE    
                idloc                          200000  000008  200008    200000       0  IDLOC   
                config                         300000  00000E  30000E    300000       0  CONFIG  


UNUSED ADDRESS RANGES

        Name                Unused          Largest block    Delta
        BANK0            00006B-0000FF               95
        BANK1            0001B4-0001FF               4C
        BIGRAM           000044-00005F               1C
                         00006B-0000FF               95
                         0001B4-0001FF               4C
        CODE             000004-000007                4
                         0001F8-0001FF                8
                         001112-001FFF              EEE
        COMRAM           000044-00005F               1C
        CONST            000004-000007                4
                         0001F8-0001FF                8
                         001112-001FFF              EEE
        EEDATA           F00000-F000FF              100
        MEDIUMCONST      001112-001FFF              EEE
        RAM              00006B-0000FF               95
                         0001B4-0001FF               4C
        SFR              000F38-000FFF               28
        SMALLCONST       001112-001FFF              100
        STACK            00006B-0000FF               95

                                  Symbol Table

?_Read_Data                     cstackCOMRAM 00001D
?___awdiv                       cstackCOMRAM 000001
?___lwmod                       cstackCOMRAM 00001D
Del_Data@counter                cstackBANK0  000068
Delay_Routine@delay_counter     cstackCOMRAM 00001F
Delay_Routine@delay_multiplyer  cstackCOMRAM 00001E
Evaluate_Display@evaluate       cstackCOMRAM 000025
Evaluate_Display@size           cstackCOMRAM 000029
Evaluate_Signs@evaluation_value cstackBANK0  000060
Evaluate_Signs@valuecounter     cstackCOMRAM 00002A
Ignite_Detonators@counter       cstackCOMRAM 000006
Isr@pixel_index_array           cstackCOMRAM 00001A
Isr@pixel_index_bit             cstackCOMRAM 00001B
Isr@search_index                cstackCOMRAM 00001C
Load_Data@counter               cstackBANK0  000067
Read_Data@data_read             cstackCOMRAM 00001F
Read_Data@read_address          cstackCOMRAM 000021
Save_Data@store                 cstackCOMRAM 00001D
Save_Data@store_address         cstackCOMRAM 00001F
Set_Bits@Bitoutput              cstackCOMRAM 000024
Set_Bits@bitcount               cstackCOMRAM 000023
Set_Bits@bits                   cstackCOMRAM 00001D
Set_Display@information         cstackBANK0  000062
Set_Display@type                cstackBANK0  000065
Set_Display@value               cstackBANK0  000063
Transmit@operation              cstackCOMRAM 00001D
Transmit@port                   cstackCOMRAM 00001E
Transmit@receiver               cstackCOMRAM 00001F
Write_Display_Byte@counter      cstackCOMRAM 000023
Write_Display_Byte@write_data   cstackCOMRAM 00001D
_ANSELA                         (abs)        000F38
_ANSELB                         (abs)        000F39
_ANSELC                         (abs)        000F3A
_BAUDCON1bits                   (abs)        000FB8
_CCP1CONbits                    (abs)        000FBD
_CCPR1H                         (abs)        000FBF
_CCPR1L                         (abs)        000FBE
_CCPTMRS0bits                   (abs)        000F49
_Check_Buttons                  text11       000250
_Check_Detonators               text9        000EFE
_Del_Data                       text13       000E02
_Delay_Routine                  text23       00105A
_EEADR                          (abs)        000FA9
_EECON1bits                     (abs)        000FA6
_EECON2                         (abs)        000FA7
_EEDATA                         (abs)        000FA8
_Evaluate_Display               text20       00071C
_Evaluate_Signs                 text18       000CB2
_INTCONbits                     (abs)        000FF2
_Ignite_Detonators              text28       000C46
_Init                           text1        00107E
_InitAnsel                      text8        0010B8
_InitInterrupt                  text7        001100
_InitMiscellaneous              text6        00110C
_InitPort                       text5        0010DE
_InitTimer                      text4        000FDA
_InitTransmission               text3        001036
_InitTris                       text2        0010CC
_Isr                            intcode      000008
_Load_Data                      text15       000958
_OSCCON                         (abs)        000FD3
_PIE1bits                       (abs)        000F9D
_PIR1bits                       (abs)        000F9E
_PIR2bits                       (abs)        000FA1
_PORTA                          (abs)        000F80
_PORTB                          (abs)        000F81
_PORTBbits                      (abs)        000F81
_PORTC                          (abs)        000F82
_PORTCbits                      (abs)        000F82
_PORTE                          (abs)        000F84
_RCREG1                         (abs)        000FAE
_RCSTA1bits                     (abs)        000FAB
_RCSTAbits                      (abs)        000FAB
_Read_Data                      text22       000E82
_Receive                        text27       0010F0
_SPBRG1                         (abs)        000FAF
_SSP1BUF                        (abs)        000FC9
_SSP1CON1                       (abs)        000FC6
_SSP1IF                         (abs)        007CF3
_SSP1STAT                       (abs)        000FC7
_Save_Data                      text14       000D70
_Set_Bits                       text21       000A54
_Set_Display                    text16       000D18
_Start_Timer                    text12       00109C
_T1CONbits                      (abs)        000FCD
_T3CONbits                      (abs)        000FB1
_TMR1H                          (abs)        000FCF
_TMR1L                          (abs)        000FCE
_TMR3H                          (abs)        000FB3
_TMR3L                          (abs)        000FB2
_TRISA                          (abs)        000F92
_TRISB                          (abs)        000F93
_TRISC                          (abs)        000F94
_TRISCbits                      (abs)        000F94
_TRISE                          (abs)        000F96
_TXREG1                         (abs)        000FAD
_TXSTA1bits                     (abs)        000FAC
_Transmit                       text10       000F6E
_Write_Display_Byte             text17       000E42
__CFG_BOREN$OFF                 (abs)        000000
__CFG_BORV$190                  (abs)        000000
__CFG_CCP2MX$PORTC1             (abs)        000000
__CFG_CCP3MX$PORTB5             (abs)        000000
__CFG_CP0$OFF                   (abs)        000000
__CFG_CP1$OFF                   (abs)        000000
__CFG_CPB$OFF                   (abs)        000000
__CFG_CPD$OFF                   (abs)        000000
__CFG_EBTR0$OFF                 (abs)        000000
__CFG_EBTR1$OFF                 (abs)        000000
__CFG_EBTRB$OFF                 (abs)        000000
__CFG_FCMEN$OFF                 (abs)        000000
__CFG_FOSC$INTIO67              (abs)        000000
__CFG_HFOFST$OFF                (abs)        000000
__CFG_IESO$OFF                  (abs)        000000
__CFG_LVP$OFF                   (abs)        000000
__CFG_MCLRE$EXTMCLR             (abs)        000000
__CFG_P2BMX$PORTB5              (abs)        000000
__CFG_PBADEN$OFF                (abs)        000000
__CFG_PLLCFG$OFF                (abs)        000000
__CFG_PRICLKEN$OFF              (abs)        000000
__CFG_PWRTEN$OFF                (abs)        000000
__CFG_STVREN$OFF                (abs)        000000
__CFG_T3CMX$PORTC0              (abs)        000000
__CFG_WDTEN$OFF                 (abs)        000000
__CFG_WDTPS$32768               (abs)        000000
__CFG_WRT0$OFF                  (abs)        000000
__CFG_WRT1$OFF                  (abs)        000000
__CFG_WRTB$OFF                  (abs)        000000
__CFG_WRTC$OFF                  (abs)        000000
__CFG_WRTD$OFF                  (abs)        000000
__CFG_XINST$OFF                 (abs)        000000
__HRAM                          (abs)        000000
__Habs1                         abs1         000000
__Hbank0                        bank0        000000
__Hbank1                        bank1        000000
__Hbigbss                       bigbss       000000
__Hbigdata                      bigdata      000000
__Hbigram                       bigram       000000
__HbitbssCOMRAM                 bitbssCOMRAM 000000
__Hbss                          bss          000000
__HbssCOMRAM                    bssCOMRAM    000000
__Hcinit                        cinit        000000
__Hclrtext                      clrtext      000000
__Hcomram                       comram       000000
__Hconfig                       config       30000E
__Hconst                        const        000000
__HcstackBANK0                  cstackBANK0  000000
__HcstackCOMRAM                 cstackCOMRAM 000000
__Hdata                         data         000000
__HdataBANK1                    dataBANK1    000000
__Heeprom_data                  eeprom_data  000000
__Hend_init                     end_init     0001F8
__Hfarbss                       farbss       000000
__Hfardata                      fardata      000000
__Hibigdata                     ibigdata     000000
__Hidata                        idata        000000
__HidataBANK1                   idataBANK1   000000
__Hidloc                        idloc        200008
__Hifardata                     ifardata     000000
__Hinit                         init         0001F4
__Hintcode                      intcode      0001F4
__Hintcode_body                 intcode_body 000000
__Hintcodelo                    intcodelo    0001F4
__Hintentry                     intentry     000000
__Hintret                       intret       000000
__Hintsave_regs                 intsave_regs 000000
__Hirdata                       irdata       000000
__Hmediumconst                  mediumconst  000000
__HnvFARRAM                     nvFARRAM     000000
__Hnvbit                        nvbit        000000
__Hnvrram                       nvrram       000000
__Hparam                        rparam       000000
__Hpowerup                      powerup      0001F4
__Hram                          ram          000000
__Hramtop                       ramtop       000200
__Hrbit                         rbit         000000
__Hrbss                         rbss         000000
__Hrdata                        rdata        000000
__Hreset_vec                    reset_vec    000004
__Hrparam                       rparam       000000
__Hsfr                          sfr          000000
__Hsmallconst                   smallconst   000250
__Hspace_0                      (abs)        30000E
__Hspace_1                      (abs)        000213
__Hspace_2                      (abs)        000000
__Hstack                        stack        000000
__Hstruct                       struct       000000
__Htemp                         temp         000044
__Htext                         text         000000
__Htext0                        text0        000000
__Htext1                        text1        000000
__Htext10                       text10       000000
__Htext11                       text11       000000
__Htext12                       text12       000000
__Htext13                       text13       000000
__Htext14                       text14       000000
__Htext15                       text15       000000
__Htext16                       text16       000000
__Htext17                       text17       000000
__Htext18                       text18       000000
__Htext19                       text19       000000
__Htext2                        text2        000000
__Htext20                       text20       000000
__Htext21                       text21       000000
__Htext22                       text22       000000
__Htext23                       text23       000000
__Htext25                       text25       000000
__Htext26                       text26       000000
__Htext27                       text27       000000
__Htext28                       text28       000000
__Htext29                       text29       000000
__Htext3                        text3        000000
__Htext4                        text4        000000
__Htext5                        text5        000000
__Htext6                        text6        000000
__Htext7                        text7        000000
__Htext8                        text8        000000
__Htext9                        text9        000000
__LRAM                          (abs)        000001
__Labs1                         abs1         000000
__Lbank0                        bank0        000000
__Lbank1                        bank1        000000
__Lbigbss                       bigbss       000000
__Lbigdata                      bigdata      000000
__Lbigram                       bigram       000000
__LbitbssCOMRAM                 bitbssCOMRAM 000000
__Lbss                          bss          000000
__LbssCOMRAM                    bssCOMRAM    000000
__Lcinit                        cinit        000000
__Lclrtext                      clrtext      000000
__Lcomram                       comram       000000
__Lconfig                       config       300000
__Lconst                        const        000000
__LcstackBANK0                  cstackBANK0  000000
__LcstackCOMRAM                 cstackCOMRAM 000000
__Ldata                         data         000000
__LdataBANK1                    dataBANK1    000000
__Leeprom_data                  eeprom_data  000000
__Lend_init                     end_init     0001F4
__Lfarbss                       farbss       000000
__Lfardata                      fardata      000000
__Libigdata                     ibigdata     000000
__Lidata                        idata        000000
__LidataBANK1                   idataBANK1   000000
__Lidloc                        idloc        200000
__Lifardata                     ifardata     000000
__Linit                         init         0001F4
__Lintcode                      intcode      000008
__Lintcode_body                 intcode_body 000000
__Lintcodelo                    intcodelo    0001F4
__Lintentry                     intentry     000000
__Lintret                       intret       000000
__Lintsave_regs                 intsave_regs 000000
__Lirdata                       irdata       000000
__Lmediumconst                  mediumconst  000000
__LnvFARRAM                     nvFARRAM     000000
__Lnvbit                        nvbit        000000
__Lnvrram                       nvrram       000000
__Lparam                        rparam       000000
__Lpowerup                      powerup      0001F4
__Lram                          ram          000000
__Lramtop                       ramtop       000200
__Lrbit                         rbit         000000
__Lrbss                         rbss         000000
__Lrdata                        rdata        000000
__Lreset_vec                    reset_vec    000000
__Lrparam                       rparam       000000
__Lsfr                          sfr          000000
__Lsmallconst                   smallconst   000200
__Lspace_0                      (abs)        000000
__Lspace_1                      (abs)        000000
__Lspace_2                      (abs)        000000
__Lstack                        stack        000000
__Lstruct                       struct       000000
__Ltemp                         temp         000043
__Ltext                         text         000000
__Ltext0                        text0        000000
__Ltext1                        text1        000000
__Ltext10                       text10       000000
__Ltext11                       text11       000000
__Ltext12                       text12       000000
__Ltext13                       text13       000000
__Ltext14                       text14       000000
__Ltext15                       text15       000000
__Ltext16                       text16       000000
__Ltext17                       text17       000000
__Ltext18                       text18       000000
__Ltext19                       text19       000000
__Ltext2                        text2        000000
__Ltext20                       text20       000000
__Ltext21                       text21       000000
__Ltext22                       text22       000000
__Ltext23                       text23       000000
__Ltext25                       text25       000000
__Ltext26                       text26       000000
__Ltext27                       text27       000000
__Ltext28                       text28       000000
__Ltext29                       text29       000000
__Ltext3                        text3        000000
__Ltext4                        text4        000000
__Ltext5                        text5        000000
__Ltext6                        text6        000000
__Ltext7                        text7        000000
__Ltext8                        text8        000000
__Ltext9                        text9        000000
__S0                            (abs)        30000E
__S1                            (abs)        0001B4
__S2                            (abs)        000000
___awdiv                        text26       000BC2
___awdiv@counter                cstackCOMRAM 000005
___awdiv@dividend               cstackCOMRAM 000001
___awdiv@divisor                cstackCOMRAM 000003
___awdiv@quotient               cstackCOMRAM 000007
___awdiv@sign                   cstackCOMRAM 000006
___inthi_sp                     stack        000000
___intlo_sp                     stack        000000
___lwmod                        text19       000DC0
___lwmod@counter                cstackCOMRAM 000021
___lwmod@dividend               cstackCOMRAM 00001D
___lwmod@divisor                cstackCOMRAM 00001F
___param_bank                   (abs)        000010
___rparam_used                  (abs)        000001
___sp                           stack        000000
__accesstop                     (abs)        000060
__activetblptr                  (abs)        000002
__end_of_Check_Buttons          text11       00071C
__end_of_Check_Detonators       text9        000F36
__end_of_Del_Data               text13       000E42
__end_of_Delay_Routine          text23       00107E
__end_of_Evaluate_Display       text20       000958
__end_of_Evaluate_Signs         text18       000D18
__end_of_Ignite_Detonators      text28       000CB2
__end_of_Init                   text1        00109C
__end_of_InitAnsel              text8        0010CC
__end_of_InitInterrupt          text7        00110C
__end_of_InitMiscellaneous      text6        001112
__end_of_InitPort               text5        0010F0
__end_of_InitTimer              text4        00100A
__end_of_InitTransmission       text3        00105A
__end_of_InitTris               text2        0010DE
__end_of_Isr                    intcode      0001F4
__end_of_Load_Data              text15       000A54
__end_of_Read_Data              text22       000EC2
__end_of_Receive                text27       001100
__end_of_Save_Data              text14       000DC0
__end_of_Set_Bits               text21       000B0E
__end_of_Set_Display            text16       000D70
__end_of_Start_Timer            text12       0010B8
__end_of_Transmit               text10       000FA4
__end_of_Write_Display_Byte     text17       000E82
__end_of___awdiv                text26       000C46
__end_of___lwmod                text19       000E02
__end_of__initialization        cinit        000EF0
__end_of_main                   text0        001036
__end_ofi2_Check_Detonators     text25       000F6E
__end_ofi2_Transmit             text29       000FDA
__initialization                cinit        000EC2
__mediumconst                   mediumconst  000000
__pbitbssCOMRAM                 bitbssCOMRAM 000210
__pbssCOMRAM                    bssCOMRAM    00002B
__pcinit                        cinit        000EC2
__pcstackBANK0                  cstackBANK0  000060
__pcstackCOMRAM                 cstackCOMRAM 000001
__pdataBANK1                    dataBANK1    000100
__pidataBANK1                   idataBANK1   000B0E
__pintcode                      intcode      000008
__psmallconst                   smallconst   000200
__ptext0                        text0        00100A
__ptext1                        text1        00107E
__ptext10                       text10       000F6E
__ptext11                       text11       000250
__ptext12                       text12       00109C
__ptext13                       text13       000E02
__ptext14                       text14       000D70
__ptext15                       text15       000958
__ptext16                       text16       000D18
__ptext17                       text17       000E42
__ptext18                       text18       000CB2
__ptext19                       text19       000DC0
__ptext2                        text2        0010CC
__ptext20                       text20       00071C
__ptext21                       text21       000A54
__ptext22                       text22       000E82
__ptext23                       text23       00105A
__ptext25                       text25       000F36
__ptext26                       text26       000BC2
__ptext27                       text27       0010F0
__ptext28                       text28       000C46
__ptext29                       text29       000FA4
__ptext3                        text3        001036
__ptext4                        text4        000FDA
__ptext5                        text5        0010DE
__ptext6                        text6        00110C
__ptext7                        text7        001100
__ptext8                        text8        0010B8
__ptext9                        text9        000EFE
__ramtop                        ramtop       000200
__size_of_Check_Buttons         (abs)        000000
__size_of_Check_Detonators      (abs)        000000
__size_of_Del_Data              (abs)        000000
__size_of_Delay_Routine         (abs)        000000
__size_of_Evaluate_Display      (abs)        000000
__size_of_Evaluate_Signs        (abs)        000000
__size_of_Ignite_Detonators     (abs)        000000
__size_of_Init                  (abs)        000000
__size_of_InitAnsel             (abs)        000000
__size_of_InitInterrupt         (abs)        000000
__size_of_InitMiscellaneous     (abs)        000000
__size_of_InitPort              (abs)        000000
__size_of_InitTimer             (abs)        000000
__size_of_InitTransmission      (abs)        000000
__size_of_InitTris              (abs)        000000
__size_of_Isr                   (abs)        000000
__size_of_Load_Data             (abs)        000000
__size_of_Read_Data             (abs)        000000
__size_of_Receive               (abs)        000000
__size_of_Save_Data             (abs)        000000
__size_of_Set_Bits              (abs)        000000
__size_of_Set_Display           (abs)        000000
__size_of_Start_Timer           (abs)        000000
__size_of_Transmit              (abs)        000000
__size_of_Write_Display_Byte    (abs)        000000
__size_of___awdiv               (abs)        000000
__size_of___lwmod               (abs)        000000
__size_of_main                  (abs)        000000
__size_ofi2_Check_Detonators    (abs)        000000
__size_ofi2_Transmit            (abs)        000000
__smallconst                    smallconst   000200
_check_counter                  bssCOMRAM    000032
_current_time                   bssCOMRAM    000030
_display_counter                bssCOMRAM    000033
_ignite_ready                   bitbssCOMRAM 000210
_main                           text0        00100A
_master_addressed               bitbssCOMRAM 000211
_overrun                        bssCOMRAM    000034
_pin                            dataBANK1    000100
_pin_selected                   bssCOMRAM    000035
_pixels                         bssCOMRAM    000038
_receive_counter                bssCOMRAM    000036
_received                       bssCOMRAM    00002B
_signs                          bssCOMRAM    00003F
_slave_selected                 bssCOMRAM    000037
_testflag                       bitbssCOMRAM 000212
btemp                           temp         000043
end_of_initialization           cinit        000EF0
i2Transmit@operation            cstackCOMRAM 000001
i2Transmit@port                 cstackCOMRAM 000002
i2Transmit@receiver             cstackCOMRAM 000003
i2_Check_Detonators             text25       000F36
i2_Transmit                     text29       000FA4
int$flags                       temp         000043
intlevel0                       text         000000
intlevel1                       text         000000
intlevel2                       text         000000
intlevel3                       text         000000
stackhi                         (abs)        0000FF
stacklo                         (abs)        00006B
start                           init         0001F4
start_initialization            cinit        000EC2


FUNCTION INFORMATION:

 *************** function _main *****************
 Defined at:
		line 86 in file "main.c"
 Parameters:    Size  Location     Type
		None
 Auto vars:     Size  Location     Type
		None
 Return value:  Size  Location     Type
		None               void
 Registers used:
		wreg, fsr2l, fsr2h, status,2, status,0, tblptrl, tblptrh, tblptru, prodl, prodh, cstack
 Tracked objects:
		On entry : 
		On exit  : 
		Unchanged: 
 Data sizes:     COMRAM   BANK0   BANK1
      Params:         0       0       0
      Locals:         0       0       0
      Temps:          0       0       0
      Totals:         0       0       0
Total ram usage:        0 bytes
 Hardware stack levels required when called:   10
 This function calls:
		_Check_Buttons
		_Check_Detonators
		_Init
		_Load_Data
		_Set_Display
 This function is called by:
		Startup code after reset
 This function uses a non-reentrant model


 *************** function _Init *****************
 Defined at:
		line 3 in file "init.c"
 Parameters:    Size  Location     Type
		None
 Auto vars:     Size  Location     Type
		None
 Return value:  Size  Location     Type
		None               void
 Registers used:
		wreg, status,2, cstack
 Tracked objects:
		On entry : 
		On exit  : 
		Unchanged: 
 Data sizes:     COMRAM   BANK0   BANK1
      Params:         0       0       0
      Locals:         0       0       0
      Temps:          0       0       0
      Totals:         0       0       0
Total ram usage:        0 bytes
 Hardware stack levels used:    1
 Hardware stack levels required when called:    4
 This function calls:
		_InitAnsel
		_InitInterrupt
		_InitMiscellaneous
		_InitPort
		_InitTimer
		_InitTransmission
		_InitTris
 This function is called by:
		_main
 This function uses a non-reentrant model


 *************** function _InitTris *****************
 Defined at:
		line 20 in file "init.c"
 Parameters:    Size  Location     Type
		None
 Auto vars:     Size  Location     Type
		None
 Return value:  Size  Location     Type
		None               void
 Registers used:
		wreg, status,2
 Tracked objects:
		On entry : 
		On exit  : 
		Unchanged: 
 Data sizes:     COMRAM   BANK0   BANK1
      Params:         0       0       0
      Locals:         0       0       0
      Temps:          0       0       0
      Totals:         0       0       0
Total ram usage:        0 bytes
 Hardware stack levels used:    1
 Hardware stack levels required when called:    3
 This function calls:
		Nothing
 This function is called by:
		_Init
 This function uses a non-reentrant model


 *************** function _InitTransmission *****************
 Defined at:
		line 37 in file "init.c"
 Parameters:    Size  Location     Type
		None
 Auto vars:     Size  Location     Type
		None
 Return value:  Size  Location     Type
		None               void
 Registers used:
		wreg, status,2
 Tracked objects:
		On entry : 
		On exit  : 
		Unchanged: 
 Data sizes:     COMRAM   BANK0   BANK1
      Params:         0       0       0
      Locals:         0       0       0
      Temps:          0       0       0
      Totals:         0       0       0
Total ram usage:        0 bytes
 Hardware stack levels used:    1
 Hardware stack levels required when called:    3
 This function calls:
		Nothing
 This function is called by:
		_Init
 This function uses a non-reentrant model


 *************** function _InitTimer *****************
 Defined at:
		line 56 in file "init.c"
 Parameters:    Size  Location     Type
		None
 Auto vars:     Size  Location     Type
		None
 Return value:  Size  Location     Type
		None               void
 Registers used:
		wreg, status,2
 Tracked objects:
		On entry : 
		On exit  : 
		Unchanged: 
 Data sizes:     COMRAM   BANK0   BANK1
      Params:         0       0       0
      Locals:         0       0       0
      Temps:          0       0       0
      Totals:         0       0       0
Total ram usage:        0 bytes
 Hardware stack levels used:    1
 Hardware stack levels required when called:    3
 This function calls:
		Nothing
 This function is called by:
		_Init
 This function uses a non-reentrant model


 *************** function _InitPort *****************
 Defined at:
		line 13 in file "init.c"
 Parameters:    Size  Location     Type
		None
 Auto vars:     Size  Location     Type
		None
 Return value:  Size  Location     Type
		None               void
 Registers used:
		wreg, status,2
 Tracked objects:
		On entry : 
		On exit  : 
		Unchanged: 
 Data sizes:     COMRAM   BANK0   BANK1
      Params:         0       0       0
      Locals:         0       0       0
      Temps:          0       0       0
      Totals:         0       0       0
Total ram usage:        0 bytes
 Hardware stack levels used:    1
 Hardware stack levels required when called:    3
 This function calls:
		Nothing
 This function is called by:
		_Init
 This function uses a non-reentrant model


 *************** function _InitMiscellaneous *****************
 Defined at:
		line 33 in file "init.c"
 Parameters:    Size  Location     Type
		None
 Auto vars:     Size  Location     Type
		None
 Return value:  Size  Location     Type
		None               void
 Registers used:
		wreg, status,2
 Tracked objects:
		On entry : 
		On exit  : 
		Unchanged: 
 Data sizes:     COMRAM   BANK0   BANK1
      Params:         0       0       0
      Locals:         0       0       0
      Temps:          0       0       0
      Totals:         0       0       0
Total ram usage:        0 bytes
 Hardware stack levels used:    1
 Hardware stack levels required when called:    3
 This function calls:
		Nothing
 This function is called by:
		_Init
 This function uses a non-reentrant model


 *************** function _InitInterrupt *****************
 Defined at:
		line 72 in file "init.c"
 Parameters:    Size  Location     Type
		None
 Auto vars:     Size  Location     Type
		None
 Return value:  Size  Location     Type
		None               void
 Registers used:
		None
 Tracked objects:
		On entry : 
		On exit  : 
		Unchanged: 
 Data sizes:     COMRAM   BANK0   BANK1
      Params:         0       0       0
      Locals:         0       0       0
      Temps:          0       0       0
      Totals:         0       0       0
Total ram usage:        0 bytes
 Hardware stack levels used:    1
 Hardware stack levels required when called:    3
 This function calls:
		Nothing
 This function is called by:
		_Init
 This function uses a non-reentrant model


 *************** function _InitAnsel *****************
 Defined at:
		line 27 in file "init.c"
 Parameters:    Size  Location     Type
		None
 Auto vars:     Size  Location     Type
		None
 Return value:  Size  Location     Type
		None               void
 Registers used:
		wreg, status,2
 Tracked objects:
		On entry : 
		On exit  : 
		Unchanged: 
 Data sizes:     COMRAM   BANK0   BANK1
      Params:         0       0       0
      Locals:         0       0       0
      Temps:          0       0       0
      Totals:         0       0       0
Total ram usage:        0 bytes
 Hardware stack levels used:    1
 Hardware stack levels required when called:    3
 This function calls:
		Nothing
 This function is called by:
		_Init
 This function uses a non-reentrant model


 *************** function _Check_Detonators *****************
 Defined at:
		line 25 in file "ignition.c"
 Parameters:    Size  Location     Type
		None
 Auto vars:     Size  Location     Type
		None
 Return value:  Size  Location     Type
		None               void
 Registers used:
		wreg, fsr2l, fsr2h, status,2, status,0, prodl, prodh, cstack
 Tracked objects:
		On entry : 
		On exit  : 
		Unchanged: 
 Data sizes:     COMRAM   BANK0   BANK1
      Params:         0       0       0
      Locals:         0       0       0
      Temps:          0       0       0
      Totals:         0       0       0
Total ram usage:        0 bytes
 Hardware stack levels used:    1
 Hardware stack levels required when called:    4
 This function calls:
		_Transmit
 This function is called by:
		_main
 This function uses a non-reentrant model


 *************** function _Transmit *****************
 Defined at:
		line 15 in file "communication.c"
 Parameters:    Size  Location     Type
  receiver        1    wreg     unsigned char 
  operation       1   28[COMRAM] unsigned char 
  port            1   29[COMRAM] unsigned char 
 Auto vars:     Size  Location     Type
  receiver        1   30[COMRAM] unsigned char 
 Return value:  Size  Location     Type
		None               void
 Registers used:
		wreg, status,2
 Tracked objects:
		On entry : 
		On exit  : 
		Unchanged: 
 Data sizes:     COMRAM   BANK0   BANK1
      Params:         2       0       0
      Locals:         1       0       0
      Temps:          0       0       0
      Totals:         3       0       0
Total ram usage:        3 bytes
 Hardware stack levels used:    1
 Hardware stack levels required when called:    3
 This function calls:
		Nothing
 This function is called by:
		_Check_Detonators
 This function uses a non-reentrant model


 *************** function _Check_Buttons *****************
 Defined at:
		line 26 in file "buttonchanges.c"
 Parameters:    Size  Location     Type
		None
 Auto vars:     Size  Location     Type
		None
 Return value:  Size  Location     Type
		None               void
 Registers used:
		wreg, fsr2l, fsr2h, status,2, status,0, tblptrl, tblptrh, tblptru, prodl, prodh, cstack
 Tracked objects:
		On entry : 
		On exit  : 
		Unchanged: 
 Data sizes:     COMRAM   BANK0   BANK1
      Params:         0       0       0
      Locals:         0       0       0
      Temps:          0       2       0
      Totals:         0       2       0
Total ram usage:        2 bytes
 Hardware stack levels used:    1
 Hardware stack levels required when called:    9
 This function calls:
		_Del_Data
		_Delay_Routine
		_Read_Data
		_Save_Data
		_Set_Display
		_Start_Timer
 This function is called by:
		_main
 This function uses a non-reentrant model


 *************** function _Start_Timer *****************
 Defined at:
		line 12 in file "ignition.c"
 Parameters:    Size  Location     Type
		None
 Auto vars:     Size  Location     Type
		None
 Return value:  Size  Location     Type
		None               void
 Registers used:
		wreg, status,2
 Tracked objects:
		On entry : 
		On exit  : 
		Unchanged: 
 Data sizes:     COMRAM   BANK0   BANK1
      Params:         0       0       0
      Locals:         0       0       0
      Temps:          0       0       0
      Totals:         0       0       0
Total ram usage:        0 bytes
 Hardware stack levels used:    1
 Hardware stack levels required when called:    3
 This function calls:
		Nothing
 This function is called by:
		_Check_Buttons
 This function uses a non-reentrant model


 *************** function _Del_Data *****************
 Defined at:
		line 85 in file "storage.c"
 Parameters:    Size  Location     Type
		None
 Auto vars:     Size  Location     Type
  counter         1    8[BANK0 ] unsigned char 
 Return value:  Size  Location     Type
		None               void
 Registers used:
		wreg, fsr2l, fsr2h, status,2, status,0, tblptrl, tblptrh, tblptru, prodl, prodh, cstack
 Tracked objects:
		On entry : 
		On exit  : 
		Unchanged: 
 Data sizes:     COMRAM   BANK0   BANK1
      Params:         0       0       0
      Locals:         0       1       0
      Temps:          0       0       0
      Totals:         0       1       0
Total ram usage:        1 bytes
 Hardware stack levels used:    1
 Hardware stack levels required when called:    8
 This function calls:
		_Delay_Routine
		_Evaluate_Display
		_Load_Data
		_Save_Data
 This function is called by:
		_Check_Buttons
 This function uses a non-reentrant model


 *************** function _Save_Data *****************
 Defined at:
		line 8 in file "storage.c"
 Parameters:    Size  Location     Type
  store           2   28[COMRAM] unsigned int 
  store_addres    1   30[COMRAM] unsigned char 
 Auto vars:     Size  Location     Type
		None
 Return value:  Size  Location     Type
		None               void
 Registers used:
		wreg, status,2, status,0
 Tracked objects:
		On entry : 
		On exit  : 
		Unchanged: 
 Data sizes:     COMRAM   BANK0   BANK1
      Params:         3       0       0
      Locals:         0       0       0
      Temps:          0       0       0
      Totals:         3       0       0
Total ram usage:        3 bytes
 Hardware stack levels used:    1
 Hardware stack levels required when called:    3
 This function calls:
		Nothing
 This function is called by:
		_Check_Buttons
		_Del_Data
 This function uses a non-reentrant model


 *************** function _Load_Data *****************
 Defined at:
		line 65 in file "storage.c"
 Parameters:    Size  Location     Type
		None
 Auto vars:     Size  Location     Type
  counter         1    7[BANK0 ] unsigned char 
 Return value:  Size  Location     Type
		None               void
 Registers used:
		wreg, fsr2l, fsr2h, status,2, status,0, tblptrl, tblptrh, tblptru, prodl, prodh, cstack
 Tracked objects:
		On entry : 
		On exit  : 
		Unchanged: 
 Data sizes:     COMRAM   BANK0   BANK1
      Params:         0       0       0
      Locals:         0       1       0
      Temps:          0       1       0
      Totals:         0       2       0
Total ram usage:        2 bytes
 Hardware stack levels used:    1
 Hardware stack levels required when called:    7
 This function calls:
		_Delay_Routine
		_Evaluate_Display
		_Read_Data
		_Set_Display
 This function is called by:
		_main
		_Del_Data
 This function uses a non-reentrant model


 *************** function _Set_Display *****************
 Defined at:
		line 135 in file "display.c"
 Parameters:    Size  Location     Type
  type            1    wreg     unsigned char 
  information     1    2[BANK0 ] unsigned char 
  value           2    3[BANK0 ] unsigned int 
 Auto vars:     Size  Location     Type
  type            1    5[BANK0 ] unsigned char 
 Return value:  Size  Location     Type
		None               void
 Registers used:
		wreg, fsr2l, fsr2h, status,2, status,0, tblptrl, tblptrh, tblptru, prodl, prodh, cstack
 Tracked objects:
		On entry : 
		On exit  : 
		Unchanged: 
 Data sizes:     COMRAM   BANK0   BANK1
      Params:         0       3       0
      Locals:         0       1       0
      Temps:          0       0       0
      Totals:         0       4       0
Total ram usage:        4 bytes
 Hardware stack levels used:    1
 Hardware stack levels required when called:    6
 This function calls:
		_Evaluate_Display
		_Evaluate_Signs
		_Write_Display_Byte
 This function is called by:
		_main
		_Check_Buttons
		_Load_Data
 This function uses a non-reentrant model


 *************** function _Write_Display_Byte *****************
 Defined at:
		line 46 in file "communication.c"
 Parameters:    Size  Location     Type
  write_data      2   28[COMRAM] PTR unsigned char 
		 -> pixels(7), 
 Auto vars:     Size  Location     Type
  counter         1   34[COMRAM] unsigned char 
 Return value:  Size  Location     Type
		None               void
 Registers used:
		wreg, fsr2l, fsr2h, status,2, status,0
 Tracked objects:
		On entry : 
		On exit  : 
		Unchanged: 
 Data sizes:     COMRAM   BANK0   BANK1
      Params:         2       0       0
      Locals:         1       0       0
      Temps:          4       0       0
      Totals:         7       0       0
Total ram usage:        7 bytes
 Hardware stack levels used:    1
 Hardware stack levels required when called:    3
 This function calls:
		Nothing
 This function is called by:
		_Set_Display
 This function uses a non-reentrant model


 *************** function _Evaluate_Signs *****************
 Defined at:
		line 115 in file "display.c"
 Parameters:    Size  Location     Type
  evaluation_v    2    0[BANK0 ] unsigned int 
 Auto vars:     Size  Location     Type
  valuecounter    1   41[COMRAM] unsigned char 
 Return value:  Size  Location     Type
		None               void
 Registers used:
		wreg, fsr2l, fsr2h, status,2, status,0, tblptrl, tblptrh, tblptru, prodl, prodh, cstack
 Tracked objects:
		On entry : 
		On exit  : 
		Unchanged: 
 Data sizes:     COMRAM   BANK0   BANK1
      Params:         0       2       0
      Locals:         1       0       0
      Temps:          0       0       0
      Totals:         1       2       0
Total ram usage:        3 bytes
 Hardware stack levels used:    1
 Hardware stack levels required when called:    5
 This function calls:
		_Evaluate_Display
		___lwmod
 This function is called by:
		_Set_Display
 This function uses a non-reentrant model


 *************** function ___lwmod *****************
 Defined at:
		line 8 in file "C:\Program Files (x86)\Microchip\xc8\v1.35\sources\common\lwmod.c"
 Parameters:    Size  Location     Type
  dividend        2   28[COMRAM] unsigned int 
  divisor         2   30[COMRAM] unsigned int 
 Auto vars:     Size  Location     Type
  counter         1   32[COMRAM] unsigned char 
 Return value:  Size  Location     Type
                  2   28[COMRAM] unsigned int 
 Registers used:
		wreg, status,2, status,0
 Tracked objects:
		On entry : 
		On exit  : 
		Unchanged: 
 Data sizes:     COMRAM   BANK0   BANK1
      Params:         4       0       0
      Locals:         1       0       0
      Temps:          0       0       0
      Totals:         5       0       0
Total ram usage:        5 bytes
 Hardware stack levels used:    1
 Hardware stack levels required when called:    3
 This function calls:
		Nothing
 This function is called by:
		_Evaluate_Signs
 This function uses a non-reentrant model


 *************** function _Evaluate_Display *****************
 Defined at:
		line 52 in file "display.c"
 Parameters:    Size  Location     Type
  size            1    wreg     unsigned char 
  evaluate        2   36[COMRAM] PTR const unsigned char 
		 -> signs(3), STR_2(4), STR_1(4), 
 Auto vars:     Size  Location     Type
  size            1   40[COMRAM] unsigned char 
 Return value:  Size  Location     Type
		None               void
 Registers used:
		wreg, fsr2l, fsr2h, status,2, status,0, tblptrl, tblptrh, tblptru, prodl, prodh, cstack
 Tracked objects:
		On entry : 
		On exit  : 
		Unchanged: 
 Data sizes:     COMRAM   BANK0   BANK1
      Params:         2       0       0
      Locals:         1       0       0
      Temps:          2       0       0
      Totals:         5       0       0
Total ram usage:        5 bytes
 Hardware stack levels used:    1
 Hardware stack levels required when called:    4
 This function calls:
		_Set_Bits
 This function is called by:
		_Load_Data
		_Del_Data
		_Evaluate_Signs
		_Set_Display
 This function uses a non-reentrant model


 *************** function _Set_Bits *****************
 Defined at:
		line 12 in file "display.c"
 Parameters:    Size  Location     Type
  bits            3   28[COMRAM] PTR const unsigned char 
		 -> ROM(8191), STR_18(2), STR_17(4), STR_16(7), 
		 -> STR_15(7), STR_14(7), STR_13(6), STR_12(7), 
		 -> STR_11(8), STR_10(4), STR_9(7), STR_8(6), 
		 -> STR_7(5), STR_6(6), STR_5(6), STR_4(3), 
		 -> STR_3(7), 
 Auto vars:     Size  Location     Type
  bitcount        1   34[COMRAM] unsigned char 
  Bitoutput       1   35[COMRAM] unsigned char 
 Return value:  Size  Location     Type
		None               void
 Registers used:
		wreg, fsr2l, fsr2h, status,2, status,0, tblptrl, tblptrh, tblptru, prodl, prodh
 Tracked objects:
		On entry : 
		On exit  : 
		Unchanged: 
 Data sizes:     COMRAM   BANK0   BANK1
      Params:         3       0       0
      Locals:         2       0       0
      Temps:          3       0       0
      Totals:         8       0       0
Total ram usage:        8 bytes
 Hardware stack levels used:    1
 Hardware stack levels required when called:    3
 This function calls:
		Nothing
 This function is called by:
		_Evaluate_Display
 This function uses a non-reentrant model


 *************** function _Read_Data *****************
 Defined at:
		line 44 in file "storage.c"
 Parameters:    Size  Location     Type
  read_address    1    wreg     unsigned char 
 Auto vars:     Size  Location     Type
  read_address    1   32[COMRAM] unsigned char 
  data_read       2   30[COMRAM] unsigned int 
 Return value:  Size  Location     Type
                  2   28[COMRAM] unsigned int 
 Registers used:
		wreg, status,2, status,0
 Tracked objects:
		On entry : 
		On exit  : 
		Unchanged: 
 Data sizes:     COMRAM   BANK0   BANK1
      Params:         2       0       0
      Locals:         3       0       0
      Temps:          0       0       0
      Totals:         5       0       0
Total ram usage:        5 bytes
 Hardware stack levels used:    1
 Hardware stack levels required when called:    3
 This function calls:
		Nothing
 This function is called by:
		_Check_Buttons
		_Load_Data
 This function uses a non-reentrant model


 *************** function _Delay_Routine *****************
 Defined at:
		line 78 in file "main.c"
 Parameters:    Size  Location     Type
  delay_multip    1    wreg     unsigned char 
 Auto vars:     Size  Location     Type
  delay_multip    1   29[COMRAM] unsigned char 
  delay_counte    1   30[COMRAM] unsigned char 
 Return value:  Size  Location     Type
		None               void
 Registers used:
		wreg, status,2, status,0, cstack
 Tracked objects:
		On entry : 
		On exit  : 
		Unchanged: 
 Data sizes:     COMRAM   BANK0   BANK1
      Params:         0       0       0
      Locals:         2       0       0
      Temps:          1       0       0
      Totals:         3       0       0
Total ram usage:        3 bytes
 Hardware stack levels used:    1
 Hardware stack levels required when called:    3
 This function calls:
		Nothing
 This function is called by:
		_Check_Buttons
		_Load_Data
		_Del_Data
 This function uses a non-reentrant model


 *************** function _Isr *****************
 Defined at:
		line 4 in file "interrupt.c"
 Parameters:    Size  Location     Type
		None
 Auto vars:     Size  Location     Type
  search_index    1   27[COMRAM] unsigned char 
  pixel_index_    1   26[COMRAM] unsigned char 
  pixel_index_    1   25[COMRAM] unsigned char 
 Return value:  Size  Location     Type
		None               void
 Registers used:
		wreg, fsr2l, fsr2h, status,2, status,0, prodl, prodh, cstack
 Tracked objects:
		On entry : 
		On exit  : 
		Unchanged: 
 Data sizes:     COMRAM   BANK0   BANK1
      Params:         0       0       0
      Locals:         3       0       0
      Temps:         17       0       0
      Totals:        20       0       0
Total ram usage:       20 bytes
 Hardware stack levels used:    1
 Hardware stack levels required when called:    2
 This function calls:
		_Ignite_Detonators
		_Receive
		___awdiv
		i2_Check_Detonators
 This function is called by:
		Interrupt level 2
 This function uses a non-reentrant model


 *************** function i2_Check_Detonators *****************
 Defined at:
		line 25 in file "ignition.c"
 Parameters:    Size  Location     Type
		None
 Auto vars:     Size  Location     Type
		None
 Return value:  Size  Location     Type
		None               void
 Registers used:
		wreg, fsr2l, fsr2h, status,2, status,0, prodl, prodh, cstack
 Tracked objects:
		On entry : 
		On exit  : 
		Unchanged: 
 Data sizes:     COMRAM   BANK0   BANK1
      Params:         0       0       0
      Locals:         0       0       0
      Temps:          0       0       0
      Totals:         0       0       0
Total ram usage:        0 bytes
 Hardware stack levels used:    1
 Hardware stack levels required when called:    1
 This function calls:
		i2_Transmit
 This function is called by:
		_Isr
 This function uses a non-reentrant model


 *************** function ___awdiv *****************
 Defined at:
		line 8 in file "C:\Program Files (x86)\Microchip\xc8\v1.35\sources\common\awdiv.c"
 Parameters:    Size  Location     Type
  dividend        2    0[COMRAM] int 
  divisor         2    2[COMRAM] int 
 Auto vars:     Size  Location     Type
  quotient        2    6[COMRAM] int 
  sign            1    5[COMRAM] unsigned char 
  counter         1    4[COMRAM] unsigned char 
 Return value:  Size  Location     Type
                  2    0[COMRAM] int 
 Registers used:
		wreg, status,2, status,0
 Tracked objects:
		On entry : 
		On exit  : 
		Unchanged: 
 Data sizes:     COMRAM   BANK0   BANK1
      Params:         4       0       0
      Locals:         4       0       0
      Temps:          0       0       0
      Totals:         8       0       0
Total ram usage:        8 bytes
 Hardware stack levels used:    1
 This function calls:
		Nothing
 This function is called by:
		_Isr
 This function uses a non-reentrant model


 *************** function _Receive *****************
 Defined at:
		line 37 in file "communication.c"
 Parameters:    Size  Location     Type
		None
 Auto vars:     Size  Location     Type
		None
 Return value:  Size  Location     Type
                  1    wreg      unsigned char 
 Registers used:
		wreg, status,2
 Tracked objects:
		On entry : 
		On exit  : 
		Unchanged: 
 Data sizes:     COMRAM   BANK0   BANK1
      Params:         0       0       0
      Locals:         0       0       0
      Temps:          0       0       0
      Totals:         0       0       0
Total ram usage:        0 bytes
 Hardware stack levels used:    1
 This function calls:
		Nothing
 This function is called by:
		_Isr
 This function uses a non-reentrant model


 *************** function _Ignite_Detonators *****************
 Defined at:
		line 29 in file "ignition.c"
 Parameters:    Size  Location     Type
		None
 Auto vars:     Size  Location     Type
  counter         1    5[COMRAM] unsigned char 
 Return value:  Size  Location     Type
		None               void
 Registers used:
		wreg, fsr2l, fsr2h, status,2, status,0, prodl, prodh, cstack
 Tracked objects:
		On entry : 
		On exit  : 
		Unchanged: 
 Data sizes:     COMRAM   BANK0   BANK1
      Params:         0       0       0
      Locals:         1       0       0
      Temps:          2       0       0
      Totals:         3       0       0
Total ram usage:        3 bytes
 Hardware stack levels used:    1
 Hardware stack levels required when called:    1
 This function calls:
		i2_Transmit
 This function is called by:
		_Isr
 This function uses a non-reentrant model


 *************** function i2_Transmit *****************
 Defined at:
		line 15 in file "communication.c"
 Parameters:    Size  Location     Type
  receiver        1    wreg     unsigned char 
  operation       1    0[COMRAM] unsigned char 
  port            1    1[COMRAM] unsigned char 
 Auto vars:     Size  Location     Type
  receiver        1    2[COMRAM] unsigned char 
 Return value:  Size  Location     Type
		None               void
 Registers used:
		wreg, status,2
 Tracked objects:
		On entry : 
		On exit  : 
		Unchanged: 
 Data sizes:     COMRAM   BANK0   BANK1
      Params:         2       0       0
      Locals:         1       0       0
      Temps:          0       0       0
      Totals:         3       0       0
Total ram usage:        3 bytes
 Hardware stack levels used:    1
 This function calls:
		Nothing
 This function is called by:
		_Ignite_Detonators
		i2_Check_Detonators
 This function uses a non-reentrant model



MODULE INFORMATION

Module		Function		Class		Link	Load	Size
C:\Program Files (x86)\Microchip\xc8\v1.35\sources\common\awdiv.c
		___awdiv       		CODE           	0BC2	0000	133

C:\Program Files (x86)\Microchip\xc8\v1.35\sources\common\awdiv.c estimated size: 133

storage.c
		_Save_Data     		CODE           	0D70	0000	81
		_Read_Data     		CODE           	0E82	0000	65
		_Load_Data     		CODE           	0958	0000	253
		_Del_Data      		CODE           	0E02	0000	65

storage.c estimated size: 464

C:\Program Files (x86)\Microchip\xc8\v1.35\sources\common\lwmod.c
		___lwmod       		CODE           	0DC0	0000	67

C:\Program Files (x86)\Microchip\xc8\v1.35\sources\common\lwmod.c estimated size: 67

interrupt.c
		_Isr           		CODE           	0008	0000	493

interrupt.c estimated size: 493

shared
		i2_Check_Detonators		CODE           	0F36	0000	57
		__initialization		CODE           	0EC2	0000	47
		i2_Transmit    		CODE           	0FA4	0000	55

shared estimated size: 159

ignition.c
		_Ignite_Detonators		CODE           	0C46	0000	109
		_Start_Timer   		CODE           	109C	0000	29
		_Check_Detonators		CODE           	0EFE	0000	57

ignition.c estimated size: 195

display.c
		_Set_Display   		CODE           	0D18	0000	89
		_Evaluate_Display		CODE           	071C	0000	573
		_Evaluate_Signs		CODE           	0CB2	0000	103
		_Set_Bits      		CODE           	0A54	0000	187

display.c estimated size: 952

buttonchanges.c
		_Check_Buttons 		CODE           	0250	0000	1229

buttonchanges.c estimated size: 1229

init.c
		_InitInterrupt 		CODE           	1100	0000	13
		_InitPort      		CODE           	10DE	0000	19
		_InitTimer     		CODE           	0FDA	0000	49
		_InitTransmission		CODE           	1036	0000	37
		_InitTris      		CODE           	10CC	0000	19
		_InitMiscellaneous		CODE           	110C	0000	7
		_Init          		CODE           	107E	0000	31
		_InitAnsel     		CODE           	10B8	0000	21

init.c estimated size: 196

main.c
		_main          		CODE           	100A	0000	45
		_Delay_Routine 		CODE           	105A	0000	37

main.c estimated size: 82

communication.c
		_Receive       		CODE           	10F0	0000	17
		_Write_Display_Byte		CODE           	0E42	0000	65
		_Transmit      		CODE           	0F6E	0000	55

communication.c estimated size: 137

